[2.090s] Invoking command in '/home/rahul/Mir_robot/build/mir_driver': AMENT_PREFIX_PATH=/home/rahul/Mir_robot/install/twist_stamper:/home/rahul/Mir_robot/install/mir_msgs:/home/rahul/Mir_robot/install/mir_description:/home/rahul/Mir_robot/install/ira_laser_tools:${AMENT_PREFIX_PATH} CMAKE_PREFIX_PATH=/home/rahul/Mir_robot/install/mir_msgs:/home/rahul/Mir_robot/install/mir_description:/home/rahul/Mir_robot/install/ira_laser_tools LD_LIBRARY_PATH=/home/rahul/Mir_robot/install/mir_msgs/lib:${LD_LIBRARY_PATH} PYTHONPATH=/home/rahul/Mir_robot/build/mir_driver/prefix_override:/usr/lib/python3/dist-packages/colcon_core/task/python/colcon_distutils_commands:/home/rahul/Mir_robot/install/mir_driver/lib/python3.10/site-packages:/home/rahul/Mir_robot/build/twist_stamper:/home/rahul/Mir_robot/install/twist_stamper/lib/python3.10/site-packages:/home/rahul/Mir_robot/install/mir_msgs/local/lib/python3.10/dist-packages:${PYTHONPATH} /usr/bin/python3 -W ignore:setup.py install is deprecated -W ignore:easy_install command is deprecated setup.py develop --editable --build-directory /home/rahul/Mir_robot/build/mir_driver/build --no-deps symlink_data
[2.666s] running develop
[3.052s] running egg_info
[3.054s] creating mir_driver.egg-info
[3.054s] writing mir_driver.egg-info/PKG-INFO
[3.054s] writing dependency_links to mir_driver.egg-info/dependency_links.txt
[3.054s] writing entry points to mir_driver.egg-info/entry_points.txt
[3.054s] writing requirements to mir_driver.egg-info/requires.txt
[3.054s] writing top-level names to mir_driver.egg-info/top_level.txt
[3.055s] writing manifest file 'mir_driver.egg-info/SOURCES.txt'
[3.062s] reading manifest file 'mir_driver.egg-info/SOURCES.txt'
[3.063s] writing manifest file 'mir_driver.egg-info/SOURCES.txt'
[3.067s] running build_ext
[3.067s] Creating /home/rahul/Mir_robot/install/mir_driver/lib/python3.10/site-packages/mir-driver.egg-link (link to .)
[3.069s] Installing fake_mir_joint_publisher script to /home/rahul/Mir_robot/install/mir_driver/lib/mir_driver
[3.069s] Installing mir_bridge script to /home/rahul/Mir_robot/install/mir_driver/lib/mir_driver
[3.069s] Installing tf_remove_child_frames script to /home/rahul/Mir_robot/install/mir_driver/lib/mir_driver
[3.069s] Installing time_synchronizer script to /home/rahul/Mir_robot/install/mir_driver/lib/mir_driver
[3.070s] 
[3.070s] Installed /home/rahul/Mir_robot/build/mir_driver
[3.070s] running symlink_data
[3.070s] creating /home/rahul/Mir_robot/install/mir_driver/share/ament_index
[3.070s] creating /home/rahul/Mir_robot/install/mir_driver/share/ament_index/resource_index
[3.071s] creating /home/rahul/Mir_robot/install/mir_driver/share/ament_index/resource_index/packages
[3.071s] symbolically linking /home/rahul/Mir_robot/build/mir_driver/resource/mir_driver -> /home/rahul/Mir_robot/install/mir_driver/share/ament_index/resource_index/packages
[3.071s] symbolically linking /home/rahul/Mir_robot/build/mir_driver/package.xml -> /home/rahul/Mir_robot/install/mir_driver/share/mir_driver
[3.071s] creating /home/rahul/Mir_robot/install/mir_driver/share/mir_driver/launch
[3.071s] symbolically linking /home/rahul/Mir_robot/build/mir_driver/launch/additions_launch.py -> /home/rahul/Mir_robot/install/mir_driver/share/mir_driver/launch
[3.071s] symbolically linking /home/rahul/Mir_robot/build/mir_driver/launch/mir_headless_launch.py -> /home/rahul/Mir_robot/install/mir_driver/share/mir_driver/launch
[3.071s] symbolically linking /home/rahul/Mir_robot/build/mir_driver/launch/mir_launch.py -> /home/rahul/Mir_robot/install/mir_driver/share/mir_driver/launch
[3.120s] Invoked command in '/home/rahul/Mir_robot/build/mir_driver' returned '0': AMENT_PREFIX_PATH=/home/rahul/Mir_robot/install/twist_stamper:/home/rahul/Mir_robot/install/mir_msgs:/home/rahul/Mir_robot/install/mir_description:/home/rahul/Mir_robot/install/ira_laser_tools:${AMENT_PREFIX_PATH} CMAKE_PREFIX_PATH=/home/rahul/Mir_robot/install/mir_msgs:/home/rahul/Mir_robot/install/mir_description:/home/rahul/Mir_robot/install/ira_laser_tools LD_LIBRARY_PATH=/home/rahul/Mir_robot/install/mir_msgs/lib:${LD_LIBRARY_PATH} PYTHONPATH=/home/rahul/Mir_robot/build/mir_driver/prefix_override:/usr/lib/python3/dist-packages/colcon_core/task/python/colcon_distutils_commands:/home/rahul/Mir_robot/install/mir_driver/lib/python3.10/site-packages:/home/rahul/Mir_robot/build/twist_stamper:/home/rahul/Mir_robot/install/twist_stamper/lib/python3.10/site-packages:/home/rahul/Mir_robot/install/mir_msgs/local/lib/python3.10/dist-packages:${PYTHONPATH} /usr/bin/python3 -W ignore:setup.py install is deprecated -W ignore:easy_install command is deprecated setup.py develop --editable --build-directory /home/rahul/Mir_robot/build/mir_driver/build --no-deps symlink_data
