-- The C compiler identification is GNU 11.4.0
-- The CXX compiler identification is GNU 11.4.0
-- Detecting C compiler ABI info
-- Detecting C compiler ABI info - done
-- Check for working C compiler: /usr/bin/cc - skipped
-- Detecting C compile features
-- Detecting C compile features - done
-- Detecting CXX compiler ABI info
-- Detecting CXX compiler ABI info - done
-- Check for working CXX compiler: /usr/bin/c++ - skipped
-- Detecting CXX compile features
-- Detecting CXX compile features - done
-- Found ament_cmake: 1.3.14 (/opt/ros/humble/share/ament_cmake/cmake)
-- Found Python3: /usr/bin/python3 (found version "3.10.12") found components: Interpreter 
-- Override CMake install command with custom implementation using symlinks instead of copying resources
-- Found navigation2: 1.1.20 (/opt/ros/humble/share/navigation2/cmake)
-- Found slam_toolbox: 2.6.10 (/opt/ros/humble/share/slam_toolbox/cmake)
-- Found rosidl_generator_c: 3.1.9 (/opt/ros/humble/share/rosidl_generator_c/cmake)
-- Found rosidl_adapter: 3.1.9 (/opt/ros/humble/share/rosidl_adapter/cmake)
-- Found rosidl_generator_cpp: 3.1.9 (/opt/ros/humble/share/rosidl_generator_cpp/cmake)
-- Using all available rosidl_typesupport_c: rosidl_typesupport_fastrtps_c;rosidl_typesupport_introspection_c
-- Using all available rosidl_typesupport_cpp: rosidl_typesupport_fastrtps_cpp;rosidl_typesupport_introspection_cpp
-- Found rmw_implementation_cmake: 6.1.2 (/opt/ros/humble/share/rmw_implementation_cmake/cmake)
-- Found rmw_fastrtps_cpp: 6.2.10 (/opt/ros/humble/share/rmw_fastrtps_cpp/cmake)
-- Found OpenSSL: /usr/lib/x86_64-linux-gnu/libcrypto.so (found version "3.0.2")  
-- Found FastRTPS: /opt/ros/humble/include  
-- Using RMW implementation 'rmw_fastrtps_cpp' as default
-- Looking for pthread.h
-- Looking for pthread.h - found
-- Performing Test CMAKE_HAVE_LIBC_PTHREAD
-- Performing Test CMAKE_HAVE_LIBC_PTHREAD - Success
-- Found Threads: TRUE  
-- Found eigen3_cmake_module: 0.1.1 (/opt/ros/humble/share/eigen3_cmake_module/cmake)
-- Found Eigen3: TRUE (found version "3.4.0") 
-- Ensuring Eigen3 include directory is part of orocos-kdl CMake target
-- Setting assimp_DIR to: '/opt/ros/humble/share/rviz_assimp_vendor/cmake/../../../opt/rviz_assimp_vendor/lib/cmake/assimp-4.1'
-- Setting OGRE_DIR to: '/opt/ros/humble/share/rviz_ogre_vendor/cmake/../../../opt/rviz_ogre_vendor/lib/OGRE/cmake'
-- Found OGRE
--   static     : OFF
--   components : HLMS;MeshLodGenerator;Overlay;Paging;Property;RTShaderSystem;Terrain;Volume
--   plugins    : Plugin_BSPSceneManager;Plugin_OctreeSceneManager;Plugin_PCZSceneManager;Plugin_ParticleFX;RenderSystem_GL;RenderSystem_GL3Plus;Codec_STBI
--   media      : /opt/ros/humble/opt/rviz_ogre_vendor/share/OGRE/Media
-- OGRE_LIBRARIES: OgreHLMS;OgreMeshLodGenerator;OgreOverlay;OgrePaging;OgreProperty;OgreRTShaderSystem;OgreTerrain;OgreVolume;OgreMain
-- OGRE_LIBRARY_DIRS: /opt/ros/humble/opt/rviz_ogre_vendor/lib
-- OGRE_PLUGINS: Plugin_BSPSceneManager;Plugin_OctreeSceneManager;Plugin_PCZSceneManager;Plugin_ParticleFX;RenderSystem_GL;RenderSystem_GL3Plus;Codec_STBI
-- OGRE_PLUGIN_DIR: /opt/ros/humble/opt/rviz_ogre_vendor/lib/OGRE
-- rviz_ogre_vendor::OgreOverlay for IMPORTED_LOCATION_RELEASE: /opt/ros/humble/opt/rviz_ogre_vendor/lib/libOgreOverlay.so
-- rviz_ogre_vendor::OgreOverlay for IMPORTED_LOCATION_DEBUG: /opt/ros/humble/opt/rviz_ogre_vendor/lib/libOgreOverlay.so
-- rviz_ogre_vendor::OgreMain for IMPORTED_LOCATION_RELEASE: /opt/ros/humble/opt/rviz_ogre_vendor/lib/libOgreMain.so
-- rviz_ogre_vendor::OgreMain for IMPORTED_LOCATION_DEBUG: /opt/ros/humble/opt/rviz_ogre_vendor/lib/libOgreMain.so
-- Found ZLIB: /usr/lib/x86_64-linux-gnu/libz.so (found version "1.2.11") 
-- Found OpenGL: /usr/lib/x86_64-linux-gnu/libOpenGL.so   
-- Found X11: /usr/include   
-- Looking for XOpenDisplay in /usr/lib/x86_64-linux-gnu/libX11.so;/usr/lib/x86_64-linux-gnu/libXext.so
-- Looking for XOpenDisplay in /usr/lib/x86_64-linux-gnu/libX11.so;/usr/lib/x86_64-linux-gnu/libXext.so - found
-- Looking for gethostbyname
-- Looking for gethostbyname - found
-- Looking for connect
-- Looking for connect - found
-- Looking for remove
-- Looking for remove - found
-- Looking for shmat
-- Looking for shmat - found
-- Looking for IceConnectionNumber in ICE
-- Looking for IceConnectionNumber in ICE - found
-- library: /usr/lib/x86_64-linux-gnu/libcurl.so
-- Found ament_lint_auto: 0.12.15 (/opt/ros/humble/share/ament_lint_auto/cmake)
-- Added test 'copyright' to check source files copyright and LICENSE
-- Added test 'flake8' to check Python code syntax and style conventions
-- Added test 'lint_cmake' to check CMake code style
-- Added test 'pep257' to check Python code against some of the docstring style conventions in PEP 257
-- Added test 'xmllint' to check XML markup files
-- Configuring done
-- Generating done
-- Build files have been written to: /home/rahul/Mir_robot/build/mir_navigation
-- Install configuration: ""
-- Execute custom install script
-- Symlinking: /home/rahul/Mir_robot/install/mir_navigation/share/mir_navigation/config/mir_mapping_async.yaml
-- Symlinking: /home/rahul/Mir_robot/install/mir_navigation/share/mir_navigation/config/mir_mapping_async_namespaced.yaml
-- Symlinking: /home/rahul/Mir_robot/install/mir_navigation/share/mir_navigation/config/mir_mapping_async_sim.yaml
-- Symlinking: /home/rahul/Mir_robot/install/mir_navigation/share/mir_navigation/config/mir_mapping_async_sim_namespaced.yaml
-- Symlinking: /home/rahul/Mir_robot/install/mir_navigation/share/mir_navigation/config/mir_nav_params.yaml
-- Symlinking: /home/rahul/Mir_robot/install/mir_navigation/share/mir_navigation/config/mir_nav_params_namespaced.yaml
-- Symlinking: /home/rahul/Mir_robot/install/mir_navigation/share/mir_navigation/launch/include/amcl.py
-- Symlinking: /home/rahul/Mir_robot/install/mir_navigation/share/mir_navigation/launch/include/mapping.py
-- Symlinking: /home/rahul/Mir_robot/install/mir_navigation/share/mir_navigation/launch/include/navigation.py
-- Symlinking: /home/rahul/Mir_robot/install/mir_navigation/share/mir_navigation/launch/mir_mapping_launch.py
-- Symlinking: /home/rahul/Mir_robot/install/mir_navigation/share/mir_navigation/launch/mir_nav_launch.py
-- Symlinking: /home/rahul/Mir_robot/install/mir_navigation/share/mir_navigation/rviz/mir_mapping.rviz
-- Symlinking: /home/rahul/Mir_robot/install/mir_navigation/share/mir_navigation/rviz/mir_mapping_nav.rviz
-- Symlinking: /home/rahul/Mir_robot/install/mir_navigation/share/mir_navigation/rviz/mir_nav.rviz
-- Symlinking: /home/rahul/Mir_robot/install/mir_navigation/share/mir_navigation/rviz/mir_visu.rviz
-- Symlinking: /home/rahul/Mir_robot/install/mir_navigation/share/mir_navigation/maps/maze.data
-- Symlinking: /home/rahul/Mir_robot/install/mir_navigation/share/mir_navigation/maps/maze.pgm
-- Symlinking: /home/rahul/Mir_robot/install/mir_navigation/share/mir_navigation/maps/maze.posegraph
-- Symlinking: /home/rahul/Mir_robot/install/mir_navigation/share/mir_navigation/maps/maze.yaml
-- Symlinking: /home/rahul/Mir_robot/install/mir_navigation/share/mir_navigation/behavior_trees/navigate_to_pose_w_replanning_and_recovery.xml
-- Symlinking: /home/rahul/Mir_robot/install/mir_navigation/share/ament_index/resource_index/package_run_dependencies/mir_navigation
-- Symlinking: /home/rahul/Mir_robot/install/mir_navigation/share/ament_index/resource_index/parent_prefix_path/mir_navigation
-- Symlinking: /home/rahul/Mir_robot/install/mir_navigation/share/mir_navigation/environment/ament_prefix_path.sh
-- Symlinking: /home/rahul/Mir_robot/install/mir_navigation/share/mir_navigation/environment/ament_prefix_path.dsv
-- Symlinking: /home/rahul/Mir_robot/install/mir_navigation/share/mir_navigation/environment/path.sh
-- Symlinking: /home/rahul/Mir_robot/install/mir_navigation/share/mir_navigation/environment/path.dsv
-- Symlinking: /home/rahul/Mir_robot/install/mir_navigation/share/mir_navigation/local_setup.bash
-- Symlinking: /home/rahul/Mir_robot/install/mir_navigation/share/mir_navigation/local_setup.sh
-- Symlinking: /home/rahul/Mir_robot/install/mir_navigation/share/mir_navigation/local_setup.zsh
-- Symlinking: /home/rahul/Mir_robot/install/mir_navigation/share/mir_navigation/local_setup.dsv
-- Symlinking: /home/rahul/Mir_robot/install/mir_navigation/share/mir_navigation/package.dsv
-- Symlinking: /home/rahul/Mir_robot/install/mir_navigation/share/ament_index/resource_index/packages/mir_navigation
-- Symlinking: /home/rahul/Mir_robot/install/mir_navigation/share/mir_navigation/cmake/mir_navigationConfig.cmake
-- Symlinking: /home/rahul/Mir_robot/install/mir_navigation/share/mir_navigation/cmake/mir_navigationConfig-version.cmake
-- Symlinking: /home/rahul/Mir_robot/install/mir_navigation/share/mir_navigation/package.xml
