[0.025s] Invoking command in '/home/rahul/Mir_robot/build/mir_navigation': AMENT_PREFIX_PATH=/home/rahul/Mir_robot/install/mir_driver:/home/rahul/Mir_robot/install/twist_stamper:/home/rahul/Mir_robot/install/mir_msgs:/home/rahul/Mir_robot/install/mir_description:/home/rahul/Mir_robot/install/ira_laser_tools:${AMENT_PREFIX_PATH} CMAKE_PREFIX_PATH=/home/rahul/Mir_robot/install/mir_msgs:/home/rahul/Mir_robot/install/mir_description:/home/rahul/Mir_robot/install/ira_laser_tools:/opt/ros/humble LD_LIBRARY_PATH=/home/rahul/Mir_robot/install/mir_msgs/lib:${LD_LIBRARY_PATH} PYTHONPATH=/home/rahul/Mir_robot/build/mir_driver:/home/rahul/Mir_robot/install/mir_driver/lib/python3.10/site-packages:/home/rahul/Mir_robot/build/twist_stamper:/home/rahul/Mir_robot/install/twist_stamper/lib/python3.10/site-packages:/home/rahul/Mir_robot/install/mir_msgs/local/lib/python3.10/dist-packages:${PYTHONPATH} /usr/bin/cmake /home/rahul/Mir_robot/src/mir_robot/mir_robot/mir_navigation -DAMENT_CMAKE_SYMLINK_INSTALL=1 -DCMAKE_INSTALL_PREFIX=/home/rahul/Mir_robot/install/mir_navigation
[0.128s] -- The C compiler identification is GNU 11.4.0
[0.234s] -- The CXX compiler identification is GNU 11.4.0
[0.248s] -- Detecting C compiler ABI info
[0.349s] -- Detecting C compiler ABI info - done
[0.364s] -- Check for working C compiler: /usr/bin/cc - skipped
[0.365s] -- Detecting C compile features
[0.365s] -- Detecting C compile features - done
[0.372s] -- Detecting CXX compiler ABI info
[0.502s] -- Detecting CXX compiler ABI info - done
[0.512s] -- Check for working CXX compiler: /usr/bin/c++ - skipped
[0.512s] -- Detecting CXX compile features
[0.512s] -- Detecting CXX compile features - done
[0.516s] -- Found ament_cmake: 1.3.14 (/opt/ros/humble/share/ament_cmake/cmake)
[0.809s] -- Found Python3: /usr/bin/python3 (found version "3.10.12") found components: Interpreter 
[0.927s] -- Override CMake install command with custom implementation using symlinks instead of copying resources
[0.996s] -- Found navigation2: 1.1.20 (/opt/ros/humble/share/navigation2/cmake)
[1.000s] -- Found slam_toolbox: 2.6.10 (/opt/ros/humble/share/slam_toolbox/cmake)
[1.085s] -- Found rosidl_generator_c: 3.1.9 (/opt/ros/humble/share/rosidl_generator_c/cmake)
[1.096s] -- Found rosidl_adapter: 3.1.9 (/opt/ros/humble/share/rosidl_adapter/cmake)
[1.116s] -- Found rosidl_generator_cpp: 3.1.9 (/opt/ros/humble/share/rosidl_generator_cpp/cmake)
[1.141s] -- Using all available rosidl_typesupport_c: rosidl_typesupport_fastrtps_c;rosidl_typesupport_introspection_c
[1.177s] -- Using all available rosidl_typesupport_cpp: rosidl_typesupport_fastrtps_cpp;rosidl_typesupport_introspection_cpp
[1.535s] -- Found rmw_implementation_cmake: 6.1.2 (/opt/ros/humble/share/rmw_implementation_cmake/cmake)
[1.542s] -- Found rmw_fastrtps_cpp: 6.2.10 (/opt/ros/humble/share/rmw_fastrtps_cpp/cmake)
[1.729s] -- Found OpenSSL: /usr/lib/x86_64-linux-gnu/libcrypto.so (found version "3.0.2")  
[1.794s] -- Found FastRTPS: /opt/ros/humble/include  
[1.880s] -- Using RMW implementation 'rmw_fastrtps_cpp' as default
[1.898s] -- Looking for pthread.h
[2.018s] -- Looking for pthread.h - found
[2.019s] -- Performing Test CMAKE_HAVE_LIBC_PTHREAD
[2.154s] -- Performing Test CMAKE_HAVE_LIBC_PTHREAD - Success
[2.155s] -- Found Threads: TRUE  
[2.555s] -- Found eigen3_cmake_module: 0.1.1 (/opt/ros/humble/share/eigen3_cmake_module/cmake)
[2.557s] -- Found Eigen3: TRUE (found version "3.4.0") 
[2.557s] -- Ensuring Eigen3 include directory is part of orocos-kdl CMake target
[2.655s] -- Setting assimp_DIR to: '/opt/ros/humble/share/rviz_assimp_vendor/cmake/../../../opt/rviz_assimp_vendor/lib/cmake/assimp-4.1'
[2.673s] -- Setting OGRE_DIR to: '/opt/ros/humble/share/rviz_ogre_vendor/cmake/../../../opt/rviz_ogre_vendor/lib/OGRE/cmake'
[2.680s] -- Found OGRE
[2.680s] --   static     : OFF
[2.681s] --   components : HLMS;MeshLodGenerator;Overlay;Paging;Property;RTShaderSystem;Terrain;Volume
[2.681s] --   plugins    : Plugin_BSPSceneManager;Plugin_OctreeSceneManager;Plugin_PCZSceneManager;Plugin_ParticleFX;RenderSystem_GL;RenderSystem_GL3Plus;Codec_STBI
[2.681s] --   media      : /opt/ros/humble/opt/rviz_ogre_vendor/share/OGRE/Media
[2.681s] -- OGRE_LIBRARIES: OgreHLMS;OgreMeshLodGenerator;OgreOverlay;OgrePaging;OgreProperty;OgreRTShaderSystem;OgreTerrain;OgreVolume;OgreMain
[2.681s] -- OGRE_LIBRARY_DIRS: /opt/ros/humble/opt/rviz_ogre_vendor/lib
[2.681s] -- OGRE_PLUGINS: Plugin_BSPSceneManager;Plugin_OctreeSceneManager;Plugin_PCZSceneManager;Plugin_ParticleFX;RenderSystem_GL;RenderSystem_GL3Plus;Codec_STBI
[2.681s] -- OGRE_PLUGIN_DIR: /opt/ros/humble/opt/rviz_ogre_vendor/lib/OGRE
[2.682s] -- rviz_ogre_vendor::OgreOverlay for IMPORTED_LOCATION_RELEASE: /opt/ros/humble/opt/rviz_ogre_vendor/lib/libOgreOverlay.so
[2.682s] -- rviz_ogre_vendor::OgreOverlay for IMPORTED_LOCATION_DEBUG: /opt/ros/humble/opt/rviz_ogre_vendor/lib/libOgreOverlay.so
[2.682s] -- rviz_ogre_vendor::OgreMain for IMPORTED_LOCATION_RELEASE: /opt/ros/humble/opt/rviz_ogre_vendor/lib/libOgreMain.so
[2.682s] -- rviz_ogre_vendor::OgreMain for IMPORTED_LOCATION_DEBUG: /opt/ros/humble/opt/rviz_ogre_vendor/lib/libOgreMain.so
[2.725s] -- Found ZLIB: /usr/lib/x86_64-linux-gnu/libz.so (found version "1.2.11") 
[2.738s] -- Found OpenGL: /usr/lib/x86_64-linux-gnu/libOpenGL.so   
[2.933s] -- Found X11: /usr/include   
[2.934s] -- Looking for XOpenDisplay in /usr/lib/x86_64-linux-gnu/libX11.so;/usr/lib/x86_64-linux-gnu/libXext.so
[3.061s] -- Looking for XOpenDisplay in /usr/lib/x86_64-linux-gnu/libX11.so;/usr/lib/x86_64-linux-gnu/libXext.so - found
[3.061s] -- Looking for gethostbyname
[3.156s] -- Looking for gethostbyname - found
[3.156s] -- Looking for connect
[3.255s] -- Looking for connect - found
[3.255s] -- Looking for remove
[3.353s] -- Looking for remove - found
[3.353s] -- Looking for shmat
[3.444s] -- Looking for shmat - found
[3.445s] -- Looking for IceConnectionNumber in ICE
[3.535s] -- Looking for IceConnectionNumber in ICE - found
[3.649s] -- library: /usr/lib/x86_64-linux-gnu/libcurl.so
[3.810s] -- Found ament_lint_auto: 0.12.15 (/opt/ros/humble/share/ament_lint_auto/cmake)
[3.957s] -- Added test 'copyright' to check source files copyright and LICENSE
[3.965s] -- Added test 'flake8' to check Python code syntax and style conventions
[3.967s] -- Added test 'lint_cmake' to check CMake code style
[3.968s] -- Added test 'pep257' to check Python code against some of the docstring style conventions in PEP 257
[3.971s] -- Added test 'xmllint' to check XML markup files
[3.974s] -- Configuring done
[3.984s] -- Generating done
[3.990s] -- Build files have been written to: /home/rahul/Mir_robot/build/mir_navigation
[4.012s] Invoked command in '/home/rahul/Mir_robot/build/mir_navigation' returned '0': AMENT_PREFIX_PATH=/home/rahul/Mir_robot/install/mir_driver:/home/rahul/Mir_robot/install/twist_stamper:/home/rahul/Mir_robot/install/mir_msgs:/home/rahul/Mir_robot/install/mir_description:/home/rahul/Mir_robot/install/ira_laser_tools:${AMENT_PREFIX_PATH} CMAKE_PREFIX_PATH=/home/rahul/Mir_robot/install/mir_msgs:/home/rahul/Mir_robot/install/mir_description:/home/rahul/Mir_robot/install/ira_laser_tools:/opt/ros/humble LD_LIBRARY_PATH=/home/rahul/Mir_robot/install/mir_msgs/lib:${LD_LIBRARY_PATH} PYTHONPATH=/home/rahul/Mir_robot/build/mir_driver:/home/rahul/Mir_robot/install/mir_driver/lib/python3.10/site-packages:/home/rahul/Mir_robot/build/twist_stamper:/home/rahul/Mir_robot/install/twist_stamper/lib/python3.10/site-packages:/home/rahul/Mir_robot/install/mir_msgs/local/lib/python3.10/dist-packages:${PYTHONPATH} /usr/bin/cmake /home/rahul/Mir_robot/src/mir_robot/mir_robot/mir_navigation -DAMENT_CMAKE_SYMLINK_INSTALL=1 -DCMAKE_INSTALL_PREFIX=/home/rahul/Mir_robot/install/mir_navigation
[4.014s] Invoking command in '/home/rahul/Mir_robot/build/mir_navigation': AMENT_PREFIX_PATH=/home/rahul/Mir_robot/install/mir_driver:/home/rahul/Mir_robot/install/twist_stamper:/home/rahul/Mir_robot/install/mir_msgs:/home/rahul/Mir_robot/install/mir_description:/home/rahul/Mir_robot/install/ira_laser_tools:${AMENT_PREFIX_PATH} CMAKE_PREFIX_PATH=/home/rahul/Mir_robot/install/mir_msgs:/home/rahul/Mir_robot/install/mir_description:/home/rahul/Mir_robot/install/ira_laser_tools:/opt/ros/humble LD_LIBRARY_PATH=/home/rahul/Mir_robot/install/mir_msgs/lib:${LD_LIBRARY_PATH} PYTHONPATH=/home/rahul/Mir_robot/build/mir_driver:/home/rahul/Mir_robot/install/mir_driver/lib/python3.10/site-packages:/home/rahul/Mir_robot/build/twist_stamper:/home/rahul/Mir_robot/install/twist_stamper/lib/python3.10/site-packages:/home/rahul/Mir_robot/install/mir_msgs/local/lib/python3.10/dist-packages:${PYTHONPATH} /usr/bin/cmake --build /home/rahul/Mir_robot/build/mir_navigation -- -j4 -l4
[4.070s] Invoked command in '/home/rahul/Mir_robot/build/mir_navigation' returned '0': AMENT_PREFIX_PATH=/home/rahul/Mir_robot/install/mir_driver:/home/rahul/Mir_robot/install/twist_stamper:/home/rahul/Mir_robot/install/mir_msgs:/home/rahul/Mir_robot/install/mir_description:/home/rahul/Mir_robot/install/ira_laser_tools:${AMENT_PREFIX_PATH} CMAKE_PREFIX_PATH=/home/rahul/Mir_robot/install/mir_msgs:/home/rahul/Mir_robot/install/mir_description:/home/rahul/Mir_robot/install/ira_laser_tools:/opt/ros/humble LD_LIBRARY_PATH=/home/rahul/Mir_robot/install/mir_msgs/lib:${LD_LIBRARY_PATH} PYTHONPATH=/home/rahul/Mir_robot/build/mir_driver:/home/rahul/Mir_robot/install/mir_driver/lib/python3.10/site-packages:/home/rahul/Mir_robot/build/twist_stamper:/home/rahul/Mir_robot/install/twist_stamper/lib/python3.10/site-packages:/home/rahul/Mir_robot/install/mir_msgs/local/lib/python3.10/dist-packages:${PYTHONPATH} /usr/bin/cmake --build /home/rahul/Mir_robot/build/mir_navigation -- -j4 -l4
[4.072s] Invoking command in '/home/rahul/Mir_robot/build/mir_navigation': AMENT_PREFIX_PATH=/home/rahul/Mir_robot/install/mir_driver:/home/rahul/Mir_robot/install/twist_stamper:/home/rahul/Mir_robot/install/mir_msgs:/home/rahul/Mir_robot/install/mir_description:/home/rahul/Mir_robot/install/ira_laser_tools:${AMENT_PREFIX_PATH} CMAKE_PREFIX_PATH=/home/rahul/Mir_robot/install/mir_msgs:/home/rahul/Mir_robot/install/mir_description:/home/rahul/Mir_robot/install/ira_laser_tools:/opt/ros/humble LD_LIBRARY_PATH=/home/rahul/Mir_robot/install/mir_msgs/lib:${LD_LIBRARY_PATH} PYTHONPATH=/home/rahul/Mir_robot/build/mir_driver:/home/rahul/Mir_robot/install/mir_driver/lib/python3.10/site-packages:/home/rahul/Mir_robot/build/twist_stamper:/home/rahul/Mir_robot/install/twist_stamper/lib/python3.10/site-packages:/home/rahul/Mir_robot/install/mir_msgs/local/lib/python3.10/dist-packages:${PYTHONPATH} /usr/bin/cmake --install /home/rahul/Mir_robot/build/mir_navigation
[4.083s] -- Install configuration: ""
[4.083s] -- Execute custom install script
[4.084s] -- Symlinking: /home/rahul/Mir_robot/install/mir_navigation/share/mir_navigation/config/mir_mapping_async.yaml
[4.096s] -- Symlinking: /home/rahul/Mir_robot/install/mir_navigation/share/mir_navigation/config/mir_mapping_async_namespaced.yaml
[4.107s] -- Symlinking: /home/rahul/Mir_robot/install/mir_navigation/share/mir_navigation/config/mir_mapping_async_sim.yaml
[4.119s] -- Symlinking: /home/rahul/Mir_robot/install/mir_navigation/share/mir_navigation/config/mir_mapping_async_sim_namespaced.yaml
[4.130s] -- Symlinking: /home/rahul/Mir_robot/install/mir_navigation/share/mir_navigation/config/mir_nav_params.yaml
[4.141s] -- Symlinking: /home/rahul/Mir_robot/install/mir_navigation/share/mir_navigation/config/mir_nav_params_namespaced.yaml
[4.153s] -- Symlinking: /home/rahul/Mir_robot/install/mir_navigation/share/mir_navigation/launch/include/amcl.py
[4.164s] -- Symlinking: /home/rahul/Mir_robot/install/mir_navigation/share/mir_navigation/launch/include/mapping.py
[4.175s] -- Symlinking: /home/rahul/Mir_robot/install/mir_navigation/share/mir_navigation/launch/include/navigation.py
[4.188s] -- Symlinking: /home/rahul/Mir_robot/install/mir_navigation/share/mir_navigation/launch/mir_mapping_launch.py
[4.203s] -- Symlinking: /home/rahul/Mir_robot/install/mir_navigation/share/mir_navigation/launch/mir_nav_launch.py
[4.215s] -- Symlinking: /home/rahul/Mir_robot/install/mir_navigation/share/mir_navigation/rviz/mir_mapping.rviz
[4.226s] -- Symlinking: /home/rahul/Mir_robot/install/mir_navigation/share/mir_navigation/rviz/mir_mapping_nav.rviz
[4.237s] -- Symlinking: /home/rahul/Mir_robot/install/mir_navigation/share/mir_navigation/rviz/mir_nav.rviz
[4.249s] -- Symlinking: /home/rahul/Mir_robot/install/mir_navigation/share/mir_navigation/rviz/mir_visu.rviz
[4.261s] -- Symlinking: /home/rahul/Mir_robot/install/mir_navigation/share/mir_navigation/maps/maze.data
[4.272s] -- Symlinking: /home/rahul/Mir_robot/install/mir_navigation/share/mir_navigation/maps/maze.pgm
[4.285s] -- Symlinking: /home/rahul/Mir_robot/install/mir_navigation/share/mir_navigation/maps/maze.posegraph
[4.297s] -- Symlinking: /home/rahul/Mir_robot/install/mir_navigation/share/mir_navigation/maps/maze.yaml
[4.310s] -- Symlinking: /home/rahul/Mir_robot/install/mir_navigation/share/mir_navigation/behavior_trees/navigate_to_pose_w_replanning_and_recovery.xml
[4.323s] -- Symlinking: /home/rahul/Mir_robot/install/mir_navigation/share/ament_index/resource_index/package_run_dependencies/mir_navigation
[4.334s] -- Symlinking: /home/rahul/Mir_robot/install/mir_navigation/share/ament_index/resource_index/parent_prefix_path/mir_navigation
[4.346s] -- Symlinking: /home/rahul/Mir_robot/install/mir_navigation/share/mir_navigation/environment/ament_prefix_path.sh
[4.357s] -- Symlinking: /home/rahul/Mir_robot/install/mir_navigation/share/mir_navigation/environment/ament_prefix_path.dsv
[4.369s] -- Symlinking: /home/rahul/Mir_robot/install/mir_navigation/share/mir_navigation/environment/path.sh
[4.382s] -- Symlinking: /home/rahul/Mir_robot/install/mir_navigation/share/mir_navigation/environment/path.dsv
[4.393s] -- Symlinking: /home/rahul/Mir_robot/install/mir_navigation/share/mir_navigation/local_setup.bash
[4.404s] -- Symlinking: /home/rahul/Mir_robot/install/mir_navigation/share/mir_navigation/local_setup.sh
[4.416s] -- Symlinking: /home/rahul/Mir_robot/install/mir_navigation/share/mir_navigation/local_setup.zsh
[4.428s] -- Symlinking: /home/rahul/Mir_robot/install/mir_navigation/share/mir_navigation/local_setup.dsv
[4.440s] -- Symlinking: /home/rahul/Mir_robot/install/mir_navigation/share/mir_navigation/package.dsv
[4.451s] -- Symlinking: /home/rahul/Mir_robot/install/mir_navigation/share/ament_index/resource_index/packages/mir_navigation
[4.463s] -- Symlinking: /home/rahul/Mir_robot/install/mir_navigation/share/mir_navigation/cmake/mir_navigationConfig.cmake
[4.475s] -- Symlinking: /home/rahul/Mir_robot/install/mir_navigation/share/mir_navigation/cmake/mir_navigationConfig-version.cmake
[4.487s] -- Symlinking: /home/rahul/Mir_robot/install/mir_navigation/share/mir_navigation/package.xml
[4.502s] Invoked command in '/home/rahul/Mir_robot/build/mir_navigation' returned '0': AMENT_PREFIX_PATH=/home/rahul/Mir_robot/install/mir_driver:/home/rahul/Mir_robot/install/twist_stamper:/home/rahul/Mir_robot/install/mir_msgs:/home/rahul/Mir_robot/install/mir_description:/home/rahul/Mir_robot/install/ira_laser_tools:${AMENT_PREFIX_PATH} CMAKE_PREFIX_PATH=/home/rahul/Mir_robot/install/mir_msgs:/home/rahul/Mir_robot/install/mir_description:/home/rahul/Mir_robot/install/ira_laser_tools:/opt/ros/humble LD_LIBRARY_PATH=/home/rahul/Mir_robot/install/mir_msgs/lib:${LD_LIBRARY_PATH} PYTHONPATH=/home/rahul/Mir_robot/build/mir_driver:/home/rahul/Mir_robot/install/mir_driver/lib/python3.10/site-packages:/home/rahul/Mir_robot/build/twist_stamper:/home/rahul/Mir_robot/install/twist_stamper/lib/python3.10/site-packages:/home/rahul/Mir_robot/install/mir_msgs/local/lib/python3.10/dist-packages:${PYTHONPATH} /usr/bin/cmake --install /home/rahul/Mir_robot/build/mir_navigation
