[0.015s] Invoking command in '/home/rahul/Mir_robot/build/mir_gazebo': AMENT_PREFIX_PATH=/home/rahul/Mir_robot/install/mir_description:/home/rahul/Mir_robot/install/ira_laser_tools:${AMENT_PREFIX_PATH} CMAKE_PREFIX_PATH=/home/rahul/Mir_robot/install/mir_description:/home/rahul/Mir_robot/install/ira_laser_tools:/opt/ros/humble /usr/bin/cmake /home/rahul/Mir_robot/src/mir_robot/mir_robot/mir_gazebo -DAMENT_CMAKE_SYMLINK_INSTALL=1 -DCMAKE_INSTALL_PREFIX=/home/rahul/Mir_robot/install/mir_gazebo
[0.165s] -- The C compiler identification is GNU 11.4.0
[0.260s] -- The CXX compiler identification is GNU 11.4.0
[0.274s] -- Detecting C compiler ABI info
[0.387s] -- Detecting C compiler ABI info - done
[0.398s] -- Check for working C compiler: /usr/bin/cc - skipped
[0.399s] -- Detecting C compile features
[0.400s] -- Detecting C compile features - done
[0.407s] -- Detecting CXX compiler ABI info
[0.514s] -- Detecting CXX compiler ABI info - done
[0.524s] -- Check for working CXX compiler: /usr/bin/c++ - skipped
[0.525s] -- Detecting CXX compile features
[0.525s] -- Detecting CXX compile features - done
[0.540s] -- Found ament_cmake: 1.3.14 (/opt/ros/humble/share/ament_cmake/cmake)
[0.752s] -- Found Python3: /usr/bin/python3 (found version "3.10.12") found components: Interpreter 
[0.865s] -- Override CMake install command with custom implementation using symlinks instead of copying resources
[0.948s] -- Found mir_description: 1.1.3 (/home/rahul/Mir_robot/install/mir_description/share/mir_description/cmake)
[0.953s] -- Found gazebo_ros: 3.9.0 (/opt/ros/humble/share/gazebo_ros/cmake)
[1.100s] -- Found rosidl_generator_c: 3.1.9 (/opt/ros/humble/share/rosidl_generator_c/cmake)
[1.115s] -- Found rosidl_adapter: 3.1.9 (/opt/ros/humble/share/rosidl_adapter/cmake)
[1.140s] -- Found rosidl_generator_cpp: 3.1.9 (/opt/ros/humble/share/rosidl_generator_cpp/cmake)
[1.179s] -- Using all available rosidl_typesupport_c: rosidl_typesupport_fastrtps_c;rosidl_typesupport_introspection_c
[1.220s] -- Using all available rosidl_typesupport_cpp: rosidl_typesupport_fastrtps_cpp;rosidl_typesupport_introspection_cpp
[1.327s] -- Found rmw_implementation_cmake: 6.1.2 (/opt/ros/humble/share/rmw_implementation_cmake/cmake)
[1.335s] -- Found rmw_fastrtps_cpp: 6.2.10 (/opt/ros/humble/share/rmw_fastrtps_cpp/cmake)
[1.511s] -- Found OpenSSL: /usr/lib/x86_64-linux-gnu/libcrypto.so (found version "3.0.2")  
[1.566s] -- Found FastRTPS: /opt/ros/humble/include  
[1.646s] -- Using RMW implementation 'rmw_fastrtps_cpp' as default
[1.669s] -- Looking for pthread.h
[1.814s] -- Looking for pthread.h - found
[1.814s] -- Performing Test CMAKE_HAVE_LIBC_PTHREAD
[1.955s] -- Performing Test CMAKE_HAVE_LIBC_PTHREAD - Success
[1.959s] -- Found Threads: TRUE  
[2.119s] -- Found PkgConfig: /usr/bin/pkg-config (found version "0.29.2") 
[2.122s] -- Checking for module 'bullet>=2.82'
[2.145s] --   Found bullet, version 3.05
[2.312s] -- Found fcl: /usr/include (found suitable version "0.7.0", minimum required is "0.5.0") 
[2.389s] -- Found assimp: /usr/include (found version "5.2.0") 
[2.434s] -- Found DART: /usr/include (Required is at least version "6.6") found components: dart 
[2.505s] -- Found Boost: /usr/lib/x86_64-linux-gnu/cmake/Boost-1.74.0/BoostConfig.cmake (found suitable version "1.74.0", minimum required is "1.40.0") found components: thread system filesystem program_options regex iostreams date_time 
[2.548s] -- Found Protobuf: /usr/lib/x86_64-linux-gnu/libprotobuf.so (found version "3.12.4") 
[2.563s] -- Looking for ignition-math6 -- found version 6.16.0
[2.583s] -- Searching for dependencies of ignition-math6
[2.587s] -- Looking for OGRE...
[2.588s] -- OGRE_PREFIX_WATCH changed.
[2.598s] -- Checking for module 'OGRE'
[2.626s] --   Found OGRE, version 1.9.0
[2.695s] -- Found Ogre Ghadamon (1.9.0)
[2.717s] -- Found OGRE: optimized;/usr/lib/x86_64-linux-gnu/libOgreMain.so;debug;/usr/lib/x86_64-linux-gnu/libOgreMain.so
[2.736s] -- Looking for OGRE_Paging...
[2.752s] -- Found OGRE_Paging: optimized;/usr/lib/x86_64-linux-gnu/libOgrePaging.so;debug;/usr/lib/x86_64-linux-gnu/libOgrePaging.so
[2.753s] -- Looking for OGRE_Terrain...
[2.770s] -- Found OGRE_Terrain: optimized;/usr/lib/x86_64-linux-gnu/libOgreTerrain.so;debug;/usr/lib/x86_64-linux-gnu/libOgreTerrain.so
[2.770s] -- Looking for OGRE_Property...
[2.787s] -- Found OGRE_Property: optimized;/usr/lib/x86_64-linux-gnu/libOgreProperty.so;debug;/usr/lib/x86_64-linux-gnu/libOgreProperty.so
[2.787s] -- Looking for OGRE_RTShaderSystem...
[2.805s] -- Found OGRE_RTShaderSystem: optimized;/usr/lib/x86_64-linux-gnu/libOgreRTShaderSystem.so;debug;/usr/lib/x86_64-linux-gnu/libOgreRTShaderSystem.so
[2.805s] -- Looking for OGRE_Volume...
[2.822s] -- Found OGRE_Volume: optimized;/usr/lib/x86_64-linux-gnu/libOgreVolume.so;debug;/usr/lib/x86_64-linux-gnu/libOgreVolume.so
[2.822s] -- Looking for OGRE_Overlay...
[2.840s] -- Found OGRE_Overlay: optimized;/usr/lib/x86_64-linux-gnu/libOgreOverlay.so;debug;/usr/lib/x86_64-linux-gnu/libOgreOverlay.so
[3.166s] -- Looking for ignition-math6 -- found version 6.16.0
[3.172s] -- Looking for ignition-transport8 -- found version 8.2.1
[3.173s] -- Searching for dependencies of ignition-transport8
[3.210s] -- Found Protobuf: /usr/lib/x86_64-linux-gnu/libprotobuf.so (found suitable version "3.12.4", minimum required is "3") 
[3.229s] -- Config-file not installed for ZeroMQ -- checking for pkg-config
[3.241s] -- Checking for module 'libzmq >= 4'
[3.267s] --   Found libzmq , version 4.3.4
[3.324s] -- Found ZeroMQ: TRUE (Required is at least version "4") 
[3.335s] -- Checking for module 'uuid'
[3.354s] --   Found uuid, version 2.37.2
[3.412s] -- Found UUID: TRUE  
[3.420s] -- Looking for ignition-msgs5 -- found version 5.8.1
[3.420s] -- Searching for dependencies of ignition-msgs5
[3.458s] -- Looking for ignition-math6 -- found version 6.16.0
[3.469s] -- Checking for module 'tinyxml2'
[3.494s] --   Found tinyxml2, version 9.0.0
[3.555s] -- Looking for ignition-msgs5 -- found version 5.8.1
[3.561s] -- Looking for ignition-common3 -- found version 3.14.0
[3.561s] -- Searching for dependencies of ignition-common3
[3.561s] -- Looking for dlfcn.h - found
[3.562s] -- Looking for libdl - found
[3.564s] -- Found DL: TRUE  
[3.581s] -- Found tinyobjloader: /usr/lib/x86_64-linux-gnu/cmake/tinyobjloader/tinyobjloader-config.cmake (found version "2.0.0") 
[3.582s] -- Searching for <ignition-common3> component [graphics]
[3.588s] -- Looking for ignition-common3-graphics -- found version 3.14.0
[3.589s] -- Searching for dependencies of ignition-common3-graphics
[3.589s] -- Looking for ignition-math6 -- found version 6.16.0
[3.597s] -- Looking for ignition-fuel_tools4 -- found version 4.4.0
[3.598s] -- Searching for dependencies of ignition-fuel_tools4
[3.734s] -- Found CURL: /usr/lib/x86_64-linux-gnu/libcurl.so (found version "7.81.0")  
[3.750s] -- Checking for module 'jsoncpp'
[3.778s] --   Found jsoncpp, version 1.9.5
[3.838s] -- Found JSONCPP: TRUE  
[3.848s] -- Checking for module 'libzip'
[3.867s] --   Found libzip, version 1.7.3
[3.938s] -- Found ZIP: TRUE  
[3.939s] -- Looking for ignition-common3 -- found version 3.14.0
[3.940s] -- Looking for ignition-math6 -- found version 6.16.0
[3.941s] -- Looking for ignition-msgs5 -- found version 5.8.1
[3.951s] -- Gazebo version: 11.10
[3.951s] -- Checking for module 'tbb'
[3.976s] --   Found tbb, version 2021.5.0
[4.049s] -- Found gazebo_ros_pkgs: 3.9.0 (/opt/ros/humble/share/gazebo_ros_pkgs/cmake)
[4.050s] -- Found ira_laser_tools: 1.0.4 (/home/rahul/Mir_robot/install/ira_laser_tools/share/ira_laser_tools/cmake)
[4.443s] -- Checking for module 'eigen3'
[4.465s] --   Found eigen3, version 3.4.0
[4.527s] -- Found Eigen: /usr/include/eigen3 (Required is at least version "3.1") 
[4.527s] -- Eigen found (include: /usr/include/eigen3, version: 3.4.0)
[4.566s] -- Checking for module 'flann'
[4.588s] --   Found flann, version 1.9.1
[4.659s] -- Found FLANN: /usr/lib/x86_64-linux-gnu/libflann_cpp.so  
[4.659s] -- FLANN found (include: /usr/include, lib: /usr/lib/x86_64-linux-gnu/libflann_cpp.so)
[6.364s] -- Checking for module 'libusb-1.0'
[6.387s] --   Found libusb-1.0, version 1.0.25
[6.443s] -- Found libusb: /usr/lib/x86_64-linux-gnu/libusb-1.0.so  
[6.445s] -- OpenNI found (version: 1.5.4.0, include: /usr/include/ni, lib: /usr/lib/libOpenNI.so;libusb::libusb)
[6.535s] -- OpenNI2 found (version: 2.2.0.33, include: /usr/include/openni2, lib: /usr/lib/x86_64-linux-gnu/libOpenNI2.so;libusb::libusb)
[6.745s] -- Eigen found (include: /usr/include/eigen3, version: 3.4.0)
[6.754s] -- OpenNI found (version: 1.5.4.0, include: /usr/include/ni, lib: /usr/lib/libOpenNI.so;libusb::libusb)
[6.763s] -- OpenNI2 found (version: 2.2.0.33, include: /usr/include/openni2, lib: /usr/lib/x86_64-linux-gnu/libOpenNI2.so;libusb::libusb)
[6.962s] -- Found Qhull version 8.0.2
[7.190s] -- OpenNI found (version: 1.5.4.0, include: /usr/include/ni, lib: /usr/lib/libOpenNI.so;libusb::libusb)
[7.398s] -- Found PCL_COMMON: /usr/lib/x86_64-linux-gnu/libpcl_common.so  
[7.399s] -- Found PCL_KDTREE: /usr/lib/x86_64-linux-gnu/libpcl_kdtree.so  
[7.401s] -- Found PCL_OCTREE: /usr/lib/x86_64-linux-gnu/libpcl_octree.so  
[7.402s] -- Found PCL_SEARCH: /usr/lib/x86_64-linux-gnu/libpcl_search.so  
[7.404s] -- Found PCL_SAMPLE_CONSENSUS: /usr/lib/x86_64-linux-gnu/libpcl_sample_consensus.so  
[7.405s] -- Found PCL_FILTERS: /usr/lib/x86_64-linux-gnu/libpcl_filters.so  
[7.406s] -- Found PCL_2D: /usr/include/pcl-1.12  
[7.407s] -- Found PCL_GEOMETRY: /usr/include/pcl-1.12  
[7.409s] -- Found PCL_IO: /usr/lib/x86_64-linux-gnu/libpcl_io.so  
[7.410s] -- Found PCL_FEATURES: /usr/lib/x86_64-linux-gnu/libpcl_features.so  
[7.413s] -- Found PCL_ML: /usr/lib/x86_64-linux-gnu/libpcl_ml.so  
[7.414s] -- Found PCL_SEGMENTATION: /usr/lib/x86_64-linux-gnu/libpcl_segmentation.so  
[7.417s] -- Found PCL_VISUALIZATION: /usr/lib/x86_64-linux-gnu/libpcl_visualization.so  
[7.419s] -- Found PCL_SURFACE: /usr/lib/x86_64-linux-gnu/libpcl_surface.so  
[7.421s] -- Found PCL_REGISTRATION: /usr/lib/x86_64-linux-gnu/libpcl_registration.so  
[7.423s] -- Found PCL_KEYPOINTS: /usr/lib/x86_64-linux-gnu/libpcl_keypoints.so  
[7.424s] -- Found PCL_TRACKING: /usr/lib/x86_64-linux-gnu/libpcl_tracking.so  
[7.426s] -- Found PCL_RECOGNITION: /usr/lib/x86_64-linux-gnu/libpcl_recognition.so  
[7.428s] -- Found PCL_STEREO: /usr/lib/x86_64-linux-gnu/libpcl_stereo.so  
[7.429s] -- Found PCL_APPS: /usr/lib/x86_64-linux-gnu/libpcl_apps.so  
[7.430s] -- Found PCL_IN_HAND_SCANNER: /usr/include/pcl-1.12  
[7.431s] -- Found PCL_MODELER: /usr/include/pcl-1.12  
[7.432s] -- Found PCL_POINT_CLOUD_EDITOR: /usr/include/pcl-1.12  
[7.433s] -- Found PCL_OUTOFCORE: /usr/lib/x86_64-linux-gnu/libpcl_outofcore.so  
[7.435s] -- Found PCL_PEOPLE: /usr/lib/x86_64-linux-gnu/libpcl_people.so  
[7.472s] -- Found Eigen3: TRUE (found version "3.4.0") 
[7.472s] -- Ensuring Eigen3 include directory is part of orocos-kdl CMake target
[7.481s] -- Found ament_lint_auto: 0.12.15 (/opt/ros/humble/share/ament_lint_auto/cmake)
[7.597s] -- Added test 'copyright' to check source files copyright and LICENSE
[7.610s] -- Added test 'flake8' to check Python code syntax and style conventions
[7.613s] -- Added test 'lint_cmake' to check CMake code style
[7.614s] -- Added test 'pep257' to check Python code against some of the docstring style conventions in PEP 257
[7.620s] -- Added test 'xmllint' to check XML markup files
[7.622s] -- Configuring done
[7.640s] -- Generating done
[7.648s] -- Build files have been written to: /home/rahul/Mir_robot/build/mir_gazebo
[7.676s] Invoked command in '/home/rahul/Mir_robot/build/mir_gazebo' returned '0': AMENT_PREFIX_PATH=/home/rahul/Mir_robot/install/mir_description:/home/rahul/Mir_robot/install/ira_laser_tools:${AMENT_PREFIX_PATH} CMAKE_PREFIX_PATH=/home/rahul/Mir_robot/install/mir_description:/home/rahul/Mir_robot/install/ira_laser_tools:/opt/ros/humble /usr/bin/cmake /home/rahul/Mir_robot/src/mir_robot/mir_robot/mir_gazebo -DAMENT_CMAKE_SYMLINK_INSTALL=1 -DCMAKE_INSTALL_PREFIX=/home/rahul/Mir_robot/install/mir_gazebo
[7.678s] Invoking command in '/home/rahul/Mir_robot/build/mir_gazebo': AMENT_PREFIX_PATH=/home/rahul/Mir_robot/install/mir_description:/home/rahul/Mir_robot/install/ira_laser_tools:${AMENT_PREFIX_PATH} CMAKE_PREFIX_PATH=/home/rahul/Mir_robot/install/mir_description:/home/rahul/Mir_robot/install/ira_laser_tools:/opt/ros/humble /usr/bin/cmake --build /home/rahul/Mir_robot/build/mir_gazebo -- -j4 -l4
[7.740s] Invoked command in '/home/rahul/Mir_robot/build/mir_gazebo' returned '0': AMENT_PREFIX_PATH=/home/rahul/Mir_robot/install/mir_description:/home/rahul/Mir_robot/install/ira_laser_tools:${AMENT_PREFIX_PATH} CMAKE_PREFIX_PATH=/home/rahul/Mir_robot/install/mir_description:/home/rahul/Mir_robot/install/ira_laser_tools:/opt/ros/humble /usr/bin/cmake --build /home/rahul/Mir_robot/build/mir_gazebo -- -j4 -l4
[7.743s] Invoking command in '/home/rahul/Mir_robot/build/mir_gazebo': AMENT_PREFIX_PATH=/home/rahul/Mir_robot/install/mir_description:/home/rahul/Mir_robot/install/ira_laser_tools:${AMENT_PREFIX_PATH} CMAKE_PREFIX_PATH=/home/rahul/Mir_robot/install/mir_description:/home/rahul/Mir_robot/install/ira_laser_tools:/opt/ros/humble /usr/bin/cmake --install /home/rahul/Mir_robot/build/mir_gazebo
[7.753s] -- Install configuration: ""
[7.753s] -- Execute custom install script
[7.754s] -- Symlinking: /home/rahul/Mir_robot/install/mir_gazebo/share/mir_gazebo/launch/include/mir_gazebo_common.py
[7.765s] -- Symlinking: /home/rahul/Mir_robot/install/mir_gazebo/share/mir_gazebo/launch/mir_gazebo_launch.py
[7.777s] -- Symlinking: /home/rahul/Mir_robot/install/mir_gazebo/share/mir_gazebo/launch/mobile_manipulator.launch.py
[7.788s] -- Symlinking: /home/rahul/Mir_robot/install/mir_gazebo/share/mir_gazebo/worlds/empty.world
[7.800s] -- Symlinking: /home/rahul/Mir_robot/install/mir_gazebo/share/mir_gazebo/worlds/include/ground_plane/model-1_2.sdf
[7.811s] -- Symlinking: /home/rahul/Mir_robot/install/mir_gazebo/share/mir_gazebo/worlds/include/ground_plane/model-1_3.sdf
[7.823s] -- Symlinking: /home/rahul/Mir_robot/install/mir_gazebo/share/mir_gazebo/worlds/include/ground_plane/model-1_4.sdf
[7.834s] -- Symlinking: /home/rahul/Mir_robot/install/mir_gazebo/share/mir_gazebo/worlds/include/ground_plane/model.config
[7.846s] -- Symlinking: /home/rahul/Mir_robot/install/mir_gazebo/share/mir_gazebo/worlds/include/ground_plane/model.sdf
[7.857s] -- Symlinking: /home/rahul/Mir_robot/install/mir_gazebo/share/mir_gazebo/worlds/include/marker0/materials/textures/Marker0.png
[7.868s] -- Symlinking: /home/rahul/Mir_robot/install/mir_gazebo/share/mir_gazebo/worlds/include/marker0/meshes/Marker0.dae
[7.879s] -- Symlinking: /home/rahul/Mir_robot/install/mir_gazebo/share/mir_gazebo/worlds/include/marker0/model-1_4.sdf
[7.890s] -- Symlinking: /home/rahul/Mir_robot/install/mir_gazebo/share/mir_gazebo/worlds/include/marker0/model-1_5.sdf
[7.902s] -- Symlinking: /home/rahul/Mir_robot/install/mir_gazebo/share/mir_gazebo/worlds/include/marker0/model.config
[7.913s] -- Symlinking: /home/rahul/Mir_robot/install/mir_gazebo/share/mir_gazebo/worlds/include/marker0/model.sdf
[7.926s] -- Symlinking: /home/rahul/Mir_robot/install/mir_gazebo/share/mir_gazebo/worlds/include/marker_0001/materials/textures/marker_0001.png
[7.937s] -- Symlinking: /home/rahul/Mir_robot/install/mir_gazebo/share/mir_gazebo/worlds/include/marker_0001/meshes/marker_0001.dae
[7.948s] -- Symlinking: /home/rahul/Mir_robot/install/mir_gazebo/share/mir_gazebo/worlds/include/marker_0001/model-1_4.sdf
[7.960s] -- Symlinking: /home/rahul/Mir_robot/install/mir_gazebo/share/mir_gazebo/worlds/include/marker_0001/model-1_5.sdf
[7.970s] -- Symlinking: /home/rahul/Mir_robot/install/mir_gazebo/share/mir_gazebo/worlds/include/marker_0001/model.config
[7.983s] -- Symlinking: /home/rahul/Mir_robot/install/mir_gazebo/share/mir_gazebo/worlds/include/marker_0001/model.sdf
[7.994s] -- Symlinking: /home/rahul/Mir_robot/install/mir_gazebo/share/mir_gazebo/worlds/include/maze/model.config
[8.005s] -- Symlinking: /home/rahul/Mir_robot/install/mir_gazebo/share/mir_gazebo/worlds/include/maze/model.sdf
[8.017s] -- Symlinking: /home/rahul/Mir_robot/install/mir_gazebo/share/mir_gazebo/worlds/include/sun/model-1_2.sdf
[8.029s] -- Symlinking: /home/rahul/Mir_robot/install/mir_gazebo/share/mir_gazebo/worlds/include/sun/model-1_3.sdf
[8.040s] -- Symlinking: /home/rahul/Mir_robot/install/mir_gazebo/share/mir_gazebo/worlds/include/sun/model-1_4.sdf
[8.052s] -- Symlinking: /home/rahul/Mir_robot/install/mir_gazebo/share/mir_gazebo/worlds/include/sun/model.config
[8.063s] -- Symlinking: /home/rahul/Mir_robot/install/mir_gazebo/share/mir_gazebo/worlds/include/sun/model.sdf
[8.074s] -- Symlinking: /home/rahul/Mir_robot/install/mir_gazebo/share/mir_gazebo/worlds/maze.world
[8.085s] -- Symlinking: /home/rahul/Mir_robot/install/mir_gazebo/share/mir_gazebo/maps/maze.png
[8.097s] -- Symlinking: /home/rahul/Mir_robot/install/mir_gazebo/share/mir_gazebo/maps/maze.yaml
[8.108s] -- Symlinking: /home/rahul/Mir_robot/install/mir_gazebo/share/mir_gazebo/maps/maze_virtual_walls.png
[8.120s] -- Symlinking: /home/rahul/Mir_robot/install/mir_gazebo/share/mir_gazebo/maps/maze_virtual_walls.yaml
[8.131s] -- Symlinking: /home/rahul/Mir_robot/install/mir_gazebo/share/mir_gazebo/rviz/mir_visualization.rviz
[8.143s] -- Symlinking: /home/rahul/Mir_robot/install/mir_gazebo/share/ament_index/resource_index/package_run_dependencies/mir_gazebo
[8.154s] -- Symlinking: /home/rahul/Mir_robot/install/mir_gazebo/share/ament_index/resource_index/parent_prefix_path/mir_gazebo
[8.165s] -- Symlinking: /home/rahul/Mir_robot/install/mir_gazebo/share/mir_gazebo/environment/ament_prefix_path.sh
[8.177s] -- Symlinking: /home/rahul/Mir_robot/install/mir_gazebo/share/mir_gazebo/environment/ament_prefix_path.dsv
[8.188s] -- Symlinking: /home/rahul/Mir_robot/install/mir_gazebo/share/mir_gazebo/environment/path.sh
[8.199s] -- Symlinking: /home/rahul/Mir_robot/install/mir_gazebo/share/mir_gazebo/environment/path.dsv
[8.211s] -- Symlinking: /home/rahul/Mir_robot/install/mir_gazebo/share/mir_gazebo/local_setup.bash
[8.222s] -- Symlinking: /home/rahul/Mir_robot/install/mir_gazebo/share/mir_gazebo/local_setup.sh
[8.234s] -- Symlinking: /home/rahul/Mir_robot/install/mir_gazebo/share/mir_gazebo/local_setup.zsh
[8.245s] -- Symlinking: /home/rahul/Mir_robot/install/mir_gazebo/share/mir_gazebo/local_setup.dsv
[8.256s] -- Symlinking: /home/rahul/Mir_robot/install/mir_gazebo/share/mir_gazebo/package.dsv
[8.268s] -- Symlinking: /home/rahul/Mir_robot/install/mir_gazebo/share/ament_index/resource_index/packages/mir_gazebo
[8.279s] -- Symlinking: /home/rahul/Mir_robot/install/mir_gazebo/share/mir_gazebo/cmake/mir_gazeboConfig.cmake
[8.290s] -- Symlinking: /home/rahul/Mir_robot/install/mir_gazebo/share/mir_gazebo/cmake/mir_gazeboConfig-version.cmake
[8.301s] -- Symlinking: /home/rahul/Mir_robot/install/mir_gazebo/share/mir_gazebo/package.xml
[8.315s] Invoked command in '/home/rahul/Mir_robot/build/mir_gazebo' returned '0': AMENT_PREFIX_PATH=/home/rahul/Mir_robot/install/mir_description:/home/rahul/Mir_robot/install/ira_laser_tools:${AMENT_PREFIX_PATH} CMAKE_PREFIX_PATH=/home/rahul/Mir_robot/install/mir_description:/home/rahul/Mir_robot/install/ira_laser_tools:/opt/ros/humble /usr/bin/cmake --install /home/rahul/Mir_robot/build/mir_gazebo
