-- The C compiler identification is GNU 11.4.0
-- The CXX compiler identification is GNU 11.4.0
-- Detecting C compiler ABI info
-- Detecting C compiler ABI info - done
-- Check for working C compiler: /usr/bin/cc - skipped
-- Detecting C compile features
-- Detecting C compile features - done
-- Detecting CXX compiler ABI info
-- Detecting CXX compiler ABI info - done
-- Check for working CXX compiler: /usr/bin/c++ - skipped
-- Detecting CXX compile features
-- Detecting CXX compile features - done
-- Found ament_cmake: 1.3.14 (/opt/ros/humble/share/ament_cmake/cmake)
-- Found Python3: /usr/bin/python3 (found version "3.10.12") found components: Interpreter 
-- Override CMake install command with custom implementation using symlinks instead of copying resources
-- Found builtin_interfaces: 1.2.3 (/opt/ros/humble/share/builtin_interfaces/cmake)
-- Found rosidl_generator_c: 3.1.9 (/opt/ros/humble/share/rosidl_generator_c/cmake)
-- Found rosidl_adapter: 3.1.9 (/opt/ros/humble/share/rosidl_adapter/cmake)
-- Found rosidl_generator_cpp: 3.1.9 (/opt/ros/humble/share/rosidl_generator_cpp/cmake)
-- Using all available rosidl_typesupport_c: rosidl_typesupport_fastrtps_c;rosidl_typesupport_introspection_c
-- Using all available rosidl_typesupport_cpp: rosidl_typesupport_fastrtps_cpp;rosidl_typesupport_introspection_cpp
-- Found rosidl_default_generators: 1.2.1 (/opt/ros/humble/share/rosidl_default_generators/cmake)
-- Found geometry_msgs: 4.9.1 (/opt/ros/humble/share/geometry_msgs/cmake)
-- Found ament_cmake_ros: 0.10.0 (/opt/ros/humble/share/ament_cmake_ros/cmake)
-- Using all available rosidl_typesupport_c: rosidl_typesupport_fastrtps_c;rosidl_typesupport_introspection_c
-- Using all available rosidl_typesupport_cpp: rosidl_typesupport_fastrtps_cpp;rosidl_typesupport_introspection_cpp
-- Found PythonInterp: /usr/bin/python3 (found suitable version "3.10.12", minimum required is "3.6") 
-- Found python_cmake_module: 0.10.0 (/opt/ros/humble/share/python_cmake_module/cmake)
-- Found PythonLibs: /usr/lib/x86_64-linux-gnu/libpython3.10.so (found suitable version "3.10.12", minimum required is "3.5") 
-- Using PYTHON_EXECUTABLE: /usr/bin/python3
-- Using PYTHON_INCLUDE_DIRS: /usr/include/python3.10
-- Using PYTHON_LIBRARIES: /usr/lib/x86_64-linux-gnu/libpython3.10.so
-- Found PythonExtra: .so  
-- Configuring done
-- Generating done
-- Build files have been written to: /home/rahul/Mir_robot/build/mir_msgs
[  2%] [34m[1mGenerating C code for ROS interfaces[0m
[  2%] Built target ament_cmake_python_symlink_mir_msgs
[  4%] [34m[1mGenerating Rust code for ROS interfaces[0m
[  6%] [34m[1mGenerating C++ code for ROS interfaces[0m
running egg_info
creating mir_msgs.egg-info
writing mir_msgs.egg-info/PKG-INFO
writing dependency_links to mir_msgs.egg-info/dependency_links.txt
writing top-level names to mir_msgs.egg-info/top_level.txt
writing manifest file 'mir_msgs.egg-info/SOURCES.txt'
reading manifest file 'mir_msgs.egg-info/SOURCES.txt'
writing manifest file 'mir_msgs.egg-info/SOURCES.txt'
[  6%] Built target mir_msgs__rs
[  6%] Built target ament_cmake_python_build_mir_msgs_egg
[  6%] Built target mir_msgs__cpp
[  8%] [32mBuilding C object CMakeFiles/mir_msgs__rosidl_generator_c.dir/rosidl_generator_c/mir_msgs/msg/detail/battery_currents__functions.c.o[0m
[ 10%] [32mBuilding C object CMakeFiles/mir_msgs__rosidl_generator_c.dir/rosidl_generator_c/mir_msgs/srv/detail/exec_mission__functions.c.o[0m
[ 12%] [32mBuilding C object CMakeFiles/mir_msgs__rosidl_generator_c.dir/rosidl_generator_c/mir_msgs/msg/detail/bms_data__functions.c.o[0m
[ 14%] [34m[1mGenerating C++ type support for eProsima Fast-RTPS[0m
[ 16%] [34m[1mGenerating C++ introspection for ROS interfaces[0m
[ 18%] [34m[1mGenerating C++ type support dispatch for ROS interfaces[0m
[ 20%] [32m[1mLinking C shared library libmir_msgs__rosidl_generator_c.so[0m
[ 20%] Built target mir_msgs__rosidl_generator_c
[ 22%] [34m[1mGenerating C type support for eProsima Fast-RTPS[0m
[ 25%] [32mBuilding CXX object CMakeFiles/mir_msgs__rosidl_typesupport_introspection_cpp.dir/rosidl_typesupport_introspection_cpp/mir_msgs/msg/detail/battery_currents__type_support.cpp.o[0m
[ 27%] [32mBuilding CXX object CMakeFiles/mir_msgs__rosidl_typesupport_cpp.dir/rosidl_typesupport_cpp/mir_msgs/msg/battery_currents__type_support.cpp.o[0m
[ 29%] [32mBuilding CXX object CMakeFiles/mir_msgs__rosidl_typesupport_fastrtps_c.dir/rosidl_typesupport_fastrtps_c/mir_msgs/msg/detail/battery_currents__type_support_c.cpp.o[0m
[ 31%] [32mBuilding CXX object CMakeFiles/mir_msgs__rosidl_typesupport_fastrtps_cpp.dir/rosidl_typesupport_fastrtps_cpp/mir_msgs/msg/detail/dds_fastrtps/battery_currents__type_support.cpp.o[0m
[ 33%] [32mBuilding CXX object CMakeFiles/mir_msgs__rosidl_typesupport_introspection_cpp.dir/rosidl_typesupport_introspection_cpp/mir_msgs/msg/detail/bms_data__type_support.cpp.o[0m
[ 35%] [32mBuilding CXX object CMakeFiles/mir_msgs__rosidl_typesupport_fastrtps_c.dir/rosidl_typesupport_fastrtps_c/mir_msgs/msg/detail/bms_data__type_support_c.cpp.o[0m
[ 37%] [32mBuilding CXX object CMakeFiles/mir_msgs__rosidl_typesupport_cpp.dir/rosidl_typesupport_cpp/mir_msgs/msg/bms_data__type_support.cpp.o[0m
[ 39%] [32mBuilding CXX object CMakeFiles/mir_msgs__rosidl_typesupport_fastrtps_cpp.dir/rosidl_typesupport_fastrtps_cpp/mir_msgs/msg/detail/dds_fastrtps/bms_data__type_support.cpp.o[0m
[ 41%] [32mBuilding CXX object CMakeFiles/mir_msgs__rosidl_typesupport_cpp.dir/rosidl_typesupport_cpp/mir_msgs/srv/exec_mission__type_support.cpp.o[0m
[ 43%] [32mBuilding CXX object CMakeFiles/mir_msgs__rosidl_typesupport_fastrtps_c.dir/rosidl_typesupport_fastrtps_c/mir_msgs/srv/detail/exec_mission__type_support_c.cpp.o[0m
[ 45%] [32mBuilding CXX object CMakeFiles/mir_msgs__rosidl_typesupport_introspection_cpp.dir/rosidl_typesupport_introspection_cpp/mir_msgs/srv/detail/exec_mission__type_support.cpp.o[0m
[ 47%] [32m[1mLinking CXX shared library libmir_msgs__rosidl_typesupport_cpp.so[0m
[ 50%] [32mBuilding CXX object CMakeFiles/mir_msgs__rosidl_typesupport_fastrtps_cpp.dir/rosidl_typesupport_fastrtps_cpp/mir_msgs/srv/detail/dds_fastrtps/exec_mission__type_support.cpp.o[0m
[ 50%] Built target mir_msgs__rosidl_typesupport_cpp
[ 52%] [34m[1mGenerating C introspection for ROS interfaces[0m
[ 54%] [32m[1mLinking CXX shared library libmir_msgs__rosidl_typesupport_introspection_cpp.so[0m
[ 56%] [32m[1mLinking CXX shared library libmir_msgs__rosidl_typesupport_fastrtps_c.so[0m
[ 56%] Built target mir_msgs__rosidl_typesupport_introspection_cpp
[ 58%] [34m[1mGenerating C type support dispatch for ROS interfaces[0m
[ 58%] Built target mir_msgs__rosidl_typesupport_fastrtps_c
[ 60%] [32mBuilding CXX object CMakeFiles/mir_msgs__rosidl_typesupport_c.dir/rosidl_typesupport_c/mir_msgs/msg/bms_data__type_support.cpp.o[0m
[ 62%] [32mBuilding CXX object CMakeFiles/mir_msgs__rosidl_typesupport_c.dir/rosidl_typesupport_c/mir_msgs/msg/battery_currents__type_support.cpp.o[0m
[ 64%] [32mBuilding CXX object CMakeFiles/mir_msgs__rosidl_typesupport_c.dir/rosidl_typesupport_c/mir_msgs/srv/exec_mission__type_support.cpp.o[0m
[ 66%] [32mBuilding C object CMakeFiles/mir_msgs__rosidl_typesupport_introspection_c.dir/rosidl_typesupport_introspection_c/mir_msgs/msg/detail/battery_currents__type_support.c.o[0m
[ 68%] [32mBuilding C object CMakeFiles/mir_msgs__rosidl_typesupport_introspection_c.dir/rosidl_typesupport_introspection_c/mir_msgs/msg/detail/bms_data__type_support.c.o[0m
[ 70%] [32m[1mLinking CXX shared library libmir_msgs__rosidl_typesupport_c.so[0m
[ 72%] [32m[1mLinking CXX shared library libmir_msgs__rosidl_typesupport_fastrtps_cpp.so[0m
[ 75%] [32mBuilding C object CMakeFiles/mir_msgs__rosidl_typesupport_introspection_c.dir/rosidl_typesupport_introspection_c/mir_msgs/srv/detail/exec_mission__type_support.c.o[0m
[ 75%] Built target mir_msgs__rosidl_typesupport_c
[ 77%] [32m[1mLinking C shared library libmir_msgs__rosidl_typesupport_introspection_c.so[0m
[ 77%] Built target mir_msgs__rosidl_typesupport_introspection_c
[ 77%] Built target mir_msgs__rosidl_typesupport_fastrtps_cpp
[ 77%] Built target mir_msgs
[ 79%] [34m[1mGenerating Python code for ROS interfaces[0m
[ 79%] Built target mir_msgs__py
[ 81%] [32mBuilding C object CMakeFiles/mir_msgs__rosidl_generator_py.dir/rosidl_generator_py/mir_msgs/srv/_exec_mission_s.c.o[0m
[ 83%] [32mBuilding C object CMakeFiles/mir_msgs__rosidl_generator_py.dir/rosidl_generator_py/mir_msgs/msg/_bms_data_s.c.o[0m
[ 85%] [32mBuilding C object CMakeFiles/mir_msgs__rosidl_generator_py.dir/rosidl_generator_py/mir_msgs/msg/_battery_currents_s.c.o[0m
[ 87%] [32m[1mLinking C shared library rosidl_generator_py/mir_msgs/libmir_msgs__rosidl_generator_py.so[0m
[ 87%] Built target mir_msgs__rosidl_generator_py
[ 89%] [32mBuilding C object CMakeFiles/mir_msgs__rosidl_typesupport_c__pyext.dir/rosidl_generator_py/mir_msgs/_mir_msgs_s.ep.rosidl_typesupport_c.c.o[0m
[ 91%] [32mBuilding C object CMakeFiles/mir_msgs__rosidl_typesupport_fastrtps_c__pyext.dir/rosidl_generator_py/mir_msgs/_mir_msgs_s.ep.rosidl_typesupport_fastrtps_c.c.o[0m
[ 93%] [32mBuilding C object CMakeFiles/mir_msgs__rosidl_typesupport_introspection_c__pyext.dir/rosidl_generator_py/mir_msgs/_mir_msgs_s.ep.rosidl_typesupport_introspection_c.c.o[0m
[ 95%] [32m[1mLinking C shared library rosidl_generator_py/mir_msgs/mir_msgs_s__rosidl_typesupport_c.cpython-310-x86_64-linux-gnu.so[0m
[ 95%] Built target mir_msgs__rosidl_typesupport_c__pyext
[ 97%] [32m[1mLinking C shared library rosidl_generator_py/mir_msgs/mir_msgs_s__rosidl_typesupport_introspection_c.cpython-310-x86_64-linux-gnu.so[0m
[100%] [32m[1mLinking C shared library rosidl_generator_py/mir_msgs/mir_msgs_s__rosidl_typesupport_fastrtps_c.cpython-310-x86_64-linux-gnu.so[0m
[100%] Built target mir_msgs__rosidl_typesupport_introspection_c__pyext
[100%] Built target mir_msgs__rosidl_typesupport_fastrtps_c__pyext
-- Install configuration: ""
-- Execute custom install script
-- Symlinking: /home/rahul/Mir_robot/install/mir_msgs/share/ament_index/resource_index/rosidl_interfaces/mir_msgs
-- Symlinking: /home/rahul/Mir_robot/install/mir_msgs/include/mir_msgs/mir_msgs/msg/battery_currents.h
-- Symlinking: /home/rahul/Mir_robot/install/mir_msgs/include/mir_msgs/mir_msgs/msg/bms_data.h
-- Symlinking: /home/rahul/Mir_robot/install/mir_msgs/include/mir_msgs/mir_msgs/msg/detail/battery_currents__functions.h
-- Symlinking: /home/rahul/Mir_robot/install/mir_msgs/include/mir_msgs/mir_msgs/msg/detail/battery_currents__struct.h
-- Symlinking: /home/rahul/Mir_robot/install/mir_msgs/include/mir_msgs/mir_msgs/msg/detail/battery_currents__type_support.h
-- Symlinking: /home/rahul/Mir_robot/install/mir_msgs/include/mir_msgs/mir_msgs/msg/detail/bms_data__functions.h
-- Symlinking: /home/rahul/Mir_robot/install/mir_msgs/include/mir_msgs/mir_msgs/msg/detail/bms_data__struct.h
-- Symlinking: /home/rahul/Mir_robot/install/mir_msgs/include/mir_msgs/mir_msgs/msg/detail/bms_data__type_support.h
-- Symlinking: /home/rahul/Mir_robot/install/mir_msgs/include/mir_msgs/mir_msgs/msg/rosidl_generator_c__visibility_control.h
-- Symlinking: /home/rahul/Mir_robot/install/mir_msgs/include/mir_msgs/mir_msgs/srv/detail/exec_mission__functions.h
-- Symlinking: /home/rahul/Mir_robot/install/mir_msgs/include/mir_msgs/mir_msgs/srv/detail/exec_mission__struct.h
-- Symlinking: /home/rahul/Mir_robot/install/mir_msgs/include/mir_msgs/mir_msgs/srv/detail/exec_mission__type_support.h
-- Symlinking: /home/rahul/Mir_robot/install/mir_msgs/include/mir_msgs/mir_msgs/srv/exec_mission.h
-- Symlinking: /home/rahul/Mir_robot/install/mir_msgs/share/mir_msgs/environment/library_path.sh
-- Symlinking: /home/rahul/Mir_robot/install/mir_msgs/share/mir_msgs/environment/library_path.dsv
-- Symlinking: /home/rahul/Mir_robot/install/mir_msgs/include/mir_msgs/mir_msgs/msg/detail/battery_currents__rosidl_typesupport_fastrtps_c.h
-- Symlinking: /home/rahul/Mir_robot/install/mir_msgs/include/mir_msgs/mir_msgs/msg/detail/bms_data__rosidl_typesupport_fastrtps_c.h
-- Symlinking: /home/rahul/Mir_robot/install/mir_msgs/include/mir_msgs/mir_msgs/msg/rosidl_typesupport_fastrtps_c__visibility_control.h
-- Symlinking: /home/rahul/Mir_robot/install/mir_msgs/include/mir_msgs/mir_msgs/srv/detail/exec_mission__rosidl_typesupport_fastrtps_c.h
-- Symlinking: /home/rahul/Mir_robot/install/mir_msgs/include/mir_msgs/mir_msgs/msg/battery_currents.hpp
-- Symlinking: /home/rahul/Mir_robot/install/mir_msgs/include/mir_msgs/mir_msgs/msg/bms_data.hpp
-- Symlinking: /home/rahul/Mir_robot/install/mir_msgs/include/mir_msgs/mir_msgs/msg/detail/battery_currents__builder.hpp
-- Symlinking: /home/rahul/Mir_robot/install/mir_msgs/include/mir_msgs/mir_msgs/msg/detail/battery_currents__struct.hpp
-- Symlinking: /home/rahul/Mir_robot/install/mir_msgs/include/mir_msgs/mir_msgs/msg/detail/battery_currents__traits.hpp
-- Symlinking: /home/rahul/Mir_robot/install/mir_msgs/include/mir_msgs/mir_msgs/msg/detail/battery_currents__type_support.hpp
-- Symlinking: /home/rahul/Mir_robot/install/mir_msgs/include/mir_msgs/mir_msgs/msg/detail/bms_data__builder.hpp
-- Symlinking: /home/rahul/Mir_robot/install/mir_msgs/include/mir_msgs/mir_msgs/msg/detail/bms_data__struct.hpp
-- Symlinking: /home/rahul/Mir_robot/install/mir_msgs/include/mir_msgs/mir_msgs/msg/detail/bms_data__traits.hpp
-- Symlinking: /home/rahul/Mir_robot/install/mir_msgs/include/mir_msgs/mir_msgs/msg/detail/bms_data__type_support.hpp
-- Symlinking: /home/rahul/Mir_robot/install/mir_msgs/include/mir_msgs/mir_msgs/msg/rosidl_generator_cpp__visibility_control.hpp
-- Symlinking: /home/rahul/Mir_robot/install/mir_msgs/include/mir_msgs/mir_msgs/srv/detail/exec_mission__builder.hpp
-- Symlinking: /home/rahul/Mir_robot/install/mir_msgs/include/mir_msgs/mir_msgs/srv/detail/exec_mission__struct.hpp
-- Symlinking: /home/rahul/Mir_robot/install/mir_msgs/include/mir_msgs/mir_msgs/srv/detail/exec_mission__traits.hpp
-- Symlinking: /home/rahul/Mir_robot/install/mir_msgs/include/mir_msgs/mir_msgs/srv/detail/exec_mission__type_support.hpp
-- Symlinking: /home/rahul/Mir_robot/install/mir_msgs/include/mir_msgs/mir_msgs/srv/exec_mission.hpp
-- Symlinking: /home/rahul/Mir_robot/install/mir_msgs/include/mir_msgs/mir_msgs/msg/detail/battery_currents__rosidl_typesupport_fastrtps_cpp.hpp
-- Symlinking: /home/rahul/Mir_robot/install/mir_msgs/include/mir_msgs/mir_msgs/msg/detail/bms_data__rosidl_typesupport_fastrtps_cpp.hpp
-- Symlinking: /home/rahul/Mir_robot/install/mir_msgs/include/mir_msgs/mir_msgs/msg/rosidl_typesupport_fastrtps_cpp__visibility_control.h
-- Symlinking: /home/rahul/Mir_robot/install/mir_msgs/include/mir_msgs/mir_msgs/srv/detail/exec_mission__rosidl_typesupport_fastrtps_cpp.hpp
-- Symlinking: /home/rahul/Mir_robot/install/mir_msgs/include/mir_msgs/mir_msgs/msg/detail/battery_currents__rosidl_typesupport_introspection_c.h
-- Symlinking: /home/rahul/Mir_robot/install/mir_msgs/include/mir_msgs/mir_msgs/msg/detail/bms_data__rosidl_typesupport_introspection_c.h
-- Symlinking: /home/rahul/Mir_robot/install/mir_msgs/include/mir_msgs/mir_msgs/msg/rosidl_typesupport_introspection_c__visibility_control.h
-- Symlinking: /home/rahul/Mir_robot/install/mir_msgs/include/mir_msgs/mir_msgs/srv/detail/exec_mission__rosidl_typesupport_introspection_c.h
-- Symlinking: /home/rahul/Mir_robot/install/mir_msgs/include/mir_msgs/mir_msgs/msg/detail/battery_currents__rosidl_typesupport_introspection_cpp.hpp
-- Symlinking: /home/rahul/Mir_robot/install/mir_msgs/include/mir_msgs/mir_msgs/msg/detail/bms_data__rosidl_typesupport_introspection_cpp.hpp
-- Symlinking: /home/rahul/Mir_robot/install/mir_msgs/include/mir_msgs/mir_msgs/srv/detail/exec_mission__rosidl_typesupport_introspection_cpp.hpp
-- Symlinking: /home/rahul/Mir_robot/install/mir_msgs/share/mir_msgs/environment/pythonpath.sh
-- Symlinking: /home/rahul/Mir_robot/install/mir_msgs/share/mir_msgs/environment/pythonpath.dsv
-- Symlinking: /home/rahul/Mir_robot/install/mir_msgs/local/lib/python3.10/dist-packages/mir_msgs-1.1.1-py3.10.egg-info/PKG-INFO
-- Symlinking: /home/rahul/Mir_robot/install/mir_msgs/local/lib/python3.10/dist-packages/mir_msgs-1.1.1-py3.10.egg-info/SOURCES.txt
-- Symlinking: /home/rahul/Mir_robot/install/mir_msgs/local/lib/python3.10/dist-packages/mir_msgs-1.1.1-py3.10.egg-info/dependency_links.txt
-- Symlinking: /home/rahul/Mir_robot/install/mir_msgs/local/lib/python3.10/dist-packages/mir_msgs-1.1.1-py3.10.egg-info/top_level.txt
-- Symlinking: /home/rahul/Mir_robot/install/mir_msgs/local/lib/python3.10/dist-packages/mir_msgs/__init__.py
-- Symlinking: /home/rahul/Mir_robot/install/mir_msgs/local/lib/python3.10/dist-packages/mir_msgs/_mir_msgs_s.ep.rosidl_typesupport_c.c
-- Symlinking: /home/rahul/Mir_robot/install/mir_msgs/local/lib/python3.10/dist-packages/mir_msgs/_mir_msgs_s.ep.rosidl_typesupport_fastrtps_c.c
-- Symlinking: /home/rahul/Mir_robot/install/mir_msgs/local/lib/python3.10/dist-packages/mir_msgs/_mir_msgs_s.ep.rosidl_typesupport_introspection_c.c
-- Symlinking: /home/rahul/Mir_robot/install/mir_msgs/local/lib/python3.10/dist-packages/mir_msgs/libmir_msgs__rosidl_generator_py.so
-- Symlinking: /home/rahul/Mir_robot/install/mir_msgs/local/lib/python3.10/dist-packages/mir_msgs/mir_msgs_s__rosidl_typesupport_c.cpython-310-x86_64-linux-gnu.so
-- Symlinking: /home/rahul/Mir_robot/install/mir_msgs/local/lib/python3.10/dist-packages/mir_msgs/mir_msgs_s__rosidl_typesupport_fastrtps_c.cpython-310-x86_64-linux-gnu.so
-- Symlinking: /home/rahul/Mir_robot/install/mir_msgs/local/lib/python3.10/dist-packages/mir_msgs/mir_msgs_s__rosidl_typesupport_introspection_c.cpython-310-x86_64-linux-gnu.so
-- Symlinking: /home/rahul/Mir_robot/install/mir_msgs/local/lib/python3.10/dist-packages/mir_msgs/msg/__init__.py
-- Symlinking: /home/rahul/Mir_robot/install/mir_msgs/local/lib/python3.10/dist-packages/mir_msgs/msg/_battery_currents.py
-- Symlinking: /home/rahul/Mir_robot/install/mir_msgs/local/lib/python3.10/dist-packages/mir_msgs/msg/_battery_currents_s.c
-- Symlinking: /home/rahul/Mir_robot/install/mir_msgs/local/lib/python3.10/dist-packages/mir_msgs/msg/_bms_data.py
-- Symlinking: /home/rahul/Mir_robot/install/mir_msgs/local/lib/python3.10/dist-packages/mir_msgs/msg/_bms_data_s.c
-- Symlinking: /home/rahul/Mir_robot/install/mir_msgs/local/lib/python3.10/dist-packages/mir_msgs/srv/__init__.py
-- Symlinking: /home/rahul/Mir_robot/install/mir_msgs/local/lib/python3.10/dist-packages/mir_msgs/srv/_exec_mission.py
-- Symlinking: /home/rahul/Mir_robot/install/mir_msgs/local/lib/python3.10/dist-packages/mir_msgs/srv/_exec_mission_s.c
-- Up-to-date symlink: /home/rahul/Mir_robot/install/mir_msgs/local/lib/python3.10/dist-packages/mir_msgs/mir_msgs_s__rosidl_typesupport_fastrtps_c.cpython-310-x86_64-linux-gnu.so
-- Up-to-date symlink: /home/rahul/Mir_robot/install/mir_msgs/local/lib/python3.10/dist-packages/mir_msgs/mir_msgs_s__rosidl_typesupport_introspection_c.cpython-310-x86_64-linux-gnu.so
-- Up-to-date symlink: /home/rahul/Mir_robot/install/mir_msgs/local/lib/python3.10/dist-packages/mir_msgs/mir_msgs_s__rosidl_typesupport_c.cpython-310-x86_64-linux-gnu.so
-- Symlinking: /home/rahul/Mir_robot/install/mir_msgs/share/ament_index/resource_index/rust_packages/mir_msgs
-- Symlinking: /home/rahul/Mir_robot/install/mir_msgs/share/mir_msgs/rust/Cargo.toml
-- Symlinking: /home/rahul/Mir_robot/install/mir_msgs/share/mir_msgs/rust/build.rs
-- Symlinking: /home/rahul/Mir_robot/install/mir_msgs/share/mir_msgs/rust/src/lib.rs
-- Symlinking: /home/rahul/Mir_robot/install/mir_msgs/share/mir_msgs/rust/src/msg.rs
-- Symlinking: /home/rahul/Mir_robot/install/mir_msgs/share/mir_msgs/rust/src/msg/rmw.rs
-- Symlinking: /home/rahul/Mir_robot/install/mir_msgs/share/mir_msgs/rust/src/srv.rs
-- Symlinking: /home/rahul/Mir_robot/install/mir_msgs/share/mir_msgs/rust/src/srv/rmw.rs
-- Symlinking: /home/rahul/Mir_robot/install/mir_msgs/share/mir_msgs/msg/BatteryCurrents.idl
-- Symlinking: /home/rahul/Mir_robot/install/mir_msgs/share/mir_msgs/msg/BMSData.idl
-- Symlinking: /home/rahul/Mir_robot/install/mir_msgs/share/mir_msgs/srv/ExecMission.idl
-- Symlinking: /home/rahul/Mir_robot/install/mir_msgs/share/mir_msgs/msg/BatteryCurrents.msg
-- Symlinking: /home/rahul/Mir_robot/install/mir_msgs/share/mir_msgs/msg/BMSData.msg
-- Symlinking: /home/rahul/Mir_robot/install/mir_msgs/share/mir_msgs/srv/ExecMission.srv
-- Symlinking: /home/rahul/Mir_robot/install/mir_msgs/share/mir_msgs/srv/ExecMission_Request.msg
-- Symlinking: /home/rahul/Mir_robot/install/mir_msgs/share/mir_msgs/srv/ExecMission_Response.msg
-- Symlinking: /home/rahul/Mir_robot/install/mir_msgs/share/ament_index/resource_index/package_run_dependencies/mir_msgs
-- Symlinking: /home/rahul/Mir_robot/install/mir_msgs/share/ament_index/resource_index/parent_prefix_path/mir_msgs
-- Symlinking: /home/rahul/Mir_robot/install/mir_msgs/share/mir_msgs/environment/ament_prefix_path.sh
-- Symlinking: /home/rahul/Mir_robot/install/mir_msgs/share/mir_msgs/environment/ament_prefix_path.dsv
-- Symlinking: /home/rahul/Mir_robot/install/mir_msgs/share/mir_msgs/environment/path.sh
-- Symlinking: /home/rahul/Mir_robot/install/mir_msgs/share/mir_msgs/environment/path.dsv
-- Symlinking: /home/rahul/Mir_robot/install/mir_msgs/share/mir_msgs/local_setup.bash
-- Symlinking: /home/rahul/Mir_robot/install/mir_msgs/share/mir_msgs/local_setup.sh
-- Symlinking: /home/rahul/Mir_robot/install/mir_msgs/share/mir_msgs/local_setup.zsh
-- Symlinking: /home/rahul/Mir_robot/install/mir_msgs/share/mir_msgs/local_setup.dsv
-- Symlinking: /home/rahul/Mir_robot/install/mir_msgs/share/mir_msgs/package.dsv
-- Symlinking: /home/rahul/Mir_robot/install/mir_msgs/share/ament_index/resource_index/packages/mir_msgs
-- Symlinking: /home/rahul/Mir_robot/install/mir_msgs/share/mir_msgs/cmake/rosidl_cmake-extras.cmake
-- Symlinking: /home/rahul/Mir_robot/install/mir_msgs/share/mir_msgs/cmake/ament_cmake_export_dependencies-extras.cmake
-- Symlinking: /home/rahul/Mir_robot/install/mir_msgs/share/mir_msgs/cmake/ament_cmake_export_include_directories-extras.cmake
-- Symlinking: /home/rahul/Mir_robot/install/mir_msgs/share/mir_msgs/cmake/ament_cmake_export_libraries-extras.cmake
-- Symlinking: /home/rahul/Mir_robot/install/mir_msgs/share/mir_msgs/cmake/ament_cmake_export_targets-extras.cmake
-- Symlinking: /home/rahul/Mir_robot/install/mir_msgs/share/mir_msgs/cmake/rosidl_cmake_export_typesupport_targets-extras.cmake
-- Symlinking: /home/rahul/Mir_robot/install/mir_msgs/share/mir_msgs/cmake/rosidl_cmake_export_typesupport_libraries-extras.cmake
-- Symlinking: /home/rahul/Mir_robot/install/mir_msgs/share/mir_msgs/cmake/rosidl_cmake_aggregate_target-extras.cmake
-- Symlinking: /home/rahul/Mir_robot/install/mir_msgs/share/mir_msgs/cmake/mir_msgsConfig.cmake
-- Symlinking: /home/rahul/Mir_robot/install/mir_msgs/share/mir_msgs/cmake/mir_msgsConfig-version.cmake
-- Symlinking: /home/rahul/Mir_robot/install/mir_msgs/share/mir_msgs/package.xml
-- Installing: /home/rahul/Mir_robot/install/mir_msgs/lib/libmir_msgs__rosidl_generator_c.so
-- Set runtime path of "/home/rahul/Mir_robot/install/mir_msgs/lib/libmir_msgs__rosidl_generator_c.so" to ""
-- Installing: /home/rahul/Mir_robot/install/mir_msgs/lib/libmir_msgs__rosidl_typesupport_fastrtps_c.so
-- Set runtime path of "/home/rahul/Mir_robot/install/mir_msgs/lib/libmir_msgs__rosidl_typesupport_fastrtps_c.so" to ""
-- Installing: /home/rahul/Mir_robot/install/mir_msgs/lib/libmir_msgs__rosidl_typesupport_fastrtps_cpp.so
-- Set runtime path of "/home/rahul/Mir_robot/install/mir_msgs/lib/libmir_msgs__rosidl_typesupport_fastrtps_cpp.so" to ""
-- Installing: /home/rahul/Mir_robot/install/mir_msgs/lib/libmir_msgs__rosidl_typesupport_introspection_c.so
-- Set runtime path of "/home/rahul/Mir_robot/install/mir_msgs/lib/libmir_msgs__rosidl_typesupport_introspection_c.so" to ""
-- Installing: /home/rahul/Mir_robot/install/mir_msgs/lib/libmir_msgs__rosidl_typesupport_c.so
-- Set runtime path of "/home/rahul/Mir_robot/install/mir_msgs/lib/libmir_msgs__rosidl_typesupport_c.so" to ""
-- Installing: /home/rahul/Mir_robot/install/mir_msgs/lib/libmir_msgs__rosidl_typesupport_introspection_cpp.so
-- Set runtime path of "/home/rahul/Mir_robot/install/mir_msgs/lib/libmir_msgs__rosidl_typesupport_introspection_cpp.so" to ""
-- Installing: /home/rahul/Mir_robot/install/mir_msgs/lib/libmir_msgs__rosidl_typesupport_cpp.so
-- Set runtime path of "/home/rahul/Mir_robot/install/mir_msgs/lib/libmir_msgs__rosidl_typesupport_cpp.so" to ""
Listing '/home/rahul/Mir_robot/install/mir_msgs/local/lib/python3.10/dist-packages/mir_msgs'...
Compiling '/home/rahul/Mir_robot/install/mir_msgs/local/lib/python3.10/dist-packages/mir_msgs/__init__.py'...
Listing '/home/rahul/Mir_robot/install/mir_msgs/local/lib/python3.10/dist-packages/mir_msgs/msg'...
Compiling '/home/rahul/Mir_robot/install/mir_msgs/local/lib/python3.10/dist-packages/mir_msgs/msg/__init__.py'...
Compiling '/home/rahul/Mir_robot/install/mir_msgs/local/lib/python3.10/dist-packages/mir_msgs/msg/_battery_currents.py'...
Compiling '/home/rahul/Mir_robot/install/mir_msgs/local/lib/python3.10/dist-packages/mir_msgs/msg/_bms_data.py'...
Listing '/home/rahul/Mir_robot/install/mir_msgs/local/lib/python3.10/dist-packages/mir_msgs/srv'...
Compiling '/home/rahul/Mir_robot/install/mir_msgs/local/lib/python3.10/dist-packages/mir_msgs/srv/__init__.py'...
Compiling '/home/rahul/Mir_robot/install/mir_msgs/local/lib/python3.10/dist-packages/mir_msgs/srv/_exec_mission.py'...
-- Installing: /home/rahul/Mir_robot/install/mir_msgs/lib/libmir_msgs__rosidl_generator_py.so
-- Set runtime path of "/home/rahul/Mir_robot/install/mir_msgs/lib/libmir_msgs__rosidl_generator_py.so" to ""
-- Installing: /home/rahul/Mir_robot/install/mir_msgs/share/mir_msgs/cmake/export_mir_msgs__rosidl_generator_cExport.cmake
-- Installing: /home/rahul/Mir_robot/install/mir_msgs/share/mir_msgs/cmake/export_mir_msgs__rosidl_generator_cExport-noconfig.cmake
-- Installing: /home/rahul/Mir_robot/install/mir_msgs/share/mir_msgs/cmake/export_mir_msgs__rosidl_typesupport_fastrtps_cExport.cmake
-- Installing: /home/rahul/Mir_robot/install/mir_msgs/share/mir_msgs/cmake/export_mir_msgs__rosidl_typesupport_fastrtps_cExport-noconfig.cmake
-- Installing: /home/rahul/Mir_robot/install/mir_msgs/share/mir_msgs/cmake/export_mir_msgs__rosidl_generator_cppExport.cmake
-- Installing: /home/rahul/Mir_robot/install/mir_msgs/share/mir_msgs/cmake/export_mir_msgs__rosidl_typesupport_fastrtps_cppExport.cmake
-- Installing: /home/rahul/Mir_robot/install/mir_msgs/share/mir_msgs/cmake/export_mir_msgs__rosidl_typesupport_fastrtps_cppExport-noconfig.cmake
-- Installing: /home/rahul/Mir_robot/install/mir_msgs/share/mir_msgs/cmake/mir_msgs__rosidl_typesupport_introspection_cExport.cmake
-- Installing: /home/rahul/Mir_robot/install/mir_msgs/share/mir_msgs/cmake/mir_msgs__rosidl_typesupport_introspection_cExport-noconfig.cmake
-- Installing: /home/rahul/Mir_robot/install/mir_msgs/share/mir_msgs/cmake/mir_msgs__rosidl_typesupport_cExport.cmake
-- Installing: /home/rahul/Mir_robot/install/mir_msgs/share/mir_msgs/cmake/mir_msgs__rosidl_typesupport_cExport-noconfig.cmake
-- Installing: /home/rahul/Mir_robot/install/mir_msgs/share/mir_msgs/cmake/mir_msgs__rosidl_typesupport_introspection_cppExport.cmake
-- Installing: /home/rahul/Mir_robot/install/mir_msgs/share/mir_msgs/cmake/mir_msgs__rosidl_typesupport_introspection_cppExport-noconfig.cmake
-- Installing: /home/rahul/Mir_robot/install/mir_msgs/share/mir_msgs/cmake/mir_msgs__rosidl_typesupport_cppExport.cmake
-- Installing: /home/rahul/Mir_robot/install/mir_msgs/share/mir_msgs/cmake/mir_msgs__rosidl_typesupport_cppExport-noconfig.cmake
-- Installing: /home/rahul/Mir_robot/install/mir_msgs/share/mir_msgs/cmake/export_mir_msgs__rosidl_generator_pyExport.cmake
-- Installing: /home/rahul/Mir_robot/install/mir_msgs/share/mir_msgs/cmake/export_mir_msgs__rosidl_generator_pyExport-noconfig.cmake
