[0.027s] Invoking command in '/home/rahul/Mir_robot/build/mir_msgs': CMAKE_PREFIX_PATH=/opt/ros/humble /usr/bin/cmake /home/rahul/Mir_robot/src/mir_robot/mir_robot/mir_msgs -DAMENT_CMAKE_SYMLINK_INSTALL=1 -DCMAKE_INSTALL_PREFIX=/home/rahul/Mir_robot/install/mir_msgs
[0.161s] -- The C compiler identification is GNU 11.4.0
[0.281s] -- The CXX compiler identification is GNU 11.4.0
[0.299s] -- Detecting C compiler ABI info
[0.482s] -- Detecting C compiler ABI info - done
[0.505s] -- Check for working C compiler: /usr/bin/cc - skipped
[0.506s] -- Detecting C compile features
[0.507s] -- Detecting C compile features - done
[0.516s] -- Detecting CXX compiler ABI info
[0.691s] -- Detecting CXX compiler ABI info - done
[0.710s] -- Check for working CXX compiler: /usr/bin/c++ - skipped
[0.711s] -- Detecting CXX compile features
[0.714s] -- Detecting CXX compile features - done
[0.720s] -- Found ament_cmake: 1.3.14 (/opt/ros/humble/share/ament_cmake/cmake)
[1.030s] -- Found Python3: /usr/bin/python3 (found version "3.10.12") found components: Interpreter 
[1.156s] -- Override CMake install command with custom implementation using symlinks instead of copying resources
[1.221s] -- Found builtin_interfaces: 1.2.3 (/opt/ros/humble/share/builtin_interfaces/cmake)
[1.298s] -- Found rosidl_generator_c: 3.1.9 (/opt/ros/humble/share/rosidl_generator_c/cmake)
[1.312s] -- Found rosidl_adapter: 3.1.9 (/opt/ros/humble/share/rosidl_adapter/cmake)
[1.336s] -- Found rosidl_generator_cpp: 3.1.9 (/opt/ros/humble/share/rosidl_generator_cpp/cmake)
[1.365s] -- Using all available rosidl_typesupport_c: rosidl_typesupport_fastrtps_c;rosidl_typesupport_introspection_c
[1.407s] -- Using all available rosidl_typesupport_cpp: rosidl_typesupport_fastrtps_cpp;rosidl_typesupport_introspection_cpp
[1.482s] -- Found rosidl_default_generators: 1.2.1 (/opt/ros/humble/share/rosidl_default_generators/cmake)
[1.510s] -- Found geometry_msgs: 4.9.1 (/opt/ros/humble/share/geometry_msgs/cmake)
[2.247s] -- Found ament_cmake_ros: 0.10.0 (/opt/ros/humble/share/ament_cmake_ros/cmake)
[3.208s] -- Using all available rosidl_typesupport_c: rosidl_typesupport_fastrtps_c;rosidl_typesupport_introspection_c
[3.589s] -- Using all available rosidl_typesupport_cpp: rosidl_typesupport_fastrtps_cpp;rosidl_typesupport_introspection_cpp
[3.639s] -- Found PythonInterp: /usr/bin/python3 (found suitable version "3.10.12", minimum required is "3.6") 
[3.643s] -- Found python_cmake_module: 0.10.0 (/opt/ros/humble/share/python_cmake_module/cmake)
[3.696s] -- Found PythonLibs: /usr/lib/x86_64-linux-gnu/libpython3.10.so (found suitable version "3.10.12", minimum required is "3.5") 
[3.696s] -- Using PYTHON_EXECUTABLE: /usr/bin/python3
[3.696s] -- Using PYTHON_INCLUDE_DIRS: /usr/include/python3.10
[3.696s] -- Using PYTHON_LIBRARIES: /usr/lib/x86_64-linux-gnu/libpython3.10.so
[3.743s] -- Found PythonExtra: .so  
[4.128s] -- Configuring done
[4.217s] -- Generating done
[4.246s] -- Build files have been written to: /home/rahul/Mir_robot/build/mir_msgs
[4.269s] Invoked command in '/home/rahul/Mir_robot/build/mir_msgs' returned '0': CMAKE_PREFIX_PATH=/opt/ros/humble /usr/bin/cmake /home/rahul/Mir_robot/src/mir_robot/mir_robot/mir_msgs -DAMENT_CMAKE_SYMLINK_INSTALL=1 -DCMAKE_INSTALL_PREFIX=/home/rahul/Mir_robot/install/mir_msgs
[4.270s] Invoking command in '/home/rahul/Mir_robot/build/mir_msgs': CMAKE_PREFIX_PATH=/opt/ros/humble /usr/bin/cmake --build /home/rahul/Mir_robot/build/mir_msgs -- -j4 -l4
[4.369s] [  2%] [34m[1mGenerating C code for ROS interfaces[0m
[4.432s] [  2%] Built target ament_cmake_python_symlink_mir_msgs
[4.437s] [  4%] [34m[1mGenerating Rust code for ROS interfaces[0m
[4.450s] [  6%] [34m[1mGenerating C++ code for ROS interfaces[0m
[6.111s] running egg_info
[6.111s] creating mir_msgs.egg-info
[6.112s] writing mir_msgs.egg-info/PKG-INFO
[6.112s] writing dependency_links to mir_msgs.egg-info/dependency_links.txt
[6.115s] writing top-level names to mir_msgs.egg-info/top_level.txt
[6.115s] writing manifest file 'mir_msgs.egg-info/SOURCES.txt'
[6.122s] reading manifest file 'mir_msgs.egg-info/SOURCES.txt'
[6.123s] writing manifest file 'mir_msgs.egg-info/SOURCES.txt'
[6.134s] [  6%] Built target mir_msgs__rs
[6.191s] [  6%] Built target ament_cmake_python_build_mir_msgs_egg
[6.668s] [  6%] Built target mir_msgs__cpp
[6.669s] [  8%] [32mBuilding C object CMakeFiles/mir_msgs__rosidl_generator_c.dir/rosidl_generator_c/mir_msgs/msg/detail/battery_currents__functions.c.o[0m
[6.672s] [ 10%] [32mBuilding C object CMakeFiles/mir_msgs__rosidl_generator_c.dir/rosidl_generator_c/mir_msgs/srv/detail/exec_mission__functions.c.o[0m
[6.692s] [ 12%] [32mBuilding C object CMakeFiles/mir_msgs__rosidl_generator_c.dir/rosidl_generator_c/mir_msgs/msg/detail/bms_data__functions.c.o[0m
[6.715s] [ 14%] [34m[1mGenerating C++ type support for eProsima Fast-RTPS[0m
[6.861s] [ 16%] [34m[1mGenerating C++ introspection for ROS interfaces[0m
[6.909s] [ 18%] [34m[1mGenerating C++ type support dispatch for ROS interfaces[0m
[6.928s] [ 20%] [32m[1mLinking C shared library libmir_msgs__rosidl_generator_c.so[0m
[7.093s] [ 20%] Built target mir_msgs__rosidl_generator_c
[7.156s] [ 22%] [34m[1mGenerating C type support for eProsima Fast-RTPS[0m
[8.310s] [ 25%] [32mBuilding CXX object CMakeFiles/mir_msgs__rosidl_typesupport_introspection_cpp.dir/rosidl_typesupport_introspection_cpp/mir_msgs/msg/detail/battery_currents__type_support.cpp.o[0m
[8.618s] [ 27%] [32mBuilding CXX object CMakeFiles/mir_msgs__rosidl_typesupport_cpp.dir/rosidl_typesupport_cpp/mir_msgs/msg/battery_currents__type_support.cpp.o[0m
[8.759s] [ 29%] [32mBuilding CXX object CMakeFiles/mir_msgs__rosidl_typesupport_fastrtps_c.dir/rosidl_typesupport_fastrtps_c/mir_msgs/msg/detail/battery_currents__type_support_c.cpp.o[0m
[8.849s] [ 31%] [32mBuilding CXX object CMakeFiles/mir_msgs__rosidl_typesupport_fastrtps_cpp.dir/rosidl_typesupport_fastrtps_cpp/mir_msgs/msg/detail/dds_fastrtps/battery_currents__type_support.cpp.o[0m
[9.628s] [ 33%] [32mBuilding CXX object CMakeFiles/mir_msgs__rosidl_typesupport_introspection_cpp.dir/rosidl_typesupport_introspection_cpp/mir_msgs/msg/detail/bms_data__type_support.cpp.o[0m
[9.684s] [ 35%] [32mBuilding CXX object CMakeFiles/mir_msgs__rosidl_typesupport_fastrtps_c.dir/rosidl_typesupport_fastrtps_c/mir_msgs/msg/detail/bms_data__type_support_c.cpp.o[0m
[9.689s] [ 37%] [32mBuilding CXX object CMakeFiles/mir_msgs__rosidl_typesupport_cpp.dir/rosidl_typesupport_cpp/mir_msgs/msg/bms_data__type_support.cpp.o[0m
[10.291s] [ 39%] [32mBuilding CXX object CMakeFiles/mir_msgs__rosidl_typesupport_fastrtps_cpp.dir/rosidl_typesupport_fastrtps_cpp/mir_msgs/msg/detail/dds_fastrtps/bms_data__type_support.cpp.o[0m
[10.533s] [ 41%] [32mBuilding CXX object CMakeFiles/mir_msgs__rosidl_typesupport_cpp.dir/rosidl_typesupport_cpp/mir_msgs/srv/exec_mission__type_support.cpp.o[0m
[10.687s] [ 43%] [32mBuilding CXX object CMakeFiles/mir_msgs__rosidl_typesupport_fastrtps_c.dir/rosidl_typesupport_fastrtps_c/mir_msgs/srv/detail/exec_mission__type_support_c.cpp.o[0m
[11.053s] [ 45%] [32mBuilding CXX object CMakeFiles/mir_msgs__rosidl_typesupport_introspection_cpp.dir/rosidl_typesupport_introspection_cpp/mir_msgs/srv/detail/exec_mission__type_support.cpp.o[0m
[12.097s] [ 47%] [32m[1mLinking CXX shared library libmir_msgs__rosidl_typesupport_cpp.so[0m
[12.214s] [ 50%] [32mBuilding CXX object CMakeFiles/mir_msgs__rosidl_typesupport_fastrtps_cpp.dir/rosidl_typesupport_fastrtps_cpp/mir_msgs/srv/detail/dds_fastrtps/exec_mission__type_support.cpp.o[0m
[12.257s] [ 50%] Built target mir_msgs__rosidl_typesupport_cpp
[12.318s] [ 52%] [34m[1mGenerating C introspection for ROS interfaces[0m
[12.765s] [ 54%] [32m[1mLinking CXX shared library libmir_msgs__rosidl_typesupport_introspection_cpp.so[0m
[12.766s] [ 56%] [32m[1mLinking CXX shared library libmir_msgs__rosidl_typesupport_fastrtps_c.so[0m
[13.153s] [ 56%] Built target mir_msgs__rosidl_typesupport_introspection_cpp
[13.171s] [ 58%] [34m[1mGenerating C type support dispatch for ROS interfaces[0m
[13.201s] [ 58%] Built target mir_msgs__rosidl_typesupport_fastrtps_c
[14.331s] [ 60%] [32mBuilding CXX object CMakeFiles/mir_msgs__rosidl_typesupport_c.dir/rosidl_typesupport_c/mir_msgs/msg/bms_data__type_support.cpp.o[0m
[14.331s] [ 62%] [32mBuilding CXX object CMakeFiles/mir_msgs__rosidl_typesupport_c.dir/rosidl_typesupport_c/mir_msgs/msg/battery_currents__type_support.cpp.o[0m
[14.477s] [ 64%] [32mBuilding CXX object CMakeFiles/mir_msgs__rosidl_typesupport_c.dir/rosidl_typesupport_c/mir_msgs/srv/exec_mission__type_support.cpp.o[0m
[14.623s] [ 66%] [32mBuilding C object CMakeFiles/mir_msgs__rosidl_typesupport_introspection_c.dir/rosidl_typesupport_introspection_c/mir_msgs/msg/detail/battery_currents__type_support.c.o[0m
[14.623s] [ 68%] [32mBuilding C object CMakeFiles/mir_msgs__rosidl_typesupport_introspection_c.dir/rosidl_typesupport_introspection_c/mir_msgs/msg/detail/bms_data__type_support.c.o[0m
[14.648s] [ 70%] [32m[1mLinking CXX shared library libmir_msgs__rosidl_typesupport_c.so[0m
[14.727s] [ 72%] [32m[1mLinking CXX shared library libmir_msgs__rosidl_typesupport_fastrtps_cpp.so[0m
[14.768s] [ 75%] [32mBuilding C object CMakeFiles/mir_msgs__rosidl_typesupport_introspection_c.dir/rosidl_typesupport_introspection_c/mir_msgs/srv/detail/exec_mission__type_support.c.o[0m
[14.861s] [ 75%] Built target mir_msgs__rosidl_typesupport_c
[14.949s] [ 77%] [32m[1mLinking C shared library libmir_msgs__rosidl_typesupport_introspection_c.so[0m
[15.109s] [ 77%] Built target mir_msgs__rosidl_typesupport_introspection_c
[15.128s] [ 77%] Built target mir_msgs__rosidl_typesupport_fastrtps_cpp
[15.219s] [ 77%] Built target mir_msgs
[15.306s] [ 79%] [34m[1mGenerating Python code for ROS interfaces[0m
[17.082s] [ 79%] Built target mir_msgs__py
[17.121s] [ 81%] [32mBuilding C object CMakeFiles/mir_msgs__rosidl_generator_py.dir/rosidl_generator_py/mir_msgs/srv/_exec_mission_s.c.o[0m
[17.134s] [ 83%] [32mBuilding C object CMakeFiles/mir_msgs__rosidl_generator_py.dir/rosidl_generator_py/mir_msgs/msg/_bms_data_s.c.o[0m
[17.134s] [ 85%] [32mBuilding C object CMakeFiles/mir_msgs__rosidl_generator_py.dir/rosidl_generator_py/mir_msgs/msg/_battery_currents_s.c.o[0m
[17.485s] [ 87%] [32m[1mLinking C shared library rosidl_generator_py/mir_msgs/libmir_msgs__rosidl_generator_py.so[0m
[17.571s] [ 87%] Built target mir_msgs__rosidl_generator_py
[17.623s] [ 89%] [32mBuilding C object CMakeFiles/mir_msgs__rosidl_typesupport_c__pyext.dir/rosidl_generator_py/mir_msgs/_mir_msgs_s.ep.rosidl_typesupport_c.c.o[0m
[17.639s] [ 91%] [32mBuilding C object CMakeFiles/mir_msgs__rosidl_typesupport_fastrtps_c__pyext.dir/rosidl_generator_py/mir_msgs/_mir_msgs_s.ep.rosidl_typesupport_fastrtps_c.c.o[0m
[17.643s] [ 93%] [32mBuilding C object CMakeFiles/mir_msgs__rosidl_typesupport_introspection_c__pyext.dir/rosidl_generator_py/mir_msgs/_mir_msgs_s.ep.rosidl_typesupport_introspection_c.c.o[0m
[17.886s] [ 95%] [32m[1mLinking C shared library rosidl_generator_py/mir_msgs/mir_msgs_s__rosidl_typesupport_c.cpython-310-x86_64-linux-gnu.so[0m
[17.982s] [ 95%] Built target mir_msgs__rosidl_typesupport_c__pyext
[17.989s] [ 97%] [32m[1mLinking C shared library rosidl_generator_py/mir_msgs/mir_msgs_s__rosidl_typesupport_introspection_c.cpython-310-x86_64-linux-gnu.so[0m
[18.027s] [100%] [32m[1mLinking C shared library rosidl_generator_py/mir_msgs/mir_msgs_s__rosidl_typesupport_fastrtps_c.cpython-310-x86_64-linux-gnu.so[0m
[18.119s] [100%] Built target mir_msgs__rosidl_typesupport_introspection_c__pyext
[18.221s] [100%] Built target mir_msgs__rosidl_typesupport_fastrtps_c__pyext
[18.273s] Invoked command in '/home/rahul/Mir_robot/build/mir_msgs' returned '0': CMAKE_PREFIX_PATH=/opt/ros/humble /usr/bin/cmake --build /home/rahul/Mir_robot/build/mir_msgs -- -j4 -l4
[18.274s] Invoking command in '/home/rahul/Mir_robot/build/mir_msgs': CMAKE_PREFIX_PATH=/opt/ros/humble /usr/bin/cmake --install /home/rahul/Mir_robot/build/mir_msgs
[18.299s] -- Install configuration: ""
[18.299s] -- Execute custom install script
[18.301s] -- Symlinking: /home/rahul/Mir_robot/install/mir_msgs/share/ament_index/resource_index/rosidl_interfaces/mir_msgs
[18.330s] -- Symlinking: /home/rahul/Mir_robot/install/mir_msgs/include/mir_msgs/mir_msgs/msg/battery_currents.h
[18.362s] -- Symlinking: /home/rahul/Mir_robot/install/mir_msgs/include/mir_msgs/mir_msgs/msg/bms_data.h
[18.391s] -- Symlinking: /home/rahul/Mir_robot/install/mir_msgs/include/mir_msgs/mir_msgs/msg/detail/battery_currents__functions.h
[18.427s] -- Symlinking: /home/rahul/Mir_robot/install/mir_msgs/include/mir_msgs/mir_msgs/msg/detail/battery_currents__struct.h
[18.460s] -- Symlinking: /home/rahul/Mir_robot/install/mir_msgs/include/mir_msgs/mir_msgs/msg/detail/battery_currents__type_support.h
[18.492s] -- Symlinking: /home/rahul/Mir_robot/install/mir_msgs/include/mir_msgs/mir_msgs/msg/detail/bms_data__functions.h
[18.523s] -- Symlinking: /home/rahul/Mir_robot/install/mir_msgs/include/mir_msgs/mir_msgs/msg/detail/bms_data__struct.h
[18.544s] -- Symlinking: /home/rahul/Mir_robot/install/mir_msgs/include/mir_msgs/mir_msgs/msg/detail/bms_data__type_support.h
[18.561s] -- Symlinking: /home/rahul/Mir_robot/install/mir_msgs/include/mir_msgs/mir_msgs/msg/rosidl_generator_c__visibility_control.h
[18.578s] -- Symlinking: /home/rahul/Mir_robot/install/mir_msgs/include/mir_msgs/mir_msgs/srv/detail/exec_mission__functions.h
[18.594s] -- Symlinking: /home/rahul/Mir_robot/install/mir_msgs/include/mir_msgs/mir_msgs/srv/detail/exec_mission__struct.h
[18.610s] -- Symlinking: /home/rahul/Mir_robot/install/mir_msgs/include/mir_msgs/mir_msgs/srv/detail/exec_mission__type_support.h
[18.628s] -- Symlinking: /home/rahul/Mir_robot/install/mir_msgs/include/mir_msgs/mir_msgs/srv/exec_mission.h
[18.653s] -- Symlinking: /home/rahul/Mir_robot/install/mir_msgs/share/mir_msgs/environment/library_path.sh
[18.667s] -- Symlinking: /home/rahul/Mir_robot/install/mir_msgs/share/mir_msgs/environment/library_path.dsv
[18.691s] -- Symlinking: /home/rahul/Mir_robot/install/mir_msgs/include/mir_msgs/mir_msgs/msg/detail/battery_currents__rosidl_typesupport_fastrtps_c.h
[18.707s] -- Symlinking: /home/rahul/Mir_robot/install/mir_msgs/include/mir_msgs/mir_msgs/msg/detail/bms_data__rosidl_typesupport_fastrtps_c.h
[18.724s] -- Symlinking: /home/rahul/Mir_robot/install/mir_msgs/include/mir_msgs/mir_msgs/msg/rosidl_typesupport_fastrtps_c__visibility_control.h
[18.739s] -- Symlinking: /home/rahul/Mir_robot/install/mir_msgs/include/mir_msgs/mir_msgs/srv/detail/exec_mission__rosidl_typesupport_fastrtps_c.h
[18.757s] -- Symlinking: /home/rahul/Mir_robot/install/mir_msgs/include/mir_msgs/mir_msgs/msg/battery_currents.hpp
[18.772s] -- Symlinking: /home/rahul/Mir_robot/install/mir_msgs/include/mir_msgs/mir_msgs/msg/bms_data.hpp
[18.789s] -- Symlinking: /home/rahul/Mir_robot/install/mir_msgs/include/mir_msgs/mir_msgs/msg/detail/battery_currents__builder.hpp
[18.806s] -- Symlinking: /home/rahul/Mir_robot/install/mir_msgs/include/mir_msgs/mir_msgs/msg/detail/battery_currents__struct.hpp
[18.821s] -- Symlinking: /home/rahul/Mir_robot/install/mir_msgs/include/mir_msgs/mir_msgs/msg/detail/battery_currents__traits.hpp
[18.835s] -- Symlinking: /home/rahul/Mir_robot/install/mir_msgs/include/mir_msgs/mir_msgs/msg/detail/battery_currents__type_support.hpp
[18.854s] -- Symlinking: /home/rahul/Mir_robot/install/mir_msgs/include/mir_msgs/mir_msgs/msg/detail/bms_data__builder.hpp
[18.871s] -- Symlinking: /home/rahul/Mir_robot/install/mir_msgs/include/mir_msgs/mir_msgs/msg/detail/bms_data__struct.hpp
[18.887s] -- Symlinking: /home/rahul/Mir_robot/install/mir_msgs/include/mir_msgs/mir_msgs/msg/detail/bms_data__traits.hpp
[18.905s] -- Symlinking: /home/rahul/Mir_robot/install/mir_msgs/include/mir_msgs/mir_msgs/msg/detail/bms_data__type_support.hpp
[18.921s] -- Symlinking: /home/rahul/Mir_robot/install/mir_msgs/include/mir_msgs/mir_msgs/msg/rosidl_generator_cpp__visibility_control.hpp
[18.937s] -- Symlinking: /home/rahul/Mir_robot/install/mir_msgs/include/mir_msgs/mir_msgs/srv/detail/exec_mission__builder.hpp
[18.955s] -- Symlinking: /home/rahul/Mir_robot/install/mir_msgs/include/mir_msgs/mir_msgs/srv/detail/exec_mission__struct.hpp
[18.971s] -- Symlinking: /home/rahul/Mir_robot/install/mir_msgs/include/mir_msgs/mir_msgs/srv/detail/exec_mission__traits.hpp
[18.988s] -- Symlinking: /home/rahul/Mir_robot/install/mir_msgs/include/mir_msgs/mir_msgs/srv/detail/exec_mission__type_support.hpp
[19.007s] -- Symlinking: /home/rahul/Mir_robot/install/mir_msgs/include/mir_msgs/mir_msgs/srv/exec_mission.hpp
[19.024s] -- Symlinking: /home/rahul/Mir_robot/install/mir_msgs/include/mir_msgs/mir_msgs/msg/detail/battery_currents__rosidl_typesupport_fastrtps_cpp.hpp
[19.040s] -- Symlinking: /home/rahul/Mir_robot/install/mir_msgs/include/mir_msgs/mir_msgs/msg/detail/bms_data__rosidl_typesupport_fastrtps_cpp.hpp
[19.057s] -- Symlinking: /home/rahul/Mir_robot/install/mir_msgs/include/mir_msgs/mir_msgs/msg/rosidl_typesupport_fastrtps_cpp__visibility_control.h
[19.073s] -- Symlinking: /home/rahul/Mir_robot/install/mir_msgs/include/mir_msgs/mir_msgs/srv/detail/exec_mission__rosidl_typesupport_fastrtps_cpp.hpp
[19.094s] -- Symlinking: /home/rahul/Mir_robot/install/mir_msgs/include/mir_msgs/mir_msgs/msg/detail/battery_currents__rosidl_typesupport_introspection_c.h
[19.113s] -- Symlinking: /home/rahul/Mir_robot/install/mir_msgs/include/mir_msgs/mir_msgs/msg/detail/bms_data__rosidl_typesupport_introspection_c.h
[19.127s] -- Symlinking: /home/rahul/Mir_robot/install/mir_msgs/include/mir_msgs/mir_msgs/msg/rosidl_typesupport_introspection_c__visibility_control.h
[19.143s] -- Symlinking: /home/rahul/Mir_robot/install/mir_msgs/include/mir_msgs/mir_msgs/srv/detail/exec_mission__rosidl_typesupport_introspection_c.h
[19.160s] -- Symlinking: /home/rahul/Mir_robot/install/mir_msgs/include/mir_msgs/mir_msgs/msg/detail/battery_currents__rosidl_typesupport_introspection_cpp.hpp
[19.178s] -- Symlinking: /home/rahul/Mir_robot/install/mir_msgs/include/mir_msgs/mir_msgs/msg/detail/bms_data__rosidl_typesupport_introspection_cpp.hpp
[19.197s] -- Symlinking: /home/rahul/Mir_robot/install/mir_msgs/include/mir_msgs/mir_msgs/srv/detail/exec_mission__rosidl_typesupport_introspection_cpp.hpp
[19.214s] -- Symlinking: /home/rahul/Mir_robot/install/mir_msgs/share/mir_msgs/environment/pythonpath.sh
[19.232s] -- Symlinking: /home/rahul/Mir_robot/install/mir_msgs/share/mir_msgs/environment/pythonpath.dsv
[19.249s] -- Symlinking: /home/rahul/Mir_robot/install/mir_msgs/local/lib/python3.10/dist-packages/mir_msgs-1.1.1-py3.10.egg-info/PKG-INFO
[19.267s] -- Symlinking: /home/rahul/Mir_robot/install/mir_msgs/local/lib/python3.10/dist-packages/mir_msgs-1.1.1-py3.10.egg-info/SOURCES.txt
[19.284s] -- Symlinking: /home/rahul/Mir_robot/install/mir_msgs/local/lib/python3.10/dist-packages/mir_msgs-1.1.1-py3.10.egg-info/dependency_links.txt
[19.304s] -- Symlinking: /home/rahul/Mir_robot/install/mir_msgs/local/lib/python3.10/dist-packages/mir_msgs-1.1.1-py3.10.egg-info/top_level.txt
[19.324s] -- Symlinking: /home/rahul/Mir_robot/install/mir_msgs/local/lib/python3.10/dist-packages/mir_msgs/__init__.py
[19.340s] -- Symlinking: /home/rahul/Mir_robot/install/mir_msgs/local/lib/python3.10/dist-packages/mir_msgs/_mir_msgs_s.ep.rosidl_typesupport_c.c
[19.357s] -- Symlinking: /home/rahul/Mir_robot/install/mir_msgs/local/lib/python3.10/dist-packages/mir_msgs/_mir_msgs_s.ep.rosidl_typesupport_fastrtps_c.c
[19.377s] -- Symlinking: /home/rahul/Mir_robot/install/mir_msgs/local/lib/python3.10/dist-packages/mir_msgs/_mir_msgs_s.ep.rosidl_typesupport_introspection_c.c
[19.394s] -- Symlinking: /home/rahul/Mir_robot/install/mir_msgs/local/lib/python3.10/dist-packages/mir_msgs/libmir_msgs__rosidl_generator_py.so
[19.411s] -- Symlinking: /home/rahul/Mir_robot/install/mir_msgs/local/lib/python3.10/dist-packages/mir_msgs/mir_msgs_s__rosidl_typesupport_c.cpython-310-x86_64-linux-gnu.so
[19.427s] -- Symlinking: /home/rahul/Mir_robot/install/mir_msgs/local/lib/python3.10/dist-packages/mir_msgs/mir_msgs_s__rosidl_typesupport_fastrtps_c.cpython-310-x86_64-linux-gnu.so
[19.446s] -- Symlinking: /home/rahul/Mir_robot/install/mir_msgs/local/lib/python3.10/dist-packages/mir_msgs/mir_msgs_s__rosidl_typesupport_introspection_c.cpython-310-x86_64-linux-gnu.so
[19.460s] -- Symlinking: /home/rahul/Mir_robot/install/mir_msgs/local/lib/python3.10/dist-packages/mir_msgs/msg/__init__.py
[19.476s] -- Symlinking: /home/rahul/Mir_robot/install/mir_msgs/local/lib/python3.10/dist-packages/mir_msgs/msg/_battery_currents.py
[19.495s] -- Symlinking: /home/rahul/Mir_robot/install/mir_msgs/local/lib/python3.10/dist-packages/mir_msgs/msg/_battery_currents_s.c
[19.512s] -- Symlinking: /home/rahul/Mir_robot/install/mir_msgs/local/lib/python3.10/dist-packages/mir_msgs/msg/_bms_data.py
[19.528s] -- Symlinking: /home/rahul/Mir_robot/install/mir_msgs/local/lib/python3.10/dist-packages/mir_msgs/msg/_bms_data_s.c
[19.544s] -- Symlinking: /home/rahul/Mir_robot/install/mir_msgs/local/lib/python3.10/dist-packages/mir_msgs/srv/__init__.py
[19.560s] -- Symlinking: /home/rahul/Mir_robot/install/mir_msgs/local/lib/python3.10/dist-packages/mir_msgs/srv/_exec_mission.py
[19.574s] -- Symlinking: /home/rahul/Mir_robot/install/mir_msgs/local/lib/python3.10/dist-packages/mir_msgs/srv/_exec_mission_s.c
[19.590s] -- Up-to-date symlink: /home/rahul/Mir_robot/install/mir_msgs/local/lib/python3.10/dist-packages/mir_msgs/mir_msgs_s__rosidl_typesupport_fastrtps_c.cpython-310-x86_64-linux-gnu.so
[19.591s] -- Up-to-date symlink: /home/rahul/Mir_robot/install/mir_msgs/local/lib/python3.10/dist-packages/mir_msgs/mir_msgs_s__rosidl_typesupport_introspection_c.cpython-310-x86_64-linux-gnu.so
[19.592s] -- Up-to-date symlink: /home/rahul/Mir_robot/install/mir_msgs/local/lib/python3.10/dist-packages/mir_msgs/mir_msgs_s__rosidl_typesupport_c.cpython-310-x86_64-linux-gnu.so
[19.594s] -- Symlinking: /home/rahul/Mir_robot/install/mir_msgs/share/ament_index/resource_index/rust_packages/mir_msgs
[19.611s] -- Symlinking: /home/rahul/Mir_robot/install/mir_msgs/share/mir_msgs/rust/Cargo.toml
[19.627s] -- Symlinking: /home/rahul/Mir_robot/install/mir_msgs/share/mir_msgs/rust/build.rs
[19.642s] -- Symlinking: /home/rahul/Mir_robot/install/mir_msgs/share/mir_msgs/rust/src/lib.rs
[19.658s] -- Symlinking: /home/rahul/Mir_robot/install/mir_msgs/share/mir_msgs/rust/src/msg.rs
[19.676s] -- Symlinking: /home/rahul/Mir_robot/install/mir_msgs/share/mir_msgs/rust/src/msg/rmw.rs
[19.695s] -- Symlinking: /home/rahul/Mir_robot/install/mir_msgs/share/mir_msgs/rust/src/srv.rs
[19.712s] -- Symlinking: /home/rahul/Mir_robot/install/mir_msgs/share/mir_msgs/rust/src/srv/rmw.rs
[19.730s] -- Symlinking: /home/rahul/Mir_robot/install/mir_msgs/share/mir_msgs/msg/BatteryCurrents.idl
[19.745s] -- Symlinking: /home/rahul/Mir_robot/install/mir_msgs/share/mir_msgs/msg/BMSData.idl
[19.761s] -- Symlinking: /home/rahul/Mir_robot/install/mir_msgs/share/mir_msgs/srv/ExecMission.idl
[19.777s] -- Symlinking: /home/rahul/Mir_robot/install/mir_msgs/share/mir_msgs/msg/BatteryCurrents.msg
[19.796s] -- Symlinking: /home/rahul/Mir_robot/install/mir_msgs/share/mir_msgs/msg/BMSData.msg
[19.814s] -- Symlinking: /home/rahul/Mir_robot/install/mir_msgs/share/mir_msgs/srv/ExecMission.srv
[19.831s] -- Symlinking: /home/rahul/Mir_robot/install/mir_msgs/share/mir_msgs/srv/ExecMission_Request.msg
[19.847s] -- Symlinking: /home/rahul/Mir_robot/install/mir_msgs/share/mir_msgs/srv/ExecMission_Response.msg
[19.863s] -- Symlinking: /home/rahul/Mir_robot/install/mir_msgs/share/ament_index/resource_index/package_run_dependencies/mir_msgs
[19.879s] -- Symlinking: /home/rahul/Mir_robot/install/mir_msgs/share/ament_index/resource_index/parent_prefix_path/mir_msgs
[19.896s] -- Symlinking: /home/rahul/Mir_robot/install/mir_msgs/share/mir_msgs/environment/ament_prefix_path.sh
[19.913s] -- Symlinking: /home/rahul/Mir_robot/install/mir_msgs/share/mir_msgs/environment/ament_prefix_path.dsv
[19.931s] -- Symlinking: /home/rahul/Mir_robot/install/mir_msgs/share/mir_msgs/environment/path.sh
[19.947s] -- Symlinking: /home/rahul/Mir_robot/install/mir_msgs/share/mir_msgs/environment/path.dsv
[19.964s] -- Symlinking: /home/rahul/Mir_robot/install/mir_msgs/share/mir_msgs/local_setup.bash
[19.981s] -- Symlinking: /home/rahul/Mir_robot/install/mir_msgs/share/mir_msgs/local_setup.sh
[19.998s] -- Symlinking: /home/rahul/Mir_robot/install/mir_msgs/share/mir_msgs/local_setup.zsh
[20.018s] -- Symlinking: /home/rahul/Mir_robot/install/mir_msgs/share/mir_msgs/local_setup.dsv
[20.042s] -- Symlinking: /home/rahul/Mir_robot/install/mir_msgs/share/mir_msgs/package.dsv
[20.056s] -- Symlinking: /home/rahul/Mir_robot/install/mir_msgs/share/ament_index/resource_index/packages/mir_msgs
[20.075s] -- Symlinking: /home/rahul/Mir_robot/install/mir_msgs/share/mir_msgs/cmake/rosidl_cmake-extras.cmake
[20.098s] -- Symlinking: /home/rahul/Mir_robot/install/mir_msgs/share/mir_msgs/cmake/ament_cmake_export_dependencies-extras.cmake
[20.116s] -- Symlinking: /home/rahul/Mir_robot/install/mir_msgs/share/mir_msgs/cmake/ament_cmake_export_include_directories-extras.cmake
[20.134s] -- Symlinking: /home/rahul/Mir_robot/install/mir_msgs/share/mir_msgs/cmake/ament_cmake_export_libraries-extras.cmake
[20.152s] -- Symlinking: /home/rahul/Mir_robot/install/mir_msgs/share/mir_msgs/cmake/ament_cmake_export_targets-extras.cmake
[20.170s] -- Symlinking: /home/rahul/Mir_robot/install/mir_msgs/share/mir_msgs/cmake/rosidl_cmake_export_typesupport_targets-extras.cmake
[20.188s] -- Symlinking: /home/rahul/Mir_robot/install/mir_msgs/share/mir_msgs/cmake/rosidl_cmake_export_typesupport_libraries-extras.cmake
[20.206s] -- Symlinking: /home/rahul/Mir_robot/install/mir_msgs/share/mir_msgs/cmake/rosidl_cmake_aggregate_target-extras.cmake
[20.223s] -- Symlinking: /home/rahul/Mir_robot/install/mir_msgs/share/mir_msgs/cmake/mir_msgsConfig.cmake
[20.244s] -- Symlinking: /home/rahul/Mir_robot/install/mir_msgs/share/mir_msgs/cmake/mir_msgsConfig-version.cmake
[20.257s] -- Symlinking: /home/rahul/Mir_robot/install/mir_msgs/share/mir_msgs/package.xml
[20.275s] -- Installing: /home/rahul/Mir_robot/install/mir_msgs/lib/libmir_msgs__rosidl_generator_c.so
[20.276s] -- Set runtime path of "/home/rahul/Mir_robot/install/mir_msgs/lib/libmir_msgs__rosidl_generator_c.so" to ""
[20.277s] -- Installing: /home/rahul/Mir_robot/install/mir_msgs/lib/libmir_msgs__rosidl_typesupport_fastrtps_c.so
[20.278s] -- Set runtime path of "/home/rahul/Mir_robot/install/mir_msgs/lib/libmir_msgs__rosidl_typesupport_fastrtps_c.so" to ""
[20.278s] -- Installing: /home/rahul/Mir_robot/install/mir_msgs/lib/libmir_msgs__rosidl_typesupport_fastrtps_cpp.so
[20.280s] -- Set runtime path of "/home/rahul/Mir_robot/install/mir_msgs/lib/libmir_msgs__rosidl_typesupport_fastrtps_cpp.so" to ""
[20.281s] -- Installing: /home/rahul/Mir_robot/install/mir_msgs/lib/libmir_msgs__rosidl_typesupport_introspection_c.so
[20.281s] -- Set runtime path of "/home/rahul/Mir_robot/install/mir_msgs/lib/libmir_msgs__rosidl_typesupport_introspection_c.so" to ""
[20.282s] -- Installing: /home/rahul/Mir_robot/install/mir_msgs/lib/libmir_msgs__rosidl_typesupport_c.so
[20.284s] -- Set runtime path of "/home/rahul/Mir_robot/install/mir_msgs/lib/libmir_msgs__rosidl_typesupport_c.so" to ""
[20.284s] -- Installing: /home/rahul/Mir_robot/install/mir_msgs/lib/libmir_msgs__rosidl_typesupport_introspection_cpp.so
[20.284s] -- Set runtime path of "/home/rahul/Mir_robot/install/mir_msgs/lib/libmir_msgs__rosidl_typesupport_introspection_cpp.so" to ""
[20.285s] -- Installing: /home/rahul/Mir_robot/install/mir_msgs/lib/libmir_msgs__rosidl_typesupport_cpp.so
[20.286s] -- Set runtime path of "/home/rahul/Mir_robot/install/mir_msgs/lib/libmir_msgs__rosidl_typesupport_cpp.so" to ""
[20.365s] Listing '/home/rahul/Mir_robot/install/mir_msgs/local/lib/python3.10/dist-packages/mir_msgs'...
[20.365s] Compiling '/home/rahul/Mir_robot/install/mir_msgs/local/lib/python3.10/dist-packages/mir_msgs/__init__.py'...
[20.366s] Listing '/home/rahul/Mir_robot/install/mir_msgs/local/lib/python3.10/dist-packages/mir_msgs/msg'...
[20.366s] Compiling '/home/rahul/Mir_robot/install/mir_msgs/local/lib/python3.10/dist-packages/mir_msgs/msg/__init__.py'...
[20.366s] Compiling '/home/rahul/Mir_robot/install/mir_msgs/local/lib/python3.10/dist-packages/mir_msgs/msg/_battery_currents.py'...
[20.366s] Compiling '/home/rahul/Mir_robot/install/mir_msgs/local/lib/python3.10/dist-packages/mir_msgs/msg/_bms_data.py'...
[20.366s] Listing '/home/rahul/Mir_robot/install/mir_msgs/local/lib/python3.10/dist-packages/mir_msgs/srv'...
[20.366s] Compiling '/home/rahul/Mir_robot/install/mir_msgs/local/lib/python3.10/dist-packages/mir_msgs/srv/__init__.py'...
[20.366s] Compiling '/home/rahul/Mir_robot/install/mir_msgs/local/lib/python3.10/dist-packages/mir_msgs/srv/_exec_mission.py'...
[20.376s] -- Installing: /home/rahul/Mir_robot/install/mir_msgs/lib/libmir_msgs__rosidl_generator_py.so
[20.376s] -- Set runtime path of "/home/rahul/Mir_robot/install/mir_msgs/lib/libmir_msgs__rosidl_generator_py.so" to ""
[20.376s] -- Installing: /home/rahul/Mir_robot/install/mir_msgs/share/mir_msgs/cmake/export_mir_msgs__rosidl_generator_cExport.cmake
[20.376s] -- Installing: /home/rahul/Mir_robot/install/mir_msgs/share/mir_msgs/cmake/export_mir_msgs__rosidl_generator_cExport-noconfig.cmake
[20.377s] -- Installing: /home/rahul/Mir_robot/install/mir_msgs/share/mir_msgs/cmake/export_mir_msgs__rosidl_typesupport_fastrtps_cExport.cmake
[20.378s] -- Installing: /home/rahul/Mir_robot/install/mir_msgs/share/mir_msgs/cmake/export_mir_msgs__rosidl_typesupport_fastrtps_cExport-noconfig.cmake
[20.378s] -- Installing: /home/rahul/Mir_robot/install/mir_msgs/share/mir_msgs/cmake/export_mir_msgs__rosidl_generator_cppExport.cmake
[20.379s] -- Installing: /home/rahul/Mir_robot/install/mir_msgs/share/mir_msgs/cmake/export_mir_msgs__rosidl_typesupport_fastrtps_cppExport.cmake
[20.379s] -- Installing: /home/rahul/Mir_robot/install/mir_msgs/share/mir_msgs/cmake/export_mir_msgs__rosidl_typesupport_fastrtps_cppExport-noconfig.cmake
[20.381s] -- Installing: /home/rahul/Mir_robot/install/mir_msgs/share/mir_msgs/cmake/mir_msgs__rosidl_typesupport_introspection_cExport.cmake
[20.381s] -- Installing: /home/rahul/Mir_robot/install/mir_msgs/share/mir_msgs/cmake/mir_msgs__rosidl_typesupport_introspection_cExport-noconfig.cmake
[20.381s] -- Installing: /home/rahul/Mir_robot/install/mir_msgs/share/mir_msgs/cmake/mir_msgs__rosidl_typesupport_cExport.cmake
[20.381s] -- Installing: /home/rahul/Mir_robot/install/mir_msgs/share/mir_msgs/cmake/mir_msgs__rosidl_typesupport_cExport-noconfig.cmake
[20.382s] -- Installing: /home/rahul/Mir_robot/install/mir_msgs/share/mir_msgs/cmake/mir_msgs__rosidl_typesupport_introspection_cppExport.cmake
[20.383s] -- Installing: /home/rahul/Mir_robot/install/mir_msgs/share/mir_msgs/cmake/mir_msgs__rosidl_typesupport_introspection_cppExport-noconfig.cmake
[20.385s] -- Installing: /home/rahul/Mir_robot/install/mir_msgs/share/mir_msgs/cmake/mir_msgs__rosidl_typesupport_cppExport.cmake
[20.385s] -- Installing: /home/rahul/Mir_robot/install/mir_msgs/share/mir_msgs/cmake/mir_msgs__rosidl_typesupport_cppExport-noconfig.cmake
[20.385s] -- Installing: /home/rahul/Mir_robot/install/mir_msgs/share/mir_msgs/cmake/export_mir_msgs__rosidl_generator_pyExport.cmake
[20.385s] -- Installing: /home/rahul/Mir_robot/install/mir_msgs/share/mir_msgs/cmake/export_mir_msgs__rosidl_generator_pyExport-noconfig.cmake
[20.625s] Invoked command in '/home/rahul/Mir_robot/build/mir_msgs' returned '0': CMAKE_PREFIX_PATH=/opt/ros/humble /usr/bin/cmake --install /home/rahul/Mir_robot/build/mir_msgs
