[0.020s] Invoking command in '/home/rahul/Mir_robot/build/ros2_aruco_interfaces': CMAKE_PREFIX_PATH=/opt/ros/humble /usr/bin/cmake /home/rahul/Mir_robot/src/mir_robot/ros2_aruco/ros2_aruco_interfaces -DAMENT_CMAKE_SYMLINK_INSTALL=1 -DCMAKE_INSTALL_PREFIX=/home/rahul/Mir_robot/install/ros2_aruco_interfaces
[0.157s] -- The C compiler identification is GNU 11.4.0
[0.285s] -- The CXX compiler identification is GNU 11.4.0
[0.304s] -- Detecting C compiler ABI info
[0.452s] -- Detecting C compiler ABI info - done
[0.473s] -- Check for working C compiler: /usr/bin/cc - skipped
[0.473s] -- Detecting C compile features
[0.474s] -- Detecting C compile features - done
[0.482s] -- Detecting CXX compiler ABI info
[0.666s] -- Detecting CXX compiler ABI info - done
[0.693s] -- Check for working CXX compiler: /usr/bin/c++ - skipped
[0.695s] -- Detecting CXX compile features
[0.697s] -- Detecting CXX compile features - done
[0.704s] -- Found ament_cmake: 1.3.14 (/opt/ros/humble/share/ament_cmake/cmake)
[1.131s] -- Found Python3: /usr/bin/python3 (found version "3.10.12") found components: Interpreter 
[1.338s] -- Override CMake install command with custom implementation using symlinks instead of copying resources
[1.599s] -- Found geometry_msgs: 4.9.1 (/opt/ros/humble/share/geometry_msgs/cmake)
[1.909s] -- Found rosidl_generator_c: 3.1.9 (/opt/ros/humble/share/rosidl_generator_c/cmake)
[1.937s] -- Found rosidl_adapter: 3.1.9 (/opt/ros/humble/share/rosidl_adapter/cmake)
[1.996s] -- Found rosidl_generator_cpp: 3.1.9 (/opt/ros/humble/share/rosidl_generator_cpp/cmake)
[2.076s] -- Using all available rosidl_typesupport_c: rosidl_typesupport_fastrtps_c;rosidl_typesupport_introspection_c
[2.172s] -- Using all available rosidl_typesupport_cpp: rosidl_typesupport_fastrtps_cpp;rosidl_typesupport_introspection_cpp
[2.441s] -- Found rosidl_default_generators: 1.2.1 (/opt/ros/humble/share/rosidl_default_generators/cmake)
[3.562s] -- Found ament_cmake_ros: 0.10.0 (/opt/ros/humble/share/ament_cmake_ros/cmake)
[4.982s] -- Using all available rosidl_typesupport_c: rosidl_typesupport_fastrtps_c;rosidl_typesupport_introspection_c
[5.720s] -- Using all available rosidl_typesupport_cpp: rosidl_typesupport_fastrtps_cpp;rosidl_typesupport_introspection_cpp
[5.811s] -- Found PythonInterp: /usr/bin/python3 (found suitable version "3.10.12", minimum required is "3.6") 
[5.823s] -- Found python_cmake_module: 0.10.0 (/opt/ros/humble/share/python_cmake_module/cmake)
[5.949s] -- Found PythonLibs: /usr/lib/x86_64-linux-gnu/libpython3.10.so (found suitable version "3.10.12", minimum required is "3.5") 
[5.950s] -- Using PYTHON_EXECUTABLE: /usr/bin/python3
[5.950s] -- Using PYTHON_INCLUDE_DIRS: /usr/include/python3.10
[5.950s] -- Using PYTHON_LIBRARIES: /usr/lib/x86_64-linux-gnu/libpython3.10.so
[6.025s] -- Found PythonExtra: .so  
[6.708s] -- Found ament_lint_auto: 0.12.15 (/opt/ros/humble/share/ament_lint_auto/cmake)
[6.828s] -- Added test 'copyright' to check source files copyright and LICENSE
[6.834s] -- Added test 'lint_cmake' to check CMake code style
[6.836s] -- Added test 'xmllint' to check XML markup files
[6.857s] -- Configuring done
[7.043s] -- Generating done
[7.099s] -- Build files have been written to: /home/rahul/Mir_robot/build/ros2_aruco_interfaces
[7.163s] Invoked command in '/home/rahul/Mir_robot/build/ros2_aruco_interfaces' returned '0': CMAKE_PREFIX_PATH=/opt/ros/humble /usr/bin/cmake /home/rahul/Mir_robot/src/mir_robot/ros2_aruco/ros2_aruco_interfaces -DAMENT_CMAKE_SYMLINK_INSTALL=1 -DCMAKE_INSTALL_PREFIX=/home/rahul/Mir_robot/install/ros2_aruco_interfaces
[7.164s] Invoking command in '/home/rahul/Mir_robot/build/ros2_aruco_interfaces': CMAKE_PREFIX_PATH=/opt/ros/humble /usr/bin/cmake --build /home/rahul/Mir_robot/build/ros2_aruco_interfaces -- -j4 -l4
[7.336s] [  3%] [34m[1mGenerating C code for ROS interfaces[0m
[7.374s] [  6%] [34m[1mGenerating Rust code for ROS interfaces[0m
[7.377s] [  9%] [34m[1mGenerating C++ code for ROS interfaces[0m
[7.469s] [  9%] Built target ament_cmake_python_symlink_ros2_aruco_interfaces
[8.012s] [  9%] Built target ros2_aruco_interfaces__rs
[8.578s] [  9%] Built target ros2_aruco_interfaces__cpp
[8.623s] [ 12%] [34m[1mGenerating C++ type support for eProsima Fast-RTPS[0m
[8.640s] [ 15%] [34m[1mGenerating C++ introspection for ROS interfaces[0m
[9.314s] [ 18%] [32mBuilding C object CMakeFiles/ros2_aruco_interfaces__rosidl_generator_c.dir/rosidl_generator_c/ros2_aruco_interfaces/msg/detail/aruco_markers__functions.c.o[0m
[9.410s] running egg_info
[9.411s] creating ros2_aruco_interfaces.egg-info
[9.411s] writing ros2_aruco_interfaces.egg-info/PKG-INFO
[9.421s] writing dependency_links to ros2_aruco_interfaces.egg-info/dependency_links.txt
[9.421s] writing top-level names to ros2_aruco_interfaces.egg-info/top_level.txt
[9.422s] writing manifest file 'ros2_aruco_interfaces.egg-info/SOURCES.txt'
[9.447s] reading manifest file 'ros2_aruco_interfaces.egg-info/SOURCES.txt'
[9.447s] writing manifest file 'ros2_aruco_interfaces.egg-info/SOURCES.txt'
[9.601s] [ 18%] Built target ament_cmake_python_build_ros2_aruco_interfaces_egg
[9.612s] [ 21%] [32mBuilding CXX object CMakeFiles/ros2_aruco_interfaces__rosidl_typesupport_fastrtps_cpp.dir/rosidl_typesupport_fastrtps_cpp/ros2_aruco_interfaces/msg/detail/dds_fastrtps/aruco_markers__type_support.cpp.o[0m
[9.622s] [ 25%] [34m[1mGenerating C++ type support dispatch for ROS interfaces[0m
[9.634s] [ 28%] [32m[1mLinking C shared library libros2_aruco_interfaces__rosidl_generator_c.so[0m
[9.818s] [ 28%] Built target ros2_aruco_interfaces__rosidl_generator_c
[9.862s] [ 31%] [34m[1mGenerating C type support for eProsima Fast-RTPS[0m
[10.230s] [ 34%] [32mBuilding CXX object CMakeFiles/ros2_aruco_interfaces__rosidl_typesupport_introspection_cpp.dir/rosidl_typesupport_introspection_cpp/ros2_aruco_interfaces/msg/detail/aruco_markers__type_support.cpp.o[0m
[10.599s] [ 37%] [32mBuilding CXX object CMakeFiles/ros2_aruco_interfaces__rosidl_typesupport_cpp.dir/rosidl_typesupport_cpp/ros2_aruco_interfaces/msg/aruco_markers__type_support.cpp.o[0m
[11.049s] [ 40%] [32mBuilding CXX object CMakeFiles/ros2_aruco_interfaces__rosidl_typesupport_fastrtps_c.dir/rosidl_typesupport_fastrtps_c/ros2_aruco_interfaces/msg/detail/aruco_markers__type_support_c.cpp.o[0m
[11.427s] [ 43%] [32m[1mLinking CXX shared library libros2_aruco_interfaces__rosidl_typesupport_cpp.so[0m
[11.578s] [ 43%] Built target ros2_aruco_interfaces__rosidl_typesupport_cpp
[11.614s] [ 46%] [34m[1mGenerating C introspection for ROS interfaces[0m
[11.721s] [ 50%] [32m[1mLinking CXX shared library libros2_aruco_interfaces__rosidl_typesupport_fastrtps_cpp.so[0m
[12.078s] [ 50%] Built target ros2_aruco_interfaces__rosidl_typesupport_fastrtps_cpp
[12.125s] [ 53%] [34m[1mGenerating C type support dispatch for ROS interfaces[0m
[12.166s] [ 56%] [32m[1mLinking CXX shared library libros2_aruco_interfaces__rosidl_typesupport_fastrtps_c.so[0m
[12.410s] [ 56%] Built target ros2_aruco_interfaces__rosidl_typesupport_fastrtps_c
[12.412s] [ 59%] [32m[1mLinking CXX shared library libros2_aruco_interfaces__rosidl_typesupport_introspection_cpp.so[0m
[12.500s] [ 62%] [32mBuilding C object CMakeFiles/ros2_aruco_interfaces__rosidl_typesupport_introspection_c.dir/rosidl_typesupport_introspection_c/ros2_aruco_interfaces/msg/detail/aruco_markers__type_support.c.o[0m
[12.637s] [ 65%] [32m[1mLinking C shared library libros2_aruco_interfaces__rosidl_typesupport_introspection_c.so[0m
[12.648s] [ 65%] Built target ros2_aruco_interfaces__rosidl_typesupport_introspection_cpp
[12.710s] [ 65%] Built target ros2_aruco_interfaces__rosidl_typesupport_introspection_c
[12.817s] [ 68%] [32mBuilding CXX object CMakeFiles/ros2_aruco_interfaces__rosidl_typesupport_c.dir/rosidl_typesupport_c/ros2_aruco_interfaces/msg/aruco_markers__type_support.cpp.o[0m
[12.880s] [ 71%] [32m[1mLinking CXX shared library libros2_aruco_interfaces__rosidl_typesupport_c.so[0m
[12.954s] [ 71%] Built target ros2_aruco_interfaces__rosidl_typesupport_c
[13.011s] [ 71%] Built target ros2_aruco_interfaces
[13.049s] [ 75%] [34m[1mGenerating Python code for ROS interfaces[0m
[13.974s] [ 75%] Built target ros2_aruco_interfaces__py
[14.011s] [ 78%] [32mBuilding C object CMakeFiles/ros2_aruco_interfaces__rosidl_generator_py.dir/rosidl_generator_py/ros2_aruco_interfaces/msg/_aruco_markers_s.c.o[0m
[14.341s] [ 81%] [32m[1mLinking C shared library rosidl_generator_py/ros2_aruco_interfaces/libros2_aruco_interfaces__rosidl_generator_py.so[0m
[14.483s] [ 81%] Built target ros2_aruco_interfaces__rosidl_generator_py
[14.551s] [ 84%] [32mBuilding C object CMakeFiles/ros2_aruco_interfaces__rosidl_typesupport_c__pyext.dir/rosidl_generator_py/ros2_aruco_interfaces/_ros2_aruco_interfaces_s.ep.rosidl_typesupport_c.c.o[0m
[14.565s] [ 90%] [32mBuilding C object CMakeFiles/ros2_aruco_interfaces__rosidl_typesupport_fastrtps_c__pyext.dir/rosidl_generator_py/ros2_aruco_interfaces/_ros2_aruco_interfaces_s.ep.rosidl_typesupport_fastrtps_c.c.o[0m
[14.565s] [ 90%] [32mBuilding C object CMakeFiles/ros2_aruco_interfaces__rosidl_typesupport_introspection_c__pyext.dir/rosidl_generator_py/ros2_aruco_interfaces/_ros2_aruco_interfaces_s.ep.rosidl_typesupport_introspection_c.c.o[0m
[14.845s] [ 93%] [32m[1mLinking C shared library rosidl_generator_py/ros2_aruco_interfaces/ros2_aruco_interfaces_s__rosidl_typesupport_introspection_c.cpython-310-x86_64-linux-gnu.so[0m
[14.921s] [ 96%] [32m[1mLinking C shared library rosidl_generator_py/ros2_aruco_interfaces/ros2_aruco_interfaces_s__rosidl_typesupport_c.cpython-310-x86_64-linux-gnu.so[0m
[15.007s] [100%] Built target ros2_aruco_interfaces__rosidl_typesupport_introspection_c__pyext
[15.008s] [100%] [32m[1mLinking C shared library rosidl_generator_py/ros2_aruco_interfaces/ros2_aruco_interfaces_s__rosidl_typesupport_fastrtps_c.cpython-310-x86_64-linux-gnu.so[0m
[15.024s] [100%] Built target ros2_aruco_interfaces__rosidl_typesupport_c__pyext
[15.102s] [100%] Built target ros2_aruco_interfaces__rosidl_typesupport_fastrtps_c__pyext
[15.131s] Invoked command in '/home/rahul/Mir_robot/build/ros2_aruco_interfaces' returned '0': CMAKE_PREFIX_PATH=/opt/ros/humble /usr/bin/cmake --build /home/rahul/Mir_robot/build/ros2_aruco_interfaces -- -j4 -l4
[15.132s] Invoking command in '/home/rahul/Mir_robot/build/ros2_aruco_interfaces': CMAKE_PREFIX_PATH=/opt/ros/humble /usr/bin/cmake --install /home/rahul/Mir_robot/build/ros2_aruco_interfaces
[15.146s] -- Install configuration: ""
[15.147s] -- Execute custom install script
[15.148s] -- Symlinking: /home/rahul/Mir_robot/install/ros2_aruco_interfaces/share/ament_index/resource_index/rosidl_interfaces/ros2_aruco_interfaces
[15.165s] -- Symlinking: /home/rahul/Mir_robot/install/ros2_aruco_interfaces/include/ros2_aruco_interfaces/ros2_aruco_interfaces/msg/aruco_markers.h
[15.182s] -- Symlinking: /home/rahul/Mir_robot/install/ros2_aruco_interfaces/include/ros2_aruco_interfaces/ros2_aruco_interfaces/msg/detail/aruco_markers__functions.h
[15.195s] -- Symlinking: /home/rahul/Mir_robot/install/ros2_aruco_interfaces/include/ros2_aruco_interfaces/ros2_aruco_interfaces/msg/detail/aruco_markers__struct.h
[15.213s] -- Symlinking: /home/rahul/Mir_robot/install/ros2_aruco_interfaces/include/ros2_aruco_interfaces/ros2_aruco_interfaces/msg/detail/aruco_markers__type_support.h
[15.232s] -- Symlinking: /home/rahul/Mir_robot/install/ros2_aruco_interfaces/include/ros2_aruco_interfaces/ros2_aruco_interfaces/msg/rosidl_generator_c__visibility_control.h
[15.245s] -- Symlinking: /home/rahul/Mir_robot/install/ros2_aruco_interfaces/share/ros2_aruco_interfaces/environment/library_path.sh
[15.261s] -- Symlinking: /home/rahul/Mir_robot/install/ros2_aruco_interfaces/share/ros2_aruco_interfaces/environment/library_path.dsv
[15.278s] -- Symlinking: /home/rahul/Mir_robot/install/ros2_aruco_interfaces/include/ros2_aruco_interfaces/ros2_aruco_interfaces/msg/detail/aruco_markers__rosidl_typesupport_fastrtps_c.h
[15.294s] -- Symlinking: /home/rahul/Mir_robot/install/ros2_aruco_interfaces/include/ros2_aruco_interfaces/ros2_aruco_interfaces/msg/rosidl_typesupport_fastrtps_c__visibility_control.h
[15.310s] -- Symlinking: /home/rahul/Mir_robot/install/ros2_aruco_interfaces/include/ros2_aruco_interfaces/ros2_aruco_interfaces/msg/aruco_markers.hpp
[15.327s] -- Symlinking: /home/rahul/Mir_robot/install/ros2_aruco_interfaces/include/ros2_aruco_interfaces/ros2_aruco_interfaces/msg/detail/aruco_markers__builder.hpp
[15.344s] -- Symlinking: /home/rahul/Mir_robot/install/ros2_aruco_interfaces/include/ros2_aruco_interfaces/ros2_aruco_interfaces/msg/detail/aruco_markers__struct.hpp
[15.360s] -- Symlinking: /home/rahul/Mir_robot/install/ros2_aruco_interfaces/include/ros2_aruco_interfaces/ros2_aruco_interfaces/msg/detail/aruco_markers__traits.hpp
[15.376s] -- Symlinking: /home/rahul/Mir_robot/install/ros2_aruco_interfaces/include/ros2_aruco_interfaces/ros2_aruco_interfaces/msg/detail/aruco_markers__type_support.hpp
[15.393s] -- Symlinking: /home/rahul/Mir_robot/install/ros2_aruco_interfaces/include/ros2_aruco_interfaces/ros2_aruco_interfaces/msg/rosidl_generator_cpp__visibility_control.hpp
[15.410s] -- Symlinking: /home/rahul/Mir_robot/install/ros2_aruco_interfaces/include/ros2_aruco_interfaces/ros2_aruco_interfaces/msg/detail/aruco_markers__rosidl_typesupport_fastrtps_cpp.hpp
[15.426s] -- Symlinking: /home/rahul/Mir_robot/install/ros2_aruco_interfaces/include/ros2_aruco_interfaces/ros2_aruco_interfaces/msg/rosidl_typesupport_fastrtps_cpp__visibility_control.h
[15.443s] -- Symlinking: /home/rahul/Mir_robot/install/ros2_aruco_interfaces/include/ros2_aruco_interfaces/ros2_aruco_interfaces/msg/detail/aruco_markers__rosidl_typesupport_introspection_c.h
[15.460s] -- Symlinking: /home/rahul/Mir_robot/install/ros2_aruco_interfaces/include/ros2_aruco_interfaces/ros2_aruco_interfaces/msg/rosidl_typesupport_introspection_c__visibility_control.h
[15.478s] -- Symlinking: /home/rahul/Mir_robot/install/ros2_aruco_interfaces/include/ros2_aruco_interfaces/ros2_aruco_interfaces/msg/detail/aruco_markers__rosidl_typesupport_introspection_cpp.hpp
[15.496s] -- Symlinking: /home/rahul/Mir_robot/install/ros2_aruco_interfaces/share/ros2_aruco_interfaces/environment/pythonpath.sh
[15.514s] -- Symlinking: /home/rahul/Mir_robot/install/ros2_aruco_interfaces/share/ros2_aruco_interfaces/environment/pythonpath.dsv
[15.530s] -- Symlinking: /home/rahul/Mir_robot/install/ros2_aruco_interfaces/local/lib/python3.10/dist-packages/ros2_aruco_interfaces-0.1.0-py3.10.egg-info/PKG-INFO
[15.546s] -- Symlinking: /home/rahul/Mir_robot/install/ros2_aruco_interfaces/local/lib/python3.10/dist-packages/ros2_aruco_interfaces-0.1.0-py3.10.egg-info/SOURCES.txt
[15.563s] -- Symlinking: /home/rahul/Mir_robot/install/ros2_aruco_interfaces/local/lib/python3.10/dist-packages/ros2_aruco_interfaces-0.1.0-py3.10.egg-info/dependency_links.txt
[15.579s] -- Symlinking: /home/rahul/Mir_robot/install/ros2_aruco_interfaces/local/lib/python3.10/dist-packages/ros2_aruco_interfaces-0.1.0-py3.10.egg-info/top_level.txt
[15.598s] -- Symlinking: /home/rahul/Mir_robot/install/ros2_aruco_interfaces/local/lib/python3.10/dist-packages/ros2_aruco_interfaces/__init__.py
[15.615s] -- Symlinking: /home/rahul/Mir_robot/install/ros2_aruco_interfaces/local/lib/python3.10/dist-packages/ros2_aruco_interfaces/_ros2_aruco_interfaces_s.ep.rosidl_typesupport_c.c
[15.632s] -- Symlinking: /home/rahul/Mir_robot/install/ros2_aruco_interfaces/local/lib/python3.10/dist-packages/ros2_aruco_interfaces/_ros2_aruco_interfaces_s.ep.rosidl_typesupport_fastrtps_c.c
[15.648s] -- Symlinking: /home/rahul/Mir_robot/install/ros2_aruco_interfaces/local/lib/python3.10/dist-packages/ros2_aruco_interfaces/_ros2_aruco_interfaces_s.ep.rosidl_typesupport_introspection_c.c
[15.665s] -- Symlinking: /home/rahul/Mir_robot/install/ros2_aruco_interfaces/local/lib/python3.10/dist-packages/ros2_aruco_interfaces/libros2_aruco_interfaces__rosidl_generator_py.so
[15.690s] -- Symlinking: /home/rahul/Mir_robot/install/ros2_aruco_interfaces/local/lib/python3.10/dist-packages/ros2_aruco_interfaces/msg/__init__.py
[15.706s] -- Symlinking: /home/rahul/Mir_robot/install/ros2_aruco_interfaces/local/lib/python3.10/dist-packages/ros2_aruco_interfaces/msg/_aruco_markers.py
[15.725s] -- Symlinking: /home/rahul/Mir_robot/install/ros2_aruco_interfaces/local/lib/python3.10/dist-packages/ros2_aruco_interfaces/msg/_aruco_markers_s.c
[15.744s] -- Symlinking: /home/rahul/Mir_robot/install/ros2_aruco_interfaces/local/lib/python3.10/dist-packages/ros2_aruco_interfaces/ros2_aruco_interfaces_s__rosidl_typesupport_c.cpython-310-x86_64-linux-gnu.so
[15.761s] -- Symlinking: /home/rahul/Mir_robot/install/ros2_aruco_interfaces/local/lib/python3.10/dist-packages/ros2_aruco_interfaces/ros2_aruco_interfaces_s__rosidl_typesupport_fastrtps_c.cpython-310-x86_64-linux-gnu.so
[15.779s] -- Symlinking: /home/rahul/Mir_robot/install/ros2_aruco_interfaces/local/lib/python3.10/dist-packages/ros2_aruco_interfaces/ros2_aruco_interfaces_s__rosidl_typesupport_introspection_c.cpython-310-x86_64-linux-gnu.so
[15.797s] -- Up-to-date symlink: /home/rahul/Mir_robot/install/ros2_aruco_interfaces/local/lib/python3.10/dist-packages/ros2_aruco_interfaces/ros2_aruco_interfaces_s__rosidl_typesupport_fastrtps_c.cpython-310-x86_64-linux-gnu.so
[15.797s] -- Up-to-date symlink: /home/rahul/Mir_robot/install/ros2_aruco_interfaces/local/lib/python3.10/dist-packages/ros2_aruco_interfaces/ros2_aruco_interfaces_s__rosidl_typesupport_introspection_c.cpython-310-x86_64-linux-gnu.so
[15.798s] -- Up-to-date symlink: /home/rahul/Mir_robot/install/ros2_aruco_interfaces/local/lib/python3.10/dist-packages/ros2_aruco_interfaces/ros2_aruco_interfaces_s__rosidl_typesupport_c.cpython-310-x86_64-linux-gnu.so
[15.798s] -- Symlinking: /home/rahul/Mir_robot/install/ros2_aruco_interfaces/share/ament_index/resource_index/rust_packages/ros2_aruco_interfaces
[15.816s] -- Symlinking: /home/rahul/Mir_robot/install/ros2_aruco_interfaces/share/ros2_aruco_interfaces/rust/Cargo.toml
[15.833s] -- Symlinking: /home/rahul/Mir_robot/install/ros2_aruco_interfaces/share/ros2_aruco_interfaces/rust/build.rs
[15.850s] -- Symlinking: /home/rahul/Mir_robot/install/ros2_aruco_interfaces/share/ros2_aruco_interfaces/rust/src/lib.rs
[15.867s] -- Symlinking: /home/rahul/Mir_robot/install/ros2_aruco_interfaces/share/ros2_aruco_interfaces/rust/src/msg.rs
[15.894s] -- Symlinking: /home/rahul/Mir_robot/install/ros2_aruco_interfaces/share/ros2_aruco_interfaces/rust/src/msg/rmw.rs
[15.912s] -- Symlinking: /home/rahul/Mir_robot/install/ros2_aruco_interfaces/share/ros2_aruco_interfaces/msg/ArucoMarkers.idl
[15.930s] -- Symlinking: /home/rahul/Mir_robot/install/ros2_aruco_interfaces/share/ros2_aruco_interfaces/msg/ArucoMarkers.msg
[15.947s] -- Symlinking: /home/rahul/Mir_robot/install/ros2_aruco_interfaces/share/ament_index/resource_index/package_run_dependencies/ros2_aruco_interfaces
[15.964s] -- Symlinking: /home/rahul/Mir_robot/install/ros2_aruco_interfaces/share/ament_index/resource_index/parent_prefix_path/ros2_aruco_interfaces
[15.984s] -- Symlinking: /home/rahul/Mir_robot/install/ros2_aruco_interfaces/share/ros2_aruco_interfaces/environment/ament_prefix_path.sh
[16.001s] -- Symlinking: /home/rahul/Mir_robot/install/ros2_aruco_interfaces/share/ros2_aruco_interfaces/environment/ament_prefix_path.dsv
[16.017s] -- Symlinking: /home/rahul/Mir_robot/install/ros2_aruco_interfaces/share/ros2_aruco_interfaces/environment/path.sh
[16.034s] -- Symlinking: /home/rahul/Mir_robot/install/ros2_aruco_interfaces/share/ros2_aruco_interfaces/environment/path.dsv
[16.050s] -- Symlinking: /home/rahul/Mir_robot/install/ros2_aruco_interfaces/share/ros2_aruco_interfaces/local_setup.bash
[16.068s] -- Symlinking: /home/rahul/Mir_robot/install/ros2_aruco_interfaces/share/ros2_aruco_interfaces/local_setup.sh
[16.089s] -- Symlinking: /home/rahul/Mir_robot/install/ros2_aruco_interfaces/share/ros2_aruco_interfaces/local_setup.zsh
[16.106s] -- Symlinking: /home/rahul/Mir_robot/install/ros2_aruco_interfaces/share/ros2_aruco_interfaces/local_setup.dsv
[16.124s] -- Symlinking: /home/rahul/Mir_robot/install/ros2_aruco_interfaces/share/ros2_aruco_interfaces/package.dsv
[16.142s] -- Symlinking: /home/rahul/Mir_robot/install/ros2_aruco_interfaces/share/ament_index/resource_index/packages/ros2_aruco_interfaces
[16.160s] -- Symlinking: /home/rahul/Mir_robot/install/ros2_aruco_interfaces/share/ros2_aruco_interfaces/cmake/rosidl_cmake-extras.cmake
[16.183s] -- Symlinking: /home/rahul/Mir_robot/install/ros2_aruco_interfaces/share/ros2_aruco_interfaces/cmake/ament_cmake_export_dependencies-extras.cmake
[16.197s] -- Symlinking: /home/rahul/Mir_robot/install/ros2_aruco_interfaces/share/ros2_aruco_interfaces/cmake/ament_cmake_export_include_directories-extras.cmake
[16.215s] -- Symlinking: /home/rahul/Mir_robot/install/ros2_aruco_interfaces/share/ros2_aruco_interfaces/cmake/ament_cmake_export_libraries-extras.cmake
[16.232s] -- Symlinking: /home/rahul/Mir_robot/install/ros2_aruco_interfaces/share/ros2_aruco_interfaces/cmake/ament_cmake_export_targets-extras.cmake
[16.250s] -- Symlinking: /home/rahul/Mir_robot/install/ros2_aruco_interfaces/share/ros2_aruco_interfaces/cmake/rosidl_cmake_export_typesupport_targets-extras.cmake
[16.268s] -- Symlinking: /home/rahul/Mir_robot/install/ros2_aruco_interfaces/share/ros2_aruco_interfaces/cmake/rosidl_cmake_export_typesupport_libraries-extras.cmake
[16.287s] -- Symlinking: /home/rahul/Mir_robot/install/ros2_aruco_interfaces/share/ros2_aruco_interfaces/cmake/rosidl_cmake_aggregate_target-extras.cmake
[16.304s] -- Symlinking: /home/rahul/Mir_robot/install/ros2_aruco_interfaces/share/ros2_aruco_interfaces/cmake/ros2_aruco_interfacesConfig.cmake
[16.320s] -- Symlinking: /home/rahul/Mir_robot/install/ros2_aruco_interfaces/share/ros2_aruco_interfaces/cmake/ros2_aruco_interfacesConfig-version.cmake
[16.336s] -- Symlinking: /home/rahul/Mir_robot/install/ros2_aruco_interfaces/share/ros2_aruco_interfaces/package.xml
[16.353s] -- Installing: /home/rahul/Mir_robot/install/ros2_aruco_interfaces/lib/libros2_aruco_interfaces__rosidl_generator_c.so
[16.353s] -- Set runtime path of "/home/rahul/Mir_robot/install/ros2_aruco_interfaces/lib/libros2_aruco_interfaces__rosidl_generator_c.so" to ""
[16.354s] -- Installing: /home/rahul/Mir_robot/install/ros2_aruco_interfaces/lib/libros2_aruco_interfaces__rosidl_typesupport_fastrtps_c.so
[16.355s] -- Set runtime path of "/home/rahul/Mir_robot/install/ros2_aruco_interfaces/lib/libros2_aruco_interfaces__rosidl_typesupport_fastrtps_c.so" to ""
[16.357s] -- Installing: /home/rahul/Mir_robot/install/ros2_aruco_interfaces/lib/libros2_aruco_interfaces__rosidl_typesupport_fastrtps_cpp.so
[16.357s] -- Set runtime path of "/home/rahul/Mir_robot/install/ros2_aruco_interfaces/lib/libros2_aruco_interfaces__rosidl_typesupport_fastrtps_cpp.so" to ""
[16.358s] -- Installing: /home/rahul/Mir_robot/install/ros2_aruco_interfaces/lib/libros2_aruco_interfaces__rosidl_typesupport_introspection_c.so
[16.359s] -- Set runtime path of "/home/rahul/Mir_robot/install/ros2_aruco_interfaces/lib/libros2_aruco_interfaces__rosidl_typesupport_introspection_c.so" to ""
[16.359s] -- Installing: /home/rahul/Mir_robot/install/ros2_aruco_interfaces/lib/libros2_aruco_interfaces__rosidl_typesupport_c.so
[16.360s] -- Set runtime path of "/home/rahul/Mir_robot/install/ros2_aruco_interfaces/lib/libros2_aruco_interfaces__rosidl_typesupport_c.so" to ""
[16.362s] -- Installing: /home/rahul/Mir_robot/install/ros2_aruco_interfaces/lib/libros2_aruco_interfaces__rosidl_typesupport_introspection_cpp.so
[16.362s] -- Set runtime path of "/home/rahul/Mir_robot/install/ros2_aruco_interfaces/lib/libros2_aruco_interfaces__rosidl_typesupport_introspection_cpp.so" to ""
[16.363s] -- Installing: /home/rahul/Mir_robot/install/ros2_aruco_interfaces/lib/libros2_aruco_interfaces__rosidl_typesupport_cpp.so
[16.364s] -- Set runtime path of "/home/rahul/Mir_robot/install/ros2_aruco_interfaces/lib/libros2_aruco_interfaces__rosidl_typesupport_cpp.so" to ""
[16.437s] Listing '/home/rahul/Mir_robot/install/ros2_aruco_interfaces/local/lib/python3.10/dist-packages/ros2_aruco_interfaces'...
[16.437s] Compiling '/home/rahul/Mir_robot/install/ros2_aruco_interfaces/local/lib/python3.10/dist-packages/ros2_aruco_interfaces/__init__.py'...
[16.438s] Listing '/home/rahul/Mir_robot/install/ros2_aruco_interfaces/local/lib/python3.10/dist-packages/ros2_aruco_interfaces/msg'...
[16.438s] Compiling '/home/rahul/Mir_robot/install/ros2_aruco_interfaces/local/lib/python3.10/dist-packages/ros2_aruco_interfaces/msg/__init__.py'...
[16.438s] Compiling '/home/rahul/Mir_robot/install/ros2_aruco_interfaces/local/lib/python3.10/dist-packages/ros2_aruco_interfaces/msg/_aruco_markers.py'...
[16.450s] -- Installing: /home/rahul/Mir_robot/install/ros2_aruco_interfaces/lib/libros2_aruco_interfaces__rosidl_generator_py.so
[16.450s] -- Set runtime path of "/home/rahul/Mir_robot/install/ros2_aruco_interfaces/lib/libros2_aruco_interfaces__rosidl_generator_py.so" to ""
[16.450s] -- Installing: /home/rahul/Mir_robot/install/ros2_aruco_interfaces/share/ros2_aruco_interfaces/cmake/export_ros2_aruco_interfaces__rosidl_generator_cExport.cmake
[16.451s] -- Installing: /home/rahul/Mir_robot/install/ros2_aruco_interfaces/share/ros2_aruco_interfaces/cmake/export_ros2_aruco_interfaces__rosidl_generator_cExport-noconfig.cmake
[16.452s] -- Installing: /home/rahul/Mir_robot/install/ros2_aruco_interfaces/share/ros2_aruco_interfaces/cmake/export_ros2_aruco_interfaces__rosidl_typesupport_fastrtps_cExport.cmake
[16.453s] -- Installing: /home/rahul/Mir_robot/install/ros2_aruco_interfaces/share/ros2_aruco_interfaces/cmake/export_ros2_aruco_interfaces__rosidl_typesupport_fastrtps_cExport-noconfig.cmake
[16.454s] -- Installing: /home/rahul/Mir_robot/install/ros2_aruco_interfaces/share/ros2_aruco_interfaces/cmake/export_ros2_aruco_interfaces__rosidl_generator_cppExport.cmake
[16.454s] -- Installing: /home/rahul/Mir_robot/install/ros2_aruco_interfaces/share/ros2_aruco_interfaces/cmake/export_ros2_aruco_interfaces__rosidl_typesupport_fastrtps_cppExport.cmake
[16.455s] -- Installing: /home/rahul/Mir_robot/install/ros2_aruco_interfaces/share/ros2_aruco_interfaces/cmake/export_ros2_aruco_interfaces__rosidl_typesupport_fastrtps_cppExport-noconfig.cmake
[16.456s] -- Installing: /home/rahul/Mir_robot/install/ros2_aruco_interfaces/share/ros2_aruco_interfaces/cmake/ros2_aruco_interfaces__rosidl_typesupport_introspection_cExport.cmake
[16.456s] -- Installing: /home/rahul/Mir_robot/install/ros2_aruco_interfaces/share/ros2_aruco_interfaces/cmake/ros2_aruco_interfaces__rosidl_typesupport_introspection_cExport-noconfig.cmake
[16.457s] -- Installing: /home/rahul/Mir_robot/install/ros2_aruco_interfaces/share/ros2_aruco_interfaces/cmake/ros2_aruco_interfaces__rosidl_typesupport_cExport.cmake
[16.458s] -- Installing: /home/rahul/Mir_robot/install/ros2_aruco_interfaces/share/ros2_aruco_interfaces/cmake/ros2_aruco_interfaces__rosidl_typesupport_cExport-noconfig.cmake
[16.458s] -- Installing: /home/rahul/Mir_robot/install/ros2_aruco_interfaces/share/ros2_aruco_interfaces/cmake/ros2_aruco_interfaces__rosidl_typesupport_introspection_cppExport.cmake
[16.459s] -- Installing: /home/rahul/Mir_robot/install/ros2_aruco_interfaces/share/ros2_aruco_interfaces/cmake/ros2_aruco_interfaces__rosidl_typesupport_introspection_cppExport-noconfig.cmake
[16.460s] -- Installing: /home/rahul/Mir_robot/install/ros2_aruco_interfaces/share/ros2_aruco_interfaces/cmake/ros2_aruco_interfaces__rosidl_typesupport_cppExport.cmake
[16.460s] -- Installing: /home/rahul/Mir_robot/install/ros2_aruco_interfaces/share/ros2_aruco_interfaces/cmake/ros2_aruco_interfaces__rosidl_typesupport_cppExport-noconfig.cmake
[16.461s] -- Installing: /home/rahul/Mir_robot/install/ros2_aruco_interfaces/share/ros2_aruco_interfaces/cmake/export_ros2_aruco_interfaces__rosidl_generator_pyExport.cmake
[16.464s] -- Installing: /home/rahul/Mir_robot/install/ros2_aruco_interfaces/share/ros2_aruco_interfaces/cmake/export_ros2_aruco_interfaces__rosidl_generator_pyExport-noconfig.cmake
[16.466s] Invoked command in '/home/rahul/Mir_robot/build/ros2_aruco_interfaces' returned '0': CMAKE_PREFIX_PATH=/opt/ros/humble /usr/bin/cmake --install /home/rahul/Mir_robot/build/ros2_aruco_interfaces
