running develop
running egg_info
creating point_cloud_functions.egg-info
writing point_cloud_functions.egg-info/PKG-INFO
writing dependency_links to point_cloud_functions.egg-info/dependency_links.txt
writing entry points to point_cloud_functions.egg-info/entry_points.txt
writing requirements to point_cloud_functions.egg-info/requires.txt
writing top-level names to point_cloud_functions.egg-info/top_level.txt
writing manifest file 'point_cloud_functions.egg-info/SOURCES.txt'
reading manifest file 'point_cloud_functions.egg-info/SOURCES.txt'
writing manifest file 'point_cloud_functions.egg-info/SOURCES.txt'
running build_ext
Creating /home/rahul/Mir_robot/install/point_cloud_functions/lib/python3.10/site-packages/point-cloud-functions.egg-link (link to .)
Installing point_cloud_reader script to /home/rahul/Mir_robot/install/point_cloud_functions/lib/point_cloud_functions

Installed /home/rahul/Mir_robot/build/point_cloud_functions
running symlink_data
creating /home/rahul/Mir_robot/install/point_cloud_functions/share/ament_index
creating /home/rahul/Mir_robot/install/point_cloud_functions/share/ament_index/resource_index
creating /home/rahul/Mir_robot/install/point_cloud_functions/share/ament_index/resource_index/packages
symbolically linking /home/rahul/Mir_robot/build/point_cloud_functions/resource/point_cloud_functions -> /home/rahul/Mir_robot/install/point_cloud_functions/share/ament_index/resource_index/packages
symbolically linking /home/rahul/Mir_robot/build/point_cloud_functions/package.xml -> /home/rahul/Mir_robot/install/point_cloud_functions/share/point_cloud_functions
