running develop
running egg_info
creating ros2_aruco.egg-info
writing ros2_aruco.egg-info/PKG-INFO
writing dependency_links to ros2_aruco.egg-info/dependency_links.txt
writing entry points to ros2_aruco.egg-info/entry_points.txt
writing requirements to ros2_aruco.egg-info/requires.txt
writing top-level names to ros2_aruco.egg-info/top_level.txt
writing manifest file 'ros2_aruco.egg-info/SOURCES.txt'
reading manifest file 'ros2_aruco.egg-info/SOURCES.txt'
writing manifest file 'ros2_aruco.egg-info/SOURCES.txt'
running build_ext
Creating /home/rahul/Mir_robot/install/ros2_aruco/lib/python3.10/site-packages/ros2-aruco.egg-link (link to .)
Installing aruco_generate_marker script to /home/rahul/Mir_robot/install/ros2_aruco/lib/ros2_aruco
Installing aruco_node script to /home/rahul/Mir_robot/install/ros2_aruco/lib/ros2_aruco
Installing aruco_pose_to_manipulate script to /home/rahul/Mir_robot/install/ros2_aruco/lib/ros2_aruco
Installing aruco_pose_to_moveit script to /home/rahul/Mir_robot/install/ros2_aruco/lib/ros2_aruco
Installing aruco_pose_to_nav_goal script to /home/rahul/Mir_robot/install/ros2_aruco/lib/ros2_aruco

Installed /home/rahul/Mir_robot/build/ros2_aruco
running symlink_data
creating /home/rahul/Mir_robot/install/ros2_aruco/share/ament_index
creating /home/rahul/Mir_robot/install/ros2_aruco/share/ament_index/resource_index
creating /home/rahul/Mir_robot/install/ros2_aruco/share/ament_index/resource_index/packages
symbolically linking /home/rahul/Mir_robot/build/ros2_aruco/resource/ros2_aruco -> /home/rahul/Mir_robot/install/ros2_aruco/share/ament_index/resource_index/packages
symbolically linking /home/rahul/Mir_robot/build/ros2_aruco/package.xml -> /home/rahul/Mir_robot/install/ros2_aruco/share/ros2_aruco
creating /home/rahul/Mir_robot/install/ros2_aruco/share/ros2_aruco/launch
symbolically linking /home/rahul/Mir_robot/build/ros2_aruco/launch/aruco_recognition.launch.py -> /home/rahul/Mir_robot/install/ros2_aruco/share/ros2_aruco/launch
creating /home/rahul/Mir_robot/install/ros2_aruco/share/ros2_aruco/config
symbolically linking /home/rahul/Mir_robot/build/ros2_aruco/config/aruco_parameters.yaml -> /home/rahul/Mir_robot/install/ros2_aruco/share/ros2_aruco/config
