[3.073s] Invoking command in '/home/rahul/Mir_robot/build/ros2_aruco': AMENT_PREFIX_PATH=/home/rahul/Mir_robot/install/ros2_aruco_interfaces:${AMENT_PREFIX_PATH} CMAKE_PREFIX_PATH=/home/rahul/Mir_robot/install/ros2_aruco_interfaces LD_LIBRARY_PATH=/home/rahul/Mir_robot/install/ros2_aruco_interfaces/lib:${LD_LIBRARY_PATH} PYTHONPATH=/home/rahul/Mir_robot/build/ros2_aruco/prefix_override:/usr/lib/python3/dist-packages/colcon_core/task/python/colcon_distutils_commands:/home/rahul/Mir_robot/install/ros2_aruco/lib/python3.10/site-packages:/home/rahul/Mir_robot/install/ros2_aruco_interfaces/local/lib/python3.10/dist-packages:${PYTHONPATH} /usr/bin/python3 -W ignore:setup.py install is deprecated -W ignore:easy_install command is deprecated setup.py develop --editable --build-directory /home/rahul/Mir_robot/build/ros2_aruco/build --no-deps symlink_data
[3.772s] running develop
[4.409s] running egg_info
[4.409s] creating ros2_aruco.egg-info
[4.409s] writing ros2_aruco.egg-info/PKG-INFO
[4.409s] writing dependency_links to ros2_aruco.egg-info/dependency_links.txt
[4.410s] writing entry points to ros2_aruco.egg-info/entry_points.txt
[4.410s] writing requirements to ros2_aruco.egg-info/requires.txt
[4.411s] writing top-level names to ros2_aruco.egg-info/top_level.txt
[4.417s] writing manifest file 'ros2_aruco.egg-info/SOURCES.txt'
[4.421s] reading manifest file 'ros2_aruco.egg-info/SOURCES.txt'
[4.429s] writing manifest file 'ros2_aruco.egg-info/SOURCES.txt'
[4.433s] running build_ext
[4.435s] Creating /home/rahul/Mir_robot/install/ros2_aruco/lib/python3.10/site-packages/ros2-aruco.egg-link (link to .)
[4.435s] Installing aruco_generate_marker script to /home/rahul/Mir_robot/install/ros2_aruco/lib/ros2_aruco
[4.440s] Installing aruco_node script to /home/rahul/Mir_robot/install/ros2_aruco/lib/ros2_aruco
[4.440s] Installing aruco_pose_to_manipulate script to /home/rahul/Mir_robot/install/ros2_aruco/lib/ros2_aruco
[4.440s] Installing aruco_pose_to_moveit script to /home/rahul/Mir_robot/install/ros2_aruco/lib/ros2_aruco
[4.440s] Installing aruco_pose_to_nav_goal script to /home/rahul/Mir_robot/install/ros2_aruco/lib/ros2_aruco
[4.440s] 
[4.441s] Installed /home/rahul/Mir_robot/build/ros2_aruco
[4.441s] running symlink_data
[4.442s] creating /home/rahul/Mir_robot/install/ros2_aruco/share/ament_index
[4.442s] creating /home/rahul/Mir_robot/install/ros2_aruco/share/ament_index/resource_index
[4.442s] creating /home/rahul/Mir_robot/install/ros2_aruco/share/ament_index/resource_index/packages
[4.447s] symbolically linking /home/rahul/Mir_robot/build/ros2_aruco/resource/ros2_aruco -> /home/rahul/Mir_robot/install/ros2_aruco/share/ament_index/resource_index/packages
[4.448s] symbolically linking /home/rahul/Mir_robot/build/ros2_aruco/package.xml -> /home/rahul/Mir_robot/install/ros2_aruco/share/ros2_aruco
[4.448s] creating /home/rahul/Mir_robot/install/ros2_aruco/share/ros2_aruco/launch
[4.448s] symbolically linking /home/rahul/Mir_robot/build/ros2_aruco/launch/aruco_recognition.launch.py -> /home/rahul/Mir_robot/install/ros2_aruco/share/ros2_aruco/launch
[4.448s] creating /home/rahul/Mir_robot/install/ros2_aruco/share/ros2_aruco/config
[4.448s] symbolically linking /home/rahul/Mir_robot/build/ros2_aruco/config/aruco_parameters.yaml -> /home/rahul/Mir_robot/install/ros2_aruco/share/ros2_aruco/config
[4.550s] Invoked command in '/home/rahul/Mir_robot/build/ros2_aruco' returned '0': AMENT_PREFIX_PATH=/home/rahul/Mir_robot/install/ros2_aruco_interfaces:${AMENT_PREFIX_PATH} CMAKE_PREFIX_PATH=/home/rahul/Mir_robot/install/ros2_aruco_interfaces LD_LIBRARY_PATH=/home/rahul/Mir_robot/install/ros2_aruco_interfaces/lib:${LD_LIBRARY_PATH} PYTHONPATH=/home/rahul/Mir_robot/build/ros2_aruco/prefix_override:/usr/lib/python3/dist-packages/colcon_core/task/python/colcon_distutils_commands:/home/rahul/Mir_robot/install/ros2_aruco/lib/python3.10/site-packages:/home/rahul/Mir_robot/install/ros2_aruco_interfaces/local/lib/python3.10/dist-packages:${PYTHONPATH} /usr/bin/python3 -W ignore:setup.py install is deprecated -W ignore:easy_install command is deprecated setup.py develop --editable --build-directory /home/rahul/Mir_robot/build/ros2_aruco/build --no-deps symlink_data
