[0.013s] Invoking command in '/home/rahul/Mir_robot/build/mir_robot': AMENT_PREFIX_PATH=/home/rahul/Mir_robot/install/mir_gazebo:/home/rahul/Mir_robot/install/mir_description:/home/rahul/Mir_robot/install/ira_laser_tools:${AMENT_PREFIX_PATH} CMAKE_PREFIX_PATH=/home/rahul/Mir_robot/install/mir_gazebo:/home/rahul/Mir_robot/install/mir_description:/home/rahul/Mir_robot/install/ira_laser_tools:/opt/ros/humble /usr/bin/cmake /home/rahul/Mir_robot/src/mir_robot/mir_robot/mir_robot -DAMENT_CMAKE_SYMLINK_INSTALL=1 -DCMAKE_INSTALL_PREFIX=/home/rahul/Mir_robot/install/mir_robot
[0.085s] -- The C compiler identification is GNU 11.4.0
[0.157s] -- The CXX compiler identification is GNU 11.4.0
[0.166s] -- Detecting C compiler ABI info
[0.258s] -- Detecting C compiler ABI info - done
[0.267s] -- Check for working C compiler: /usr/bin/cc - skipped
[0.268s] -- Detecting C compile features
[0.268s] -- Detecting C compile features - done
[0.272s] -- Detecting CXX compiler ABI info
[0.375s] -- Detecting CXX compiler ABI info - done
[0.385s] -- Check for working CXX compiler: /usr/bin/c++ - skipped
[0.385s] -- Detecting CXX compile features
[0.386s] -- Detecting CXX compile features - done
[0.390s] -- Found ament_cmake: 1.3.14 (/opt/ros/humble/share/ament_cmake/cmake)
[0.573s] -- Found Python3: /usr/bin/python3 (found version "3.10.12") found components: Interpreter 
[0.651s] -- Override CMake install command with custom implementation using symlinks instead of copying resources
[0.772s] -- Configuring done
[0.776s] -- Generating done
[0.778s] -- Build files have been written to: /home/rahul/Mir_robot/build/mir_robot
[0.784s] Invoked command in '/home/rahul/Mir_robot/build/mir_robot' returned '0': AMENT_PREFIX_PATH=/home/rahul/Mir_robot/install/mir_gazebo:/home/rahul/Mir_robot/install/mir_description:/home/rahul/Mir_robot/install/ira_laser_tools:${AMENT_PREFIX_PATH} CMAKE_PREFIX_PATH=/home/rahul/Mir_robot/install/mir_gazebo:/home/rahul/Mir_robot/install/mir_description:/home/rahul/Mir_robot/install/ira_laser_tools:/opt/ros/humble /usr/bin/cmake /home/rahul/Mir_robot/src/mir_robot/mir_robot/mir_robot -DAMENT_CMAKE_SYMLINK_INSTALL=1 -DCMAKE_INSTALL_PREFIX=/home/rahul/Mir_robot/install/mir_robot
[0.786s] Invoking command in '/home/rahul/Mir_robot/build/mir_robot': AMENT_PREFIX_PATH=/home/rahul/Mir_robot/install/mir_gazebo:/home/rahul/Mir_robot/install/mir_description:/home/rahul/Mir_robot/install/ira_laser_tools:${AMENT_PREFIX_PATH} CMAKE_PREFIX_PATH=/home/rahul/Mir_robot/install/mir_gazebo:/home/rahul/Mir_robot/install/mir_description:/home/rahul/Mir_robot/install/ira_laser_tools:/opt/ros/humble /usr/bin/cmake --build /home/rahul/Mir_robot/build/mir_robot -- -j4 -l4
[0.835s] Invoked command in '/home/rahul/Mir_robot/build/mir_robot' returned '0': AMENT_PREFIX_PATH=/home/rahul/Mir_robot/install/mir_gazebo:/home/rahul/Mir_robot/install/mir_description:/home/rahul/Mir_robot/install/ira_laser_tools:${AMENT_PREFIX_PATH} CMAKE_PREFIX_PATH=/home/rahul/Mir_robot/install/mir_gazebo:/home/rahul/Mir_robot/install/mir_description:/home/rahul/Mir_robot/install/ira_laser_tools:/opt/ros/humble /usr/bin/cmake --build /home/rahul/Mir_robot/build/mir_robot -- -j4 -l4
[0.837s] Invoking command in '/home/rahul/Mir_robot/build/mir_robot': AMENT_PREFIX_PATH=/home/rahul/Mir_robot/install/mir_gazebo:/home/rahul/Mir_robot/install/mir_description:/home/rahul/Mir_robot/install/ira_laser_tools:${AMENT_PREFIX_PATH} CMAKE_PREFIX_PATH=/home/rahul/Mir_robot/install/mir_gazebo:/home/rahul/Mir_robot/install/mir_description:/home/rahul/Mir_robot/install/ira_laser_tools:/opt/ros/humble /usr/bin/cmake --install /home/rahul/Mir_robot/build/mir_robot
[0.847s] -- Install configuration: ""
[0.847s] -- Execute custom install script
[0.848s] -- Symlinking: /home/rahul/Mir_robot/install/mir_robot/share/ament_index/resource_index/package_run_dependencies/mir_robot
[0.859s] -- Symlinking: /home/rahul/Mir_robot/install/mir_robot/share/ament_index/resource_index/parent_prefix_path/mir_robot
[0.871s] -- Symlinking: /home/rahul/Mir_robot/install/mir_robot/share/mir_robot/environment/ament_prefix_path.sh
[0.883s] -- Symlinking: /home/rahul/Mir_robot/install/mir_robot/share/mir_robot/environment/ament_prefix_path.dsv
[0.895s] -- Symlinking: /home/rahul/Mir_robot/install/mir_robot/share/mir_robot/environment/path.sh
[0.906s] -- Symlinking: /home/rahul/Mir_robot/install/mir_robot/share/mir_robot/environment/path.dsv
[0.917s] -- Symlinking: /home/rahul/Mir_robot/install/mir_robot/share/mir_robot/local_setup.bash
[0.929s] -- Symlinking: /home/rahul/Mir_robot/install/mir_robot/share/mir_robot/local_setup.sh
[0.940s] -- Symlinking: /home/rahul/Mir_robot/install/mir_robot/share/mir_robot/local_setup.zsh
[0.951s] -- Symlinking: /home/rahul/Mir_robot/install/mir_robot/share/mir_robot/local_setup.dsv
[0.963s] -- Symlinking: /home/rahul/Mir_robot/install/mir_robot/share/mir_robot/package.dsv
[0.974s] -- Symlinking: /home/rahul/Mir_robot/install/mir_robot/share/ament_index/resource_index/packages/mir_robot
[0.986s] -- Symlinking: /home/rahul/Mir_robot/install/mir_robot/share/mir_robot/cmake/mir_robotConfig.cmake
[0.998s] -- Symlinking: /home/rahul/Mir_robot/install/mir_robot/share/mir_robot/cmake/mir_robotConfig-version.cmake
[1.009s] -- Symlinking: /home/rahul/Mir_robot/install/mir_robot/share/mir_robot/package.xml
[1.023s] Invoked command in '/home/rahul/Mir_robot/build/mir_robot' returned '0': AMENT_PREFIX_PATH=/home/rahul/Mir_robot/install/mir_gazebo:/home/rahul/Mir_robot/install/mir_description:/home/rahul/Mir_robot/install/ira_laser_tools:${AMENT_PREFIX_PATH} CMAKE_PREFIX_PATH=/home/rahul/Mir_robot/install/mir_gazebo:/home/rahul/Mir_robot/install/mir_description:/home/rahul/Mir_robot/install/ira_laser_tools:/opt/ros/humble /usr/bin/cmake --install /home/rahul/Mir_robot/build/mir_robot
