running develop
running egg_info
creating twist_stamper.egg-info
writing twist_stamper.egg-info/PKG-INFO
writing dependency_links to twist_stamper.egg-info/dependency_links.txt
writing entry points to twist_stamper.egg-info/entry_points.txt
writing requirements to twist_stamper.egg-info/requires.txt
writing top-level names to twist_stamper.egg-info/top_level.txt
writing manifest file 'twist_stamper.egg-info/SOURCES.txt'
reading manifest file 'twist_stamper.egg-info/SOURCES.txt'
writing manifest file 'twist_stamper.egg-info/SOURCES.txt'
running build_ext
Creating /home/rahul/Mir_robot/install/twist_stamper/lib/python3.10/site-packages/twist-stamper.egg-link (link to .)
Installing twist_stamper script to /home/rahul/Mir_robot/install/twist_stamper/lib/twist_stamper
Installing twist_unstamper script to /home/rahul/Mir_robot/install/twist_stamper/lib/twist_stamper

Installed /home/rahul/Mir_robot/build/twist_stamper
running symlink_data
creating /home/rahul/Mir_robot/install/twist_stamper/share/ament_index
creating /home/rahul/Mir_robot/install/twist_stamper/share/ament_index/resource_index
creating /home/rahul/Mir_robot/install/twist_stamper/share/ament_index/resource_index/packages
symbolically linking /home/rahul/Mir_robot/build/twist_stamper/resource/twist_stamper -> /home/rahul/Mir_robot/install/twist_stamper/share/ament_index/resource_index/packages
symbolically linking /home/rahul/Mir_robot/build/twist_stamper/package.xml -> /home/rahul/Mir_robot/install/twist_stamper/share/twist_stamper
