[0.020s] Invoking command in '/home/rahul/Mir_robot/build/realsense2_description': CMAKE_PREFIX_PATH=/opt/ros/humble /usr/bin/cmake /home/rahul/Mir_robot/src/mir_robot/realsense2_description -DAMENT_CMAKE_SYMLINK_INSTALL=1 -DCMAKE_INSTALL_PREFIX=/home/rahul/Mir_robot/install/realsense2_description
[0.135s] -- The C compiler identification is GNU 11.4.0
[0.248s] -- The CXX compiler identification is GNU 11.4.0
[0.266s] -- Detecting C compiler ABI info
[0.410s] -- Detecting C compiler ABI info - done
[0.426s] -- Check for working C compiler: /usr/bin/cc - skipped
[0.427s] -- Detecting C compile features
[0.428s] -- Detecting C compile features - done
[0.434s] -- Detecting CXX compiler ABI info
[0.590s] -- Detecting CXX compiler ABI info - done
[0.606s] -- Check for working CXX compiler: /usr/bin/c++ - skipped
[0.606s] -- Detecting CXX compile features
[0.608s] -- Detecting CXX compile features - done
[0.613s] -- Found ament_cmake: 1.3.14 (/opt/ros/humble/share/ament_cmake/cmake)
[0.920s] -- Found Python3: /usr/bin/python3 (found version "3.10.12") found components: Interpreter 
[1.051s] -- Override CMake install command with custom implementation using symlinks instead of copying resources
[1.239s] -- Configuring done
[1.245s] -- Generating done
[1.249s] -- Build files have been written to: /home/rahul/Mir_robot/build/realsense2_description
[1.257s] Invoked command in '/home/rahul/Mir_robot/build/realsense2_description' returned '0': CMAKE_PREFIX_PATH=/opt/ros/humble /usr/bin/cmake /home/rahul/Mir_robot/src/mir_robot/realsense2_description -DAMENT_CMAKE_SYMLINK_INSTALL=1 -DCMAKE_INSTALL_PREFIX=/home/rahul/Mir_robot/install/realsense2_description
[1.263s] Invoking command in '/home/rahul/Mir_robot/build/realsense2_description': CMAKE_PREFIX_PATH=/opt/ros/humble /usr/bin/cmake --build /home/rahul/Mir_robot/build/realsense2_description -- -j4 -l4
[1.342s] Invoked command in '/home/rahul/Mir_robot/build/realsense2_description' returned '0': CMAKE_PREFIX_PATH=/opt/ros/humble /usr/bin/cmake --build /home/rahul/Mir_robot/build/realsense2_description -- -j4 -l4
[1.343s] Invoking command in '/home/rahul/Mir_robot/build/realsense2_description': CMAKE_PREFIX_PATH=/opt/ros/humble /usr/bin/cmake --install /home/rahul/Mir_robot/build/realsense2_description
[1.356s] -- Install configuration: ""
[1.356s] -- Execute custom install script
[1.357s] -- Symlinking: /home/rahul/Mir_robot/install/realsense2_description/share/realsense2_description/launch/launch_utils.py
[1.374s] -- Symlinking: /home/rahul/Mir_robot/install/realsense2_description/share/realsense2_description/launch/view_model.launch.py
[1.390s] -- Symlinking: /home/rahul/Mir_robot/install/realsense2_description/share/realsense2_description/meshes/d405.stl
[1.406s] -- Symlinking: /home/rahul/Mir_robot/install/realsense2_description/share/realsense2_description/meshes/d415.stl
[1.424s] -- Symlinking: /home/rahul/Mir_robot/install/realsense2_description/share/realsense2_description/meshes/d435.dae
[1.440s] -- Symlinking: /home/rahul/Mir_robot/install/realsense2_description/share/realsense2_description/meshes/d455.stl
[1.457s] -- Symlinking: /home/rahul/Mir_robot/install/realsense2_description/share/realsense2_description/meshes/l515.dae
[1.474s] -- Symlinking: /home/rahul/Mir_robot/install/realsense2_description/share/realsense2_description/meshes/plug.stl
[1.488s] -- Symlinking: /home/rahul/Mir_robot/install/realsense2_description/share/realsense2_description/meshes/plug_collision.stl
[1.504s] -- Symlinking: /home/rahul/Mir_robot/install/realsense2_description/share/realsense2_description/rviz/urdf.rviz
[1.522s] -- Symlinking: /home/rahul/Mir_robot/install/realsense2_description/share/realsense2_description/urdf/_d405.urdf.xacro
[1.542s] -- Symlinking: /home/rahul/Mir_robot/install/realsense2_description/share/realsense2_description/urdf/_d415.urdf.xacro
[1.556s] -- Symlinking: /home/rahul/Mir_robot/install/realsense2_description/share/realsense2_description/urdf/_d435.urdf.xacro
[1.572s] -- Symlinking: /home/rahul/Mir_robot/install/realsense2_description/share/realsense2_description/urdf/_d435i.urdf.xacro
[1.588s] -- Symlinking: /home/rahul/Mir_robot/install/realsense2_description/share/realsense2_description/urdf/_d435i_gazebo.xacro
[1.605s] -- Symlinking: /home/rahul/Mir_robot/install/realsense2_description/share/realsense2_description/urdf/_d435i_imu_modules.urdf.xacro
[1.625s] -- Symlinking: /home/rahul/Mir_robot/install/realsense2_description/share/realsense2_description/urdf/_d455.urdf.xacro
[1.642s] -- Symlinking: /home/rahul/Mir_robot/install/realsense2_description/share/realsense2_description/urdf/_materials.urdf.xacro
[1.658s] -- Symlinking: /home/rahul/Mir_robot/install/realsense2_description/share/realsense2_description/urdf/_r410.urdf.xacro
[1.675s] -- Symlinking: /home/rahul/Mir_robot/install/realsense2_description/share/realsense2_description/urdf/_r430.urdf.xacro
[1.691s] -- Symlinking: /home/rahul/Mir_robot/install/realsense2_description/share/realsense2_description/urdf/_usb_plug.urdf.xacro
[1.708s] -- Symlinking: /home/rahul/Mir_robot/install/realsense2_description/share/realsense2_description/urdf/test_d405_camera.urdf.xacro
[1.729s] -- Symlinking: /home/rahul/Mir_robot/install/realsense2_description/share/realsense2_description/urdf/test_d415_camera.urdf.xacro
[1.745s] -- Symlinking: /home/rahul/Mir_robot/install/realsense2_description/share/realsense2_description/urdf/test_d435_camera.urdf.xacro
[1.762s] -- Symlinking: /home/rahul/Mir_robot/install/realsense2_description/share/realsense2_description/urdf/test_d435_multiple_cameras.urdf.xacro
[1.780s] -- Symlinking: /home/rahul/Mir_robot/install/realsense2_description/share/realsense2_description/urdf/test_d435i_camera.urdf.xacro
[1.797s] -- Symlinking: /home/rahul/Mir_robot/install/realsense2_description/share/realsense2_description/urdf/test_d455_camera.urdf.xacro
[1.812s] -- Symlinking: /home/rahul/Mir_robot/install/realsense2_description/share/realsense2_description/urdf/test_r410_camera.urdf.xacro
[1.828s] -- Symlinking: /home/rahul/Mir_robot/install/realsense2_description/share/realsense2_description/urdf/test_r430_camera.urdf.xacro
[1.845s] -- Symlinking: /home/rahul/Mir_robot/install/realsense2_description/share/ament_index/resource_index/package_run_dependencies/realsense2_description
[1.863s] -- Symlinking: /home/rahul/Mir_robot/install/realsense2_description/share/ament_index/resource_index/parent_prefix_path/realsense2_description
[1.879s] -- Symlinking: /home/rahul/Mir_robot/install/realsense2_description/share/realsense2_description/environment/ament_prefix_path.sh
[1.896s] -- Symlinking: /home/rahul/Mir_robot/install/realsense2_description/share/realsense2_description/environment/ament_prefix_path.dsv
[1.913s] -- Symlinking: /home/rahul/Mir_robot/install/realsense2_description/share/realsense2_description/environment/path.sh
[1.931s] -- Symlinking: /home/rahul/Mir_robot/install/realsense2_description/share/realsense2_description/environment/path.dsv
[1.947s] -- Symlinking: /home/rahul/Mir_robot/install/realsense2_description/share/realsense2_description/local_setup.bash
[1.965s] -- Symlinking: /home/rahul/Mir_robot/install/realsense2_description/share/realsense2_description/local_setup.sh
[1.982s] -- Symlinking: /home/rahul/Mir_robot/install/realsense2_description/share/realsense2_description/local_setup.zsh
[2.002s] -- Symlinking: /home/rahul/Mir_robot/install/realsense2_description/share/realsense2_description/local_setup.dsv
[2.022s] -- Symlinking: /home/rahul/Mir_robot/install/realsense2_description/share/realsense2_description/package.dsv
[2.041s] -- Symlinking: /home/rahul/Mir_robot/install/realsense2_description/share/ament_index/resource_index/packages/realsense2_description
[2.057s] -- Symlinking: /home/rahul/Mir_robot/install/realsense2_description/share/realsense2_description/cmake/realsense2_descriptionConfig.cmake
[2.076s] -- Symlinking: /home/rahul/Mir_robot/install/realsense2_description/share/realsense2_description/cmake/realsense2_descriptionConfig-version.cmake
[2.091s] -- Symlinking: /home/rahul/Mir_robot/install/realsense2_description/share/realsense2_description/package.xml
[2.112s] Invoked command in '/home/rahul/Mir_robot/build/realsense2_description' returned '0': CMAKE_PREFIX_PATH=/opt/ros/humble /usr/bin/cmake --install /home/rahul/Mir_robot/build/realsense2_description
