-- The C compiler identification is GNU 11.4.0
-- The CXX compiler identification is GNU 11.4.0
-- Detecting C compiler ABI info
-- Detecting C compiler ABI info - done
-- Check for working C compiler: /usr/bin/cc - skipped
-- Detecting C compile features
-- Detecting C compile features - done
-- Detecting CXX compiler ABI info
-- Detecting CXX compiler ABI info - done
-- Check for working CXX compiler: /usr/bin/c++ - skipped
-- Detecting CXX compile features
-- Detecting CXX compile features - done
-- Found ament_cmake: 1.3.14 (/opt/ros/humble/share/ament_cmake/cmake)
-- Found Python3: /usr/bin/python3 (found version "3.10.12") found components: Interpreter 
-- Override CMake install command with custom implementation using symlinks instead of copying resources
-- Found moveit_ros_planning_interface: 2.5.9 (/opt/ros/humble/share/moveit_ros_planning_interface/cmake)
-- Found Boost: /usr/lib/x86_64-linux-gnu/cmake/Boost-1.74.0/BoostConfig.cmake (found version "1.74.0") found components: date_time filesystem program_options system thread 
-- Found rosidl_generator_c: 3.1.9 (/opt/ros/humble/share/rosidl_generator_c/cmake)
-- Found rosidl_adapter: 3.1.9 (/opt/ros/humble/share/rosidl_adapter/cmake)
-- Found rosidl_generator_cpp: 3.1.9 (/opt/ros/humble/share/rosidl_generator_cpp/cmake)
-- Using all available rosidl_typesupport_c: rosidl_typesupport_fastrtps_c;rosidl_typesupport_introspection_c
-- Using all available rosidl_typesupport_cpp: rosidl_typesupport_fastrtps_cpp;rosidl_typesupport_introspection_cpp
-- Found Boost: /usr/lib/x86_64-linux-gnu/cmake/Boost-1.74.0/BoostConfig.cmake (found version "1.74.0") found components: chrono date_time filesystem iostreams program_options regex serialization system thread 
-- Found parameter_traits: 0.7.4 (/opt/ros/humble/share/parameter_traits/cmake)
-- Found rmw_implementation_cmake: 6.1.2 (/opt/ros/humble/share/rmw_implementation_cmake/cmake)
-- Found rmw_fastrtps_cpp: 6.2.10 (/opt/ros/humble/share/rmw_fastrtps_cpp/cmake)
-- Found OpenSSL: /usr/lib/x86_64-linux-gnu/libcrypto.so (found version "3.0.2")  
-- Found FastRTPS: /opt/ros/humble/include  
-- Using RMW implementation 'rmw_fastrtps_cpp' as default
-- Found Threads: TRUE  
-- Found rclcpp_lifecycle: 16.0.19 (/opt/ros/humble/share/rclcpp_lifecycle/cmake)
-- library: /usr/lib/x86_64-linux-gnu/libcurl.so
-- Found Eigen3: TRUE (found version "3.4.0") 
-- Ensuring Eigen3 include directory is part of orocos-kdl CMake target
-- Found Boost: /usr/lib/x86_64-linux-gnu/cmake/Boost-1.74.0/BoostConfig.cmake (found version "1.74.0") found components: system filesystem date_time program_options thread chrono 
-- Found Boost: /usr/lib/x86_64-linux-gnu/cmake/Boost-1.74.0/BoostConfig.cmake (found version "1.74.0") found components: thread system filesystem regex date_time program_options 
-- Found Boost: /usr/lib/x86_64-linux-gnu/cmake/Boost-1.74.0/BoostConfig.cmake (found version "1.74.0") found components: system filesystem date_time program_options thread 
-- Found ament_lint_auto: 0.12.15 (/opt/ros/humble/share/ament_lint_auto/cmake)
-- Added test 'cppcheck' to perform static code analysis on C / C++ code
-- Configured cppcheck include dirs: $<BUILD_INTERFACE:/home/rahul/Mir_robot/src/mir_robot/simple_moveit2_universal_robots_movement/include>
-- Configured cppcheck exclude dirs and/or files: 
-- Added test 'flake8' to check Python code syntax and style conventions
-- Added test 'lint_cmake' to check CMake code style
-- Added test 'pep257' to check Python code against some of the docstring style conventions in PEP 257
-- Added test 'uncrustify' to check C / C++ code style
-- Configured uncrustify additional arguments: 
-- Added test 'xmllint' to check XML markup files
-- Configuring done
-- Generating done
-- Build files have been written to: /home/rahul/Mir_robot/build/hello_moveit_ur
[ 50%] [32mBuilding CXX object CMakeFiles/hello_moveit_ur.dir/src/hello_moveit_ur.cpp.o[0m
[100%] [32m[1mLinking CXX executable hello_moveit_ur[0m
[100%] Built target hello_moveit_ur
-- Install configuration: ""
-- Execute custom install script
-- Symlinking: /home/rahul/Mir_robot/install/hello_moveit_ur/lib/hello_moveit_ur/hello_moveit_ur
-- Symlinking: /home/rahul/Mir_robot/install/hello_moveit_ur/share/hello_moveit_ur//launch/hello_moveit_ur_launch.py
-- Symlinking: /home/rahul/Mir_robot/install/hello_moveit_ur/share/ament_index/resource_index/package_run_dependencies/hello_moveit_ur
-- Symlinking: /home/rahul/Mir_robot/install/hello_moveit_ur/share/ament_index/resource_index/parent_prefix_path/hello_moveit_ur
-- Symlinking: /home/rahul/Mir_robot/install/hello_moveit_ur/share/hello_moveit_ur/environment/ament_prefix_path.sh
-- Symlinking: /home/rahul/Mir_robot/install/hello_moveit_ur/share/hello_moveit_ur/environment/ament_prefix_path.dsv
-- Symlinking: /home/rahul/Mir_robot/install/hello_moveit_ur/share/hello_moveit_ur/environment/path.sh
-- Symlinking: /home/rahul/Mir_robot/install/hello_moveit_ur/share/hello_moveit_ur/environment/path.dsv
-- Symlinking: /home/rahul/Mir_robot/install/hello_moveit_ur/share/hello_moveit_ur/local_setup.bash
-- Symlinking: /home/rahul/Mir_robot/install/hello_moveit_ur/share/hello_moveit_ur/local_setup.sh
-- Symlinking: /home/rahul/Mir_robot/install/hello_moveit_ur/share/hello_moveit_ur/local_setup.zsh
-- Symlinking: /home/rahul/Mir_robot/install/hello_moveit_ur/share/hello_moveit_ur/local_setup.dsv
-- Symlinking: /home/rahul/Mir_robot/install/hello_moveit_ur/share/hello_moveit_ur/package.dsv
-- Symlinking: /home/rahul/Mir_robot/install/hello_moveit_ur/share/ament_index/resource_index/packages/hello_moveit_ur
-- Symlinking: /home/rahul/Mir_robot/install/hello_moveit_ur/share/hello_moveit_ur/cmake/hello_moveit_urConfig.cmake
-- Symlinking: /home/rahul/Mir_robot/install/hello_moveit_ur/share/hello_moveit_ur/cmake/hello_moveit_urConfig-version.cmake
-- Symlinking: /home/rahul/Mir_robot/install/hello_moveit_ur/share/hello_moveit_ur/package.xml
