[0.009s] Invoking command in '/home/rahul/Mir_robot/build/hello_moveit_ur': CMAKE_PREFIX_PATH=/opt/ros/humble /usr/bin/cmake /home/rahul/Mir_robot/src/mir_robot/simple_moveit2_universal_robots_movement -DAMENT_CMAKE_SYMLINK_INSTALL=1 -DCMAKE_INSTALL_PREFIX=/home/rahul/Mir_robot/install/hello_moveit_ur
[0.215s] -- The C compiler identification is GNU 11.4.0
[0.503s] -- The CXX compiler identification is GNU 11.4.0
[0.538s] -- Detecting C compiler ABI info
[0.812s] -- Detecting C compiler ABI info - done
[0.832s] -- Check for working C compiler: /usr/bin/cc - skipped
[0.833s] -- Detecting C compile features
[0.834s] -- Detecting C compile features - done
[0.841s] -- Detecting CXX compiler ABI info
[1.146s] -- Detecting CXX compiler ABI info - done
[1.192s] -- Check for working CXX compiler: /usr/bin/c++ - skipped
[1.193s] -- Detecting CXX compile features
[1.202s] -- Detecting CXX compile features - done
[1.210s] -- Found ament_cmake: 1.3.14 (/opt/ros/humble/share/ament_cmake/cmake)
[1.839s] -- Found Python3: /usr/bin/python3 (found version "3.10.12") found components: Interpreter 
[2.052s] -- Override CMake install command with custom implementation using symlinks instead of copying resources
[2.120s] -- Found moveit_ros_planning_interface: 2.5.9 (/opt/ros/humble/share/moveit_ros_planning_interface/cmake)
[2.899s] -- Found Boost: /usr/lib/x86_64-linux-gnu/cmake/Boost-1.74.0/BoostConfig.cmake (found version "1.74.0") found components: date_time filesystem program_options system thread 
[3.201s] -- Found rosidl_generator_c: 3.1.9 (/opt/ros/humble/share/rosidl_generator_c/cmake)
[3.257s] -- Found rosidl_adapter: 3.1.9 (/opt/ros/humble/share/rosidl_adapter/cmake)
[3.343s] -- Found rosidl_generator_cpp: 3.1.9 (/opt/ros/humble/share/rosidl_generator_cpp/cmake)
[3.459s] -- Using all available rosidl_typesupport_c: rosidl_typesupport_fastrtps_c;rosidl_typesupport_introspection_c
[3.558s] -- Using all available rosidl_typesupport_cpp: rosidl_typesupport_fastrtps_cpp;rosidl_typesupport_introspection_cpp
[5.018s] -- Found Boost: /usr/lib/x86_64-linux-gnu/cmake/Boost-1.74.0/BoostConfig.cmake (found version "1.74.0") found components: chrono date_time filesystem iostreams program_options regex serialization system thread 
[5.439s] -- Found parameter_traits: 0.7.4 (/opt/ros/humble/share/parameter_traits/cmake)
[5.734s] -- Found rmw_implementation_cmake: 6.1.2 (/opt/ros/humble/share/rmw_implementation_cmake/cmake)
[5.748s] -- Found rmw_fastrtps_cpp: 6.2.10 (/opt/ros/humble/share/rmw_fastrtps_cpp/cmake)
[6.187s] -- Found OpenSSL: /usr/lib/x86_64-linux-gnu/libcrypto.so (found version "3.0.2")  
[6.358s] -- Found FastRTPS: /opt/ros/humble/include  
[6.679s] -- Using RMW implementation 'rmw_fastrtps_cpp' as default
[6.752s] -- Found Threads: TRUE  
[7.124s] -- Found rclcpp_lifecycle: 16.0.19 (/opt/ros/humble/share/rclcpp_lifecycle/cmake)
[7.659s] -- library: /usr/lib/x86_64-linux-gnu/libcurl.so
[7.827s] -- Found Eigen3: TRUE (found version "3.4.0") 
[7.828s] -- Ensuring Eigen3 include directory is part of orocos-kdl CMake target
[8.409s] -- Found Boost: /usr/lib/x86_64-linux-gnu/cmake/Boost-1.74.0/BoostConfig.cmake (found version "1.74.0") found components: system filesystem date_time program_options thread chrono 
[8.486s] -- Found Boost: /usr/lib/x86_64-linux-gnu/cmake/Boost-1.74.0/BoostConfig.cmake (found version "1.74.0") found components: thread system filesystem regex date_time program_options 
[8.547s] -- Found Boost: /usr/lib/x86_64-linux-gnu/cmake/Boost-1.74.0/BoostConfig.cmake (found version "1.74.0") found components: system filesystem date_time program_options thread 
[8.632s] -- Found ament_lint_auto: 0.12.15 (/opt/ros/humble/share/ament_lint_auto/cmake)
[8.799s] -- Added test 'cppcheck' to perform static code analysis on C / C++ code
[8.800s] -- Configured cppcheck include dirs: $<BUILD_INTERFACE:/home/rahul/Mir_robot/src/mir_robot/simple_moveit2_universal_robots_movement/include>
[8.800s] -- Configured cppcheck exclude dirs and/or files: 
[8.802s] -- Added test 'flake8' to check Python code syntax and style conventions
[8.803s] -- Added test 'lint_cmake' to check CMake code style
[8.805s] -- Added test 'pep257' to check Python code against some of the docstring style conventions in PEP 257
[8.806s] -- Added test 'uncrustify' to check C / C++ code style
[8.806s] -- Configured uncrustify additional arguments: 
[8.808s] -- Added test 'xmllint' to check XML markup files
[8.811s] -- Configuring done
[8.874s] -- Generating done
[8.889s] -- Build files have been written to: /home/rahul/Mir_robot/build/hello_moveit_ur
[8.916s] Invoked command in '/home/rahul/Mir_robot/build/hello_moveit_ur' returned '0': CMAKE_PREFIX_PATH=/opt/ros/humble /usr/bin/cmake /home/rahul/Mir_robot/src/mir_robot/simple_moveit2_universal_robots_movement -DAMENT_CMAKE_SYMLINK_INSTALL=1 -DCMAKE_INSTALL_PREFIX=/home/rahul/Mir_robot/install/hello_moveit_ur
[8.921s] Invoking command in '/home/rahul/Mir_robot/build/hello_moveit_ur': CMAKE_PREFIX_PATH=/opt/ros/humble /usr/bin/cmake --build /home/rahul/Mir_robot/build/hello_moveit_ur -- -j4 -l4
[9.022s] [ 50%] [32mBuilding CXX object CMakeFiles/hello_moveit_ur.dir/src/hello_moveit_ur.cpp.o[0m
[39.480s] [100%] [32m[1mLinking CXX executable hello_moveit_ur[0m
[41.114s] [100%] Built target hello_moveit_ur
[41.136s] Invoked command in '/home/rahul/Mir_robot/build/hello_moveit_ur' returned '0': CMAKE_PREFIX_PATH=/opt/ros/humble /usr/bin/cmake --build /home/rahul/Mir_robot/build/hello_moveit_ur -- -j4 -l4
[41.138s] Invoking command in '/home/rahul/Mir_robot/build/hello_moveit_ur': CMAKE_PREFIX_PATH=/opt/ros/humble /usr/bin/cmake --install /home/rahul/Mir_robot/build/hello_moveit_ur
[41.156s] -- Install configuration: ""
[41.157s] -- Execute custom install script
[41.158s] -- Symlinking: /home/rahul/Mir_robot/install/hello_moveit_ur/lib/hello_moveit_ur/hello_moveit_ur
[41.174s] -- Symlinking: /home/rahul/Mir_robot/install/hello_moveit_ur/share/hello_moveit_ur//launch/hello_moveit_ur_launch.py
[41.191s] -- Symlinking: /home/rahul/Mir_robot/install/hello_moveit_ur/share/ament_index/resource_index/package_run_dependencies/hello_moveit_ur
[41.210s] -- Symlinking: /home/rahul/Mir_robot/install/hello_moveit_ur/share/ament_index/resource_index/parent_prefix_path/hello_moveit_ur
[41.224s] -- Symlinking: /home/rahul/Mir_robot/install/hello_moveit_ur/share/hello_moveit_ur/environment/ament_prefix_path.sh
[41.241s] -- Symlinking: /home/rahul/Mir_robot/install/hello_moveit_ur/share/hello_moveit_ur/environment/ament_prefix_path.dsv
[41.259s] -- Symlinking: /home/rahul/Mir_robot/install/hello_moveit_ur/share/hello_moveit_ur/environment/path.sh
[41.277s] -- Symlinking: /home/rahul/Mir_robot/install/hello_moveit_ur/share/hello_moveit_ur/environment/path.dsv
[41.297s] -- Symlinking: /home/rahul/Mir_robot/install/hello_moveit_ur/share/hello_moveit_ur/local_setup.bash
[41.313s] -- Symlinking: /home/rahul/Mir_robot/install/hello_moveit_ur/share/hello_moveit_ur/local_setup.sh
[41.331s] -- Symlinking: /home/rahul/Mir_robot/install/hello_moveit_ur/share/hello_moveit_ur/local_setup.zsh
[41.348s] -- Symlinking: /home/rahul/Mir_robot/install/hello_moveit_ur/share/hello_moveit_ur/local_setup.dsv
[41.368s] -- Symlinking: /home/rahul/Mir_robot/install/hello_moveit_ur/share/hello_moveit_ur/package.dsv
[41.388s] -- Symlinking: /home/rahul/Mir_robot/install/hello_moveit_ur/share/ament_index/resource_index/packages/hello_moveit_ur
[41.408s] -- Symlinking: /home/rahul/Mir_robot/install/hello_moveit_ur/share/hello_moveit_ur/cmake/hello_moveit_urConfig.cmake
[41.428s] -- Symlinking: /home/rahul/Mir_robot/install/hello_moveit_ur/share/hello_moveit_ur/cmake/hello_moveit_urConfig-version.cmake
[41.446s] -- Symlinking: /home/rahul/Mir_robot/install/hello_moveit_ur/share/hello_moveit_ur/package.xml
[41.468s] Invoked command in '/home/rahul/Mir_robot/build/hello_moveit_ur' returned '0': CMAKE_PREFIX_PATH=/opt/ros/humble /usr/bin/cmake --install /home/rahul/Mir_robot/build/hello_moveit_ur
